Archive member included to satisfy reference by file (symbol)

c:/program files (x86)/atollic/truestudio for stm32 9.0.1/armtools/bin/../lib/gcc/arm-atollic-eabi/6.3.1/../../../../arm-atollic-eabi/lib/armv7e-m/fpu\libc.a(lib_a-errno.o)
                              Src\syscalls.o (__errno)
c:/program files (x86)/atollic/truestudio for stm32 9.0.1/armtools/bin/../lib/gcc/arm-atollic-eabi/6.3.1/../../../../arm-atollic-eabi/lib/armv7e-m/fpu\libc.a(lib_a-impure.o)
                              Src\main.o (_impure_ptr)
c:/program files (x86)/atollic/truestudio for stm32 9.0.1/armtools/bin/../lib/gcc/arm-atollic-eabi/6.3.1/../../../../arm-atollic-eabi/lib/armv7e-m/fpu\libc.a(lib_a-init.o)
                              startup\startup_stm32f446xx.o (__libc_init_array)
c:/program files (x86)/atollic/truestudio for stm32 9.0.1/armtools/bin/../lib/gcc/arm-atollic-eabi/6.3.1/../../../../arm-atollic-eabi/lib/armv7e-m/fpu\libc.a(lib_a-memset.o)
                              Src\main.o (memset)
c:/program files (x86)/atollic/truestudio for stm32 9.0.1/armtools/bin/../lib/gcc/arm-atollic-eabi/6.3.1/../../../../arm-atollic-eabi/lib/armv7e-m/fpu\libc.a(lib_a-printf.o)
                              Inc\Libraries\CAN\CAN.o (printf)
c:/program files (x86)/atollic/truestudio for stm32 9.0.1/armtools/bin/../lib/gcc/arm-atollic-eabi/6.3.1/../../../../arm-atollic-eabi/lib/armv7e-m/fpu\libc.a(lib_a-puts.o)
                              Src\dma_ring.o (puts)
c:/program files (x86)/atollic/truestudio for stm32 9.0.1/armtools/bin/../lib/gcc/arm-atollic-eabi/6.3.1/../../../../arm-atollic-eabi/lib/armv7e-m/fpu\libc.a(lib_a-setbuf.o)
                              Src\main.o (setbuf)
c:/program files (x86)/atollic/truestudio for stm32 9.0.1/armtools/bin/../lib/gcc/arm-atollic-eabi/6.3.1/../../../../arm-atollic-eabi/lib/armv7e-m/fpu\libc.a(lib_a-setvbuf.o)
                              c:/program files (x86)/atollic/truestudio for stm32 9.0.1/armtools/bin/../lib/gcc/arm-atollic-eabi/6.3.1/../../../../arm-atollic-eabi/lib/armv7e-m/fpu\libc.a(lib_a-setbuf.o) (setvbuf)
c:/program files (x86)/atollic/truestudio for stm32 9.0.1/armtools/bin/../lib/gcc/arm-atollic-eabi/6.3.1/../../../../arm-atollic-eabi/lib/armv7e-m/fpu\libc.a(lib_a-strlen.o)
                              c:/program files (x86)/atollic/truestudio for stm32 9.0.1/armtools/bin/../lib/gcc/arm-atollic-eabi/6.3.1/../../../../arm-atollic-eabi/lib/armv7e-m/fpu\libc.a(lib_a-puts.o) (strlen)
c:/program files (x86)/atollic/truestudio for stm32 9.0.1/armtools/bin/../lib/gcc/arm-atollic-eabi/6.3.1/../../../../arm-atollic-eabi/lib/armv7e-m/fpu\libc.a(lib_a-vfprintf.o)
                              c:/program files (x86)/atollic/truestudio for stm32 9.0.1/armtools/bin/../lib/gcc/arm-atollic-eabi/6.3.1/../../../../arm-atollic-eabi/lib/armv7e-m/fpu\libc.a(lib_a-printf.o) (_vfprintf_r)
c:/program files (x86)/atollic/truestudio for stm32 9.0.1/armtools/bin/../lib/gcc/arm-atollic-eabi/6.3.1/../../../../arm-atollic-eabi/lib/armv7e-m/fpu\libc.a(lib_a-wsetup.o)
                              c:/program files (x86)/atollic/truestudio for stm32 9.0.1/armtools/bin/../lib/gcc/arm-atollic-eabi/6.3.1/../../../../arm-atollic-eabi/lib/armv7e-m/fpu\libc.a(lib_a-vfprintf.o) (__swsetup_r)
c:/program files (x86)/atollic/truestudio for stm32 9.0.1/armtools/bin/../lib/gcc/arm-atollic-eabi/6.3.1/../../../../arm-atollic-eabi/lib/armv7e-m/fpu\libc.a(lib_a-dtoa.o)
                              c:/program files (x86)/atollic/truestudio for stm32 9.0.1/armtools/bin/../lib/gcc/arm-atollic-eabi/6.3.1/../../../../arm-atollic-eabi/lib/armv7e-m/fpu\libc.a(lib_a-vfprintf.o) (_dtoa_r)
c:/program files (x86)/atollic/truestudio for stm32 9.0.1/armtools/bin/../lib/gcc/arm-atollic-eabi/6.3.1/../../../../arm-atollic-eabi/lib/armv7e-m/fpu\libc.a(lib_a-fflush.o)
                              c:/program files (x86)/atollic/truestudio for stm32 9.0.1/armtools/bin/../lib/gcc/arm-atollic-eabi/6.3.1/../../../../arm-atollic-eabi/lib/armv7e-m/fpu\libc.a(lib_a-setvbuf.o) (_fflush_r)
c:/program files (x86)/atollic/truestudio for stm32 9.0.1/armtools/bin/../lib/gcc/arm-atollic-eabi/6.3.1/../../../../arm-atollic-eabi/lib/armv7e-m/fpu\libc.a(lib_a-findfp.o)
                              c:/program files (x86)/atollic/truestudio for stm32 9.0.1/armtools/bin/../lib/gcc/arm-atollic-eabi/6.3.1/../../../../arm-atollic-eabi/lib/armv7e-m/fpu\libc.a(lib_a-printf.o) (__sinit)
c:/program files (x86)/atollic/truestudio for stm32 9.0.1/armtools/bin/../lib/gcc/arm-atollic-eabi/6.3.1/../../../../arm-atollic-eabi/lib/armv7e-m/fpu\libc.a(lib_a-freer.o)
                              c:/program files (x86)/atollic/truestudio for stm32 9.0.1/armtools/bin/../lib/gcc/arm-atollic-eabi/6.3.1/../../../../arm-atollic-eabi/lib/armv7e-m/fpu\libc.a(lib_a-setvbuf.o) (_free_r)
c:/program files (x86)/atollic/truestudio for stm32 9.0.1/armtools/bin/../lib/gcc/arm-atollic-eabi/6.3.1/../../../../arm-atollic-eabi/lib/armv7e-m/fpu\libc.a(lib_a-fvwrite.o)
[...]
Memory Configuration

Name             Origin             Length             Attributes
RAM              0x20000000         0x00020000         xrw
FLASH            0x08000000         0x00080000         xr
*default*        0x00000000         0xffffffff

Linker script and memory map

LOAD c:/program files (x86)/atollic/truestudio for stm32 9.0.1/armtools/bin/../lib/gcc/arm-atollic-eabi/6.3.1/armv7e-m/fpu/crti.o
LOAD c:/program files (x86)/atollic/truestudio for stm32 9.0.1/armtools/bin/../lib/gcc/arm-atollic-eabi/6.3.1/armv7e-m/fpu/crtbegin.o
LOAD Drivers\STM32F4xx_HAL_Driver\Src\stm32f4xx_hal.o
LOAD Drivers\STM32F4xx_HAL_Driver\Src\stm32f4xx_hal_can.o
LOAD Drivers\STM32F4xx_HAL_Driver\Src\stm32f4xx_hal_cortex.o
LOAD Drivers\STM32F4xx_HAL_Driver\Src\stm32f4xx_hal_dma.o
LOAD Drivers\STM32F4xx_HAL_Driver\Src\stm32f4xx_hal_dma_ex.o
LOAD Drivers\STM32F4xx_HAL_Driver\Src\stm32f4xx_hal_exti.o
LOAD Drivers\STM32F4xx_HAL_Driver\Src\stm32f4xx_hal_flash.o
LOAD Drivers\STM32F4xx_HAL_Driver\Src\stm32f4xx_hal_flash_ex.o
LOAD Drivers\STM32F4xx_HAL_Driver\Src\stm32f4xx_hal_flash_ramfunc.o
LOAD Drivers\STM32F4xx_HAL_Driver\Src\stm32f4xx_hal_gpio.o
LOAD Drivers\STM32F4xx_HAL_Driver\Src\stm32f4xx_hal_i2c.o
LOAD Drivers\STM32F4xx_HAL_Driver\Src\stm32f4xx_hal_i2c_ex.o
LOAD Drivers\STM32F4xx_HAL_Driver\Src\stm32f4xx_hal_pwr.o
LOAD Drivers\STM32F4xx_HAL_Driver\Src\stm32f4xx_hal_pwr_ex.o
LOAD Drivers\STM32F4xx_HAL_Driver\Src\stm32f4xx_hal_rcc.o
LOAD Drivers\STM32F4xx_HAL_Driver\Src\stm32f4xx_hal_rcc_ex.o
LOAD Drivers\STM32F4xx_HAL_Driver\Src\stm32f4xx_hal_tim.o
LOAD Drivers\STM32F4xx_HAL_Driver\Src\stm32f4xx_hal_tim_ex.o
LOAD Drivers\STM32F4xx_HAL_Driver\Src\stm32f4xx_hal_uart.o
LOAD Inc\Libraries\Aircylinder\Aircylinder.o
LOAD Inc\Libraries\CAN\CAN.o
LOAD Inc\Libraries\InterruptIvent\interrupt.o
LOAD Inc\Libraries\KondoServo\ICS.o
LOAD Inc\Libraries\LCD\i2c_lcd.o
LOAD Inc\Libraries\Motor\Motor.o
LOAD Inc\Libraries\MotorSystem\MotorSytemClass.o
LOAD Inc\Libraries\PS3\PS3class.o
LOAD Inc\Libraries\Sensor\Sensor.o
LOAD Inc\Libraries\Servo\Servo.o
LOAD Inc\Libraries\Steppre\SteppingMotor.o
LOAD Inc\Libraries\Switch\SwitchModule.o
LOAD Inc\Libraries\encoder\RotaryEncoder.o
LOAD Inc\Libraries\localization\localization.o
LOAD Src\can.o
LOAD Src\dma.o
LOAD Src\dma_printf.o
LOAD Src\dma_ring.o
LOAD Src\dma_scanf.o
LOAD Src\gpio.o
LOAD Src\i2c.o
LOAD Src\main.o
LOAD Src\stm32f4xx_hal_msp.o
LOAD Src\stm32f4xx_it.o
LOAD Src\syscalls.o
LOAD Src\system_stm32f4xx.o
LOAD Src\tim.o
LOAD Src\usart.o
LOAD startup\startup_stm32f446xx.o
                0x00001000                malloc_getpagesize_P = 0x1000
START GROUP
LOAD c:/program files (x86)/atollic/truestudio for stm32 9.0.1/armtools/bin/../lib/gcc/arm-atollic-eabi/6.3.1/../../../../arm-atollic-eabi/lib/armv7e-m/fpu\libstdc++.a
LOAD c:/program files (x86)/atollic/truestudio for stm32 9.0.1/armtools/bin/../lib/gcc/arm-atollic-eabi/6.3.1/../../../../arm-atollic-eabi/lib/armv7e-m/fpu\libsupc++.a
END GROUP
LOAD c:/program files (x86)/atollic/truestudio for stm32 9.0.1/armtools/bin/../lib/gcc/arm-atollic-eabi/6.3.1/../../../../arm-atollic-eabi/lib/armv7e-m/fpu\libstdc++.a
LOAD c:/program files (x86)/atollic/truestudio for stm32 9.0.1/armtools/bin/../lib/gcc/arm-atollic-eabi/6.3.1/../../../../arm-atollic-eabi/lib/armv7e-m/fpu\libm.a
LOAD c:/program files (x86)/atollic/truestudio for stm32 9.0.1/armtools/bin/../lib/gcc/arm-atollic-eabi/6.3.1/../../../../arm-atollic-eabi/lib/armv7e-m/fpu\libc.a
START GROUP
LOAD c:/program files (x86)/atollic/truestudio for stm32 9.0.1/armtools/bin/../lib/gcc/arm-atollic-eabi/6.3.1/armv7e-m/fpu\libgcc.a
LOAD c:/program files (x86)/atollic/truestudio for stm32 9.0.1/armtools/bin/../lib/gcc/arm-atollic-eabi/6.3.1/../../../../arm-atollic-eabi/lib/armv7e-m/fpu\libc.a
END GROUP
START GROUP
LOAD c:/program files (x86)/atollic/truestudio for stm32 9.0.1/armtools/bin/../lib/gcc/arm-atollic-eabi/6.3.1/armv7e-m/fpu\libgcc.a
LOAD c:/program files (x86)/atollic/truestudio for stm32 9.0.1/armtools/bin/../lib/gcc/arm-atollic-eabi/6.3.1/../../../../arm-atollic-eabi/lib/armv7e-m/fpu\libc.a
LOAD c:/program files (x86)/atollic/truestudio for stm32 9.0.1/armtools/bin/../lib/gcc/arm-atollic-eabi/6.3.1/../../../../arm-atollic-eabi/lib/armv7e-m/fpu\libnosys.a
END GROUP
LOAD c:/program files (x86)/atollic/truestudio for stm32 9.0.1/armtools/bin/../lib/gcc/arm-atollic-eabi/6.3.1/armv7e-m/fpu/crtend.o
LOAD c:/program files (x86)/atollic/truestudio for stm32 9.0.1/armtools/bin/../lib/gcc/arm-atollic-eabi/6.3.1/armv7e-m/fpu/crtn.o
                0x20020000                _estack = 0x20020000
                0x00000200                _Min_Heap_Size = 0x200
                0x00000400                _Min_Stack_Size = 0x400

.isr_vector     0x08000000      0x1c4
                0x08000000                . = ALIGN (0x4)
 *(.isr_vector)
 .isr_vector    0x08000000      0x1c4 startup\startup_stm32f446xx.o
                0x08000000                g_pfnVectors
                0x080001c4                . = ALIGN (0x4)

.text           0x080001d0     0xa95c
                0x080001d0                . = ALIGN (0x4)
 *(.text)
 .text          0x080001d0       0x40 c:/program files (x86)/atollic/truestudio for stm32 9.0.1/armtools/bin/../lib/gcc/arm-atollic-eabi/6.3.1/armv7e-m/fpu/crtbegin.o
 .text          0x08000210       0x10 c:/program files (x86)/atollic/truestudio for stm32 9.0.1/armtools/bin/../lib/gcc/arm-atollic-eabi/6.3.1/../../../../arm-atollic-eabi/lib/armv7e-m/fpu\libc.a(lib_a-strlen.o)
                0x08000210                strlen
 .text          0x08000220       0xa0 c:/program files (x86)/atollic/truestudio for stm32 9.0.1/armtools/bin/../lib/gcc/arm-atollic-eabi/6.3.1/../../../../arm-atollic-eabi/lib/armv7e-m/fpu\libc.a(lib_a-memchr.o)
                0x08000220                memchr
 .text          0x080002c0      0x370 c:/program files (x86)/atollic/truestudio for stm32 9.0.1/armtools/bin/../lib/gcc/arm-atollic-eabi/6.3.1/armv7e-m/fpu\libgcc.a(_arm_addsubdf3.o)
                0x080002c0                __aeabi_drsub
                0x080002c8                __aeabi_dsub
                0x080002c8                __subdf3
                0x080002cc                __aeabi_dadd
                0x080002cc                __adddf3
                0x08000544                __floatunsidf
                0x08000544                __aeabi_ui2d
                0x08000564                __floatsidf
                0x08000564                __aeabi_i2d
                0x08000588                __aeabi_f2d
                0x08000588                __extendsfdf2
                0x080005c4                __floatundidf
                0x080005c4                __aeabi_ul2d
                0x080005d4                __floatdidf
                0x080005d4                __aeabi_l2d
 .text          0x08000630      0x424 c:/program files (x86)/atollic/truestudio for stm32 9.0.1/armtools/bin/../lib/gcc/arm-atollic-eabi/6.3.1/armv7e-m/fpu\libgcc.a(_arm_muldivdf3.o)
                0x08000630                __aeabi_dmul
                0x08000630                __muldf3
                0x08000884                __divdf3
                0x08000884                __aeabi_ddiv
 .text          0x08000a54      0x110 c:/program files (x86)/atollic/truestudio for stm32 9.0.1/armtools/bin/../lib/gcc/arm-atollic-eabi/6.3.1/armv7e-m/fpu\libgcc.a(_arm_cmpdf2.o)
                0x08000a54                __gtdf2
                0x08000a54                __gedf2
                0x08000a5c                __ltdf2
                0x08000a5c                __ledf2
                0x08000a64                __nedf2
                0x08000a64                __eqdf2
                0x08000a64                __cmpdf2
                0x08000ae0                __aeabi_cdrcmple
                0x08000af0                __aeabi_cdcmpeq
                0x08000af0                __aeabi_cdcmple
                0x08000b00                __aeabi_dcmpeq
                0x08000b14                __aeabi_dcmplt
                0x08000b28                __aeabi_dcmple
                0x08000b3c                __aeabi_dcmpge
                0x08000b50                __aeabi_dcmpgt
 .text          0x08000b64       0x2c c:/program files (x86)/atollic/truestudio for stm32 9.0.1/armtools/bin/../lib/gcc/arm-atollic-eabi/6.3.1/armv7e-m/fpu\libgcc.a(_arm_unorddf2.o)
                0x08000b64                __unorddf2
                0x08000b64                __aeabi_dcmpun
 .text          0x08000b90       0x50 c:/program files (x86)/atollic/truestudio for stm32 9.0.1/armtools/bin/../lib/gcc/arm-atollic-eabi/6.3.1/armv7e-m/fpu\libgcc.a(_arm_fixdfsi.o)
                0x08000b90                __aeabi_d2iz
                0x08000b90                __fixdfsi
 .text          0x08000be0       0x30 c:/program files (x86)/atollic/truestudio for stm32 9.0.1/armtools/bin/../lib/gcc/arm-atollic-eabi/6.3.1/armv7e-m/fpu\libgcc.a(_aeabi_uldivmod.o)
                0x08000be0                __aeabi_uldivmod
 .text          0x08000c10      0x2dc c:/program files (x86)/atollic/truestudio for stm32 9.0.1/armtools/bin/../lib/gcc/arm-atollic-eabi/6.3.1/armv7e-m/fpu\libgcc.a(_udivmoddi4.o)
                0x08000c10                __udivmoddi4
 .text          0x08000eec      0x9cc c:/program files (x86)/atollic/truestudio for stm32 9.0.1/armtools/bin/../lib/gcc/arm-atollic-eabi/6.3.1/armv7e-m/fpu\libgcc.a(unwind-arm.o)
                0x080011ac                _Unwind_GetCFA
                0x080011b0                __gnu_Unwind_RaiseException
                0x08001210                __gnu_Unwind_ForcedUnwind
                0x08001224                __gnu_Unwind_Resume
                0x08001268                __gnu_Unwind_Resume_or_Rethrow
                0x08001278                _Unwind_Complete
                0x0800127c                _Unwind_DeleteException
                0x08001288                _Unwind_VRS_Get
                0x080012d4                _Unwind_VRS_Set
                0x08001324                __gnu_Unwind_Backtrace
                0x08001664                __aeabi_unwind_cpp_pr0
                0x08001668                __aeabi_unwind_cpp_pr1
                0x0800166c                __aeabi_unwind_cpp_pr2
                0x08001670                _Unwind_VRS_Pop
 .text          0x080018b8      0x1ac c:/program files (x86)/atollic/truestudio for stm32 9.0.1/armtools/bin/../lib/gcc/arm-atollic-eabi/6.3.1/armv7e-m/fpu\libgcc.a(libunwind.o)
                0x080018b8                __restore_core_regs
                0x080018b8                restore_core_regs
                0x080018d0                __gnu_Unwind_Restore_VFP
                0x080018d8                __gnu_Unwind_Save_VFP
                0x080018e0                __gnu_Unwind_Restore_VFP_D
                0x080018e8                __gnu_Unwind_Save_VFP_D
                0x080018f0                __gnu_Unwind_Restore_VFP_D_16_to_31
                0x080018f8                __gnu_Unwind_Save_VFP_D_16_to_31
                0x08001900                __gnu_Unwind_Restore_WMMXD
                0x08001944                __gnu_Unwind_Save_WMMXD
                0x08001988                __gnu_Unwind_Restore_WMMXC
                0x0800199c                __gnu_Unwind_Save_WMMXC
                0x080019b0                ___Unwind_RaiseException
                0x080019b0                _Unwind_RaiseException
                0x080019d4                _Unwind_Resume
                0x080019d4                ___Unwind_Resume
                0x080019f8                _Unwind_Resume_or_Rethrow
                0x080019f8                ___Unwind_Resume_or_Rethrow
                0x08001a1c                _Unwind_ForcedUnwind
                0x08001a1c                ___Unwind_ForcedUnwind
                0x08001a40                ___Unwind_Backtrace
                0x08001a40                _Unwind_Backtrace
 .text          0x08001a64      0x380 c:/program files (x86)/atollic/truestudio for stm32 9.0.1/armtools/bin/../lib/gcc/arm-atollic-eabi/6.3.1/armv7e-m/fpu\libgcc.a(pr-support.o)
                0x08001abc                __gnu_unwind_execute
                0x08001d8c                __gnu_unwind_frame
                0x08001db4                _Unwind_GetRegionStart
                0x08001dc0                _Unwind_GetLanguageSpecificData
                0x08001dd4                _Unwind_GetTextRelBase
                0x08001ddc                _Unwind_GetDataRelBase
 .text          0x08001de4        0x4 c:/program files (x86)/atollic/truestudio for stm32 9.0.1/armtools/bin/../lib/gcc/arm-atollic-eabi/6.3.1/armv7e-m/fpu\libgcc.a(_dvmd_tls.o)
                0x08001de4                __aeabi_idiv0
                0x08001de4                __aeabi_ldiv0
 *(.text*)
 .text.HAL_InitTick
                0x08001de8       0x48 Drivers\STM32F4xx_HAL_Driver\Src\stm32f4xx_hal.o
                0x08001de8                HAL_InitTick
 .text.HAL_Init
                0x08001e30       0x34 Drivers\STM32F4xx_HAL_Driver\Src\stm32f4xx_hal.o
                0x08001e30                HAL_Init
 .text.HAL_IncTick
                0x08001e64       0x18 Drivers\STM32F4xx_HAL_Driver\Src\stm32f4xx_hal.o
                0x08001e64                HAL_IncTick
 .text.HAL_GetTick
                0x08001e7c        0xc Drivers\STM32F4xx_HAL_Driver\Src\stm32f4xx_hal.o
                0x08001e7c                HAL_GetTick
 .text.HAL_Delay
                0x08001e88       0x24 Drivers\STM32F4xx_HAL_Driver\Src\stm32f4xx_hal.o
                0x08001e88                HAL_Delay
 .text.HAL_CAN_GetRxMessage
                0x08001eac      0x104 Drivers\STM32F4xx_HAL_Driver\Src\stm32f4xx_hal_can.o
                0x08001eac                HAL_CAN_GetRxMessage
 .text.HAL_CAN_TxMailbox0CompleteCallback
                0x08001fb0        0x4 Drivers\STM32F4xx_HAL_Driver\Src\stm32f4xx_hal_can.o
                0x08001fb0                HAL_CAN_TxMailbox0CompleteCallback
 .text.HAL_CAN_TxMailbox1CompleteCallback
                0x08001fb4        0x4 Drivers\STM32F4xx_HAL_Driver\Src\stm32f4xx_hal_can.o
                0x08001fb4                HAL_CAN_TxMailbox1CompleteCallback
 .text.HAL_CAN_TxMailbox2CompleteCallback
                0x08001fb8        0x4 Drivers\STM32F4xx_HAL_Driver\Src\stm32f4xx_hal_can.o
                0x08001fb8                HAL_CAN_TxMailbox2CompleteCallback
 .text.HAL_CAN_TxMailbox0AbortCallback
                0x08001fbc        0x4 Drivers\STM32F4xx_HAL_Driver\Src\stm32f4xx_hal_can.o
                0x08001fbc                HAL_CAN_TxMailbox0AbortCallback
 .text.HAL_CAN_TxMailbox1AbortCallback
                0x08001fc0        0x4 Drivers\STM32F4xx_HAL_Driver\Src\stm32f4xx_hal_can.o
                0x08001fc0                HAL_CAN_TxMailbox1AbortCallback
 .text.HAL_CAN_TxMailbox2AbortCallback
                0x08001fc4        0x4 Drivers\STM32F4xx_HAL_Driver\Src\stm32f4xx_hal_can.o
                0x08001fc4                HAL_CAN_TxMailbox2AbortCallback
 .text.HAL_CAN_RxFifo1FullCallback
                0x08001fc8        0x4 Drivers\STM32F4xx_HAL_Driver\Src\stm32f4xx_hal_can.o
                0x08001fc8                HAL_CAN_RxFifo1FullCallback
 .text.HAL_CAN_SleepCallback
                0x08001fcc        0x4 Drivers\STM32F4xx_HAL_Driver\Src\stm32f4xx_hal_can.o
                0x08001fcc                HAL_CAN_SleepCallback
 .text.HAL_CAN_WakeUpFromRxMsgCallback
                0x08001fd0        0x4 Drivers\STM32F4xx_HAL_Driver\Src\stm32f4xx_hal_can.o
                0x08001fd0                HAL_CAN_WakeUpFromRxMsgCallback
 .text.HAL_CAN_ErrorCallback
                0x08001fd4        0x4 Drivers\STM32F4xx_HAL_Driver\Src\stm32f4xx_hal_can.o
                0x08001fd4                HAL_CAN_ErrorCallback
 .text.HAL_CAN_IRQHandler
                0x08001fd8      0x254 Drivers\STM32F4xx_HAL_Driver\Src\stm32f4xx_hal_can.o
                0x08001fd8                HAL_CAN_IRQHandler
 .text.HAL_NVIC_SetPriorityGrouping
                0x0800222c       0x24 Drivers\STM32F4xx_HAL_Driver\Src\stm32f4xx_hal_cortex.o
                0x0800222c                HAL_NVIC_SetPriorityGrouping
 .text.HAL_NVIC_SetPriority
                0x08002250       0x6c Drivers\STM32F4xx_HAL_Driver\Src\stm32f4xx_hal_cortex.o
                0x08002250                HAL_NVIC_SetPriority
 .text.HAL_NVIC_EnableIRQ
                0x080022bc       0x1c Drivers\STM32F4xx_HAL_Driver\Src\stm32f4xx_hal_cortex.o
                0x080022bc                HAL_NVIC_EnableIRQ
 .text.HAL_SYSTICK_Config
                0x080022d8       0x34 Drivers\STM32F4xx_HAL_Driver\Src\stm32f4xx_hal_cortex.o
                0x080022d8                HAL_SYSTICK_Config
 .text.HAL_DMA_Init
                0x0800230c      0x134 Drivers\STM32F4xx_HAL_Driver\Src\stm32f4xx_hal_dma.o
                0x0800230c                HAL_DMA_Init
 .text.HAL_DMA_Start_IT
                0x08002440       0x84 Drivers\STM32F4xx_HAL_Driver\Src\stm32f4xx_hal_dma.o
                0x08002440                HAL_DMA_Start_IT
 .text.HAL_DMA_Abort_IT
                0x080024c4       0x24 Drivers\STM32F4xx_HAL_Driver\Src\stm32f4xx_hal_dma.o
                0x080024c4                HAL_DMA_Abort_IT
 .text.HAL_DMA_IRQHandler
                0x080024e8      0x1a0 Drivers\STM32F4xx_HAL_Driver\Src\stm32f4xx_hal_dma.o
                0x080024e8                HAL_DMA_IRQHandler
 .text.HAL_DMA_GetState
                0x08002688        0x8 Drivers\STM32F4xx_HAL_Driver\Src\stm32f4xx_hal_dma.o
                0x08002688                HAL_DMA_GetState
 .text.HAL_GPIO_Init
                0x08002690      0x210 Drivers\STM32F4xx_HAL_Driver\Src\stm32f4xx_hal_gpio.o
                0x08002690                HAL_GPIO_Init
 .text.HAL_GPIO_WritePin
                0x080028a0        0x8 Drivers\STM32F4xx_HAL_Driver\Src\stm32f4xx_hal_gpio.o
                0x080028a0                HAL_GPIO_WritePin
 .text.HAL_GPIO_TogglePin
                0x080028a8       0x10 Drivers\STM32F4xx_HAL_Driver\Src\stm32f4xx_hal_gpio.o
                0x080028a8                HAL_GPIO_TogglePin
 .text.HAL_I2C_Init
                0x080028b8      0x170 Drivers\STM32F4xx_HAL_Driver\Src\stm32f4xx_hal_i2c.o
                0x080028b8                HAL_I2C_Init
 .text.HAL_I2C_Master_Transmit
                0x08002a28      0x2e4 Drivers\STM32F4xx_HAL_Driver\Src\stm32f4xx_hal_i2c.o
                0x08002a28                HAL_I2C_Master_Transmit
 .text.HAL_I2C_Master_Transmit_IT
                0x08002d0c       0xc8 Drivers\STM32F4xx_HAL_Driver\Src\stm32f4xx_hal_i2c.o
                0x08002d0c                HAL_I2C_Master_Transmit_IT
 .text.HAL_I2C_Master_Receive_IT
                0x08002dd4       0xd0 Drivers\STM32F4xx_HAL_Driver\Src\stm32f4xx_hal_i2c.o
                0x08002dd4                HAL_I2C_Master_Receive_IT
 .text.HAL_I2C_MasterTxCpltCallback
                0x08002ea4        0x4 Drivers\STM32F4xx_HAL_Driver\Src\stm32f4xx_hal_i2c.o
                0x08002ea4                HAL_I2C_MasterTxCpltCallback
 .text.HAL_I2C_SlaveTxCpltCallback
                0x08002ea8        0x4 Drivers\STM32F4xx_HAL_Driver\Src\stm32f4xx_hal_i2c.o
                0x08002ea8                HAL_I2C_SlaveTxCpltCallback
 .text.HAL_I2C_SlaveRxCpltCallback
                0x08002eac        0x4 Drivers\STM32F4xx_HAL_Driver\Src\stm32f4xx_hal_i2c.o
                0x08002eac                HAL_I2C_SlaveRxCpltCallback
 .text.HAL_I2C_AddrCallback
                0x08002eb0        0x4 Drivers\STM32F4xx_HAL_Driver\Src\stm32f4xx_hal_i2c.o
                0x08002eb0                HAL_I2C_AddrCallback
 .text.HAL_I2C_ListenCpltCallback
                0x08002eb4        0x4 Drivers\STM32F4xx_HAL_Driver\Src\stm32f4xx_hal_i2c.o
                0x08002eb4                HAL_I2C_ListenCpltCallback
 .text.HAL_I2C_MemTxCpltCallback
                0x08002eb8        0x4 Drivers\STM32F4xx_HAL_Driver\Src\stm32f4xx_hal_i2c.o
                0x08002eb8                HAL_I2C_MemTxCpltCallback
 .text.HAL_I2C_MemRxCpltCallback
                0x08002ebc        0x4 Drivers\STM32F4xx_HAL_Driver\Src\stm32f4xx_hal_i2c.o
                0x08002ebc                HAL_I2C_MemRxCpltCallback
 .text.HAL_I2C_ErrorCallback
                0x08002ec0        0x4 Drivers\STM32F4xx_HAL_Driver\Src\stm32f4xx_hal_i2c.o
                0x08002ec0                HAL_I2C_ErrorCallback
 .text.HAL_I2C_AbortCpltCallback
                0x08002ec4        0x4 Drivers\STM32F4xx_HAL_Driver\Src\stm32f4xx_hal_i2c.o
                0x08002ec4                HAL_I2C_AbortCpltCallback
 .text.I2C_DMAAbort
                0x08002ec8       0x80 Drivers\STM32F4xx_HAL_Driver\Src\stm32f4xx_hal_i2c.o
 .text.HAL_I2C_EV_IRQHandler
                0x08002f48      0xacc Drivers\STM32F4xx_HAL_Driver\Src\stm32f4xx_hal_i2c.o
                0x08002f48                HAL_I2C_EV_IRQHandler
 .text.HAL_I2C_ER_IRQHandler
                0x08003a14      0x2b0 Drivers\STM32F4xx_HAL_Driver\Src\stm32f4xx_hal_i2c.o
                0x08003a14                HAL_I2C_ER_IRQHandler
 .text.HAL_RCC_ClockConfig
                0x08003cc4      0x134 Drivers\STM32F4xx_HAL_Driver\Src\stm32f4xx_hal_rcc.o
                0x08003cc4                HAL_RCC_ClockConfig
 .text.HAL_RCC_GetPCLK1Freq
                0x08003df8       0x20 Drivers\STM32F4xx_HAL_Driver\Src\stm32f4xx_hal_rcc.o
                0x08003df8                HAL_RCC_GetPCLK1Freq
 .text.HAL_RCC_GetPCLK2Freq
                0x08003e18       0x20 Drivers\STM32F4xx_HAL_Driver\Src\stm32f4xx_hal_rcc.o
                0x08003e18                HAL_RCC_GetPCLK2Freq
 .text.HAL_RCC_GetSysClockFreq
                0x08003e38       0xb0 Drivers\STM32F4xx_HAL_Driver\Src\stm32f4xx_hal_rcc_ex.o
                0x08003e38                HAL_RCC_GetSysClockFreq
 .text.HAL_RCC_OscConfig
                0x08003ee8      0x3ac Drivers\STM32F4xx_HAL_Driver\Src\stm32f4xx_hal_rcc_ex.o
                0x08003ee8                HAL_RCC_OscConfig
 .text.HAL_TIM_Base_Init
                0x08004294      0x144 Drivers\STM32F4xx_HAL_Driver\Src\stm32f4xx_hal_tim.o
                0x08004294                HAL_TIM_Base_Init
 .text.HAL_TIM_Base_Start_IT
                0x080043d8       0x20 Drivers\STM32F4xx_HAL_Driver\Src\stm32f4xx_hal_tim.o
                0x080043d8                HAL_TIM_Base_Start_IT
 .text.HAL_TIM_PWM_Init
                0x080043f8      0x144 Drivers\STM32F4xx_HAL_Driver\Src\stm32f4xx_hal_tim.o
                0x080043f8                HAL_TIM_PWM_Init
 .text.HAL_TIM_PWM_ConfigChannel
                0x0800453c      0x20c Drivers\STM32F4xx_HAL_Driver\Src\stm32f4xx_hal_tim.o
                0x0800453c                HAL_TIM_PWM_ConfigChannel
 .text.HAL_TIM_OC_DelayElapsedCallback
                0x08004748        0x4 Drivers\STM32F4xx_HAL_Driver\Src\stm32f4xx_hal_tim.o
                0x08004748                HAL_TIM_OC_DelayElapsedCallback
 .text.HAL_TIM_IC_CaptureCallback
                0x0800474c        0x4 Drivers\STM32F4xx_HAL_Driver\Src\stm32f4xx_hal_tim.o
                0x0800474c                HAL_TIM_IC_CaptureCallback
 .text.HAL_TIM_PWM_PulseFinishedCallback
                0x08004750        0x4 Drivers\STM32F4xx_HAL_Driver\Src\stm32f4xx_hal_tim.o
                0x08004750                HAL_TIM_PWM_PulseFinishedCallback
 .text.HAL_TIM_TriggerCallback
                0x08004754        0x4 Drivers\STM32F4xx_HAL_Driver\Src\stm32f4xx_hal_tim.o
                0x08004754                HAL_TIM_TriggerCallback
 .text.HAL_TIM_IRQHandler
                0x08004758      0x154 Drivers\STM32F4xx_HAL_Driver\Src\stm32f4xx_hal_tim.o
                0x08004758                HAL_TIM_IRQHandler
 .text.HAL_TIMEx_MasterConfigSynchronization
                0x080048ac       0x44 Drivers\STM32F4xx_HAL_Driver\Src\stm32f4xx_hal_tim_ex.o
                0x080048ac                HAL_TIMEx_MasterConfigSynchronization
 .text.HAL_TIMEx_CommutCallback
                0x080048f0        0x4 Drivers\STM32F4xx_HAL_Driver\Src\stm32f4xx_hal_tim_ex.o
                0x080048f0                HAL_TIMEx_CommutCallback
 .text.HAL_TIMEx_BreakCallback
                0x080048f4        0x4 Drivers\STM32F4xx_HAL_Driver\Src\stm32f4xx_hal_tim_ex.o
                0x080048f4                HAL_TIMEx_BreakCallback
 .text.UART_SetConfig
                0x080048f8      0x300 Drivers\STM32F4xx_HAL_Driver\Src\stm32f4xx_hal_uart.o
 .text.HAL_UART_Init
                0x08004bf8       0x60 Drivers\STM32F4xx_HAL_Driver\Src\stm32f4xx_hal_uart.o
                0x08004bf8                HAL_UART_Init
 .text.HAL_UART_Transmit_DMA
                0x08004c58       0x78 Drivers\STM32F4xx_HAL_Driver\Src\stm32f4xx_hal_uart.o
                0x08004c58                HAL_UART_Transmit_DMA
 .text.HAL_UART_Receive_DMA
                0x08004cd0       0x94 Drivers\STM32F4xx_HAL_Driver\Src\stm32f4xx_hal_uart.o
                0x08004cd0                HAL_UART_Receive_DMA
 .text.UART_DMATransmitCplt
                0x08004d64       0x2c Drivers\STM32F4xx_HAL_Driver\Src\stm32f4xx_hal_uart.o
 .text.HAL_UART_TxHalfCpltCallback
                0x08004d90        0x4 Drivers\STM32F4xx_HAL_Driver\Src\stm32f4xx_hal_uart.o
                0x08004d90                HAL_UART_TxHalfCpltCallback
 .text.UART_DMATxHalfCplt
                0x08004d94        0xc Drivers\STM32F4xx_HAL_Driver\Src\stm32f4xx_hal_uart.o
 .text.HAL_UART_RxCpltCallback
                0x08004da0        0x4 Drivers\STM32F4xx_HAL_Driver\Src\stm32f4xx_hal_uart.o
                0x08004da0                HAL_UART_RxCpltCallback
 .text.UART_DMAReceiveCplt
                0x08004da4       0x38 Drivers\STM32F4xx_HAL_Driver\Src\stm32f4xx_hal_uart.o
 .text.UART_Receive_IT.part.1
                0x08004ddc       0x88 Drivers\STM32F4xx_HAL_Driver\Src\stm32f4xx_hal_uart.o
 .text.HAL_UART_RxHalfCpltCallback
                0x08004e64        0x4 Drivers\STM32F4xx_HAL_Driver\Src\stm32f4xx_hal_uart.o
                0x08004e64                HAL_UART_RxHalfCpltCallback
 .text.UART_DMARxHalfCplt
                0x08004e68        0xc Drivers\STM32F4xx_HAL_Driver\Src\stm32f4xx_hal_uart.o
 .text.HAL_UART_ErrorCallback
                0x08004e74        0x4 Drivers\STM32F4xx_HAL_Driver\Src\stm32f4xx_hal_uart.o
                0x08004e74                HAL_UART_ErrorCallback
 .text.UART_DMAError
                0x08004e78       0x60 Drivers\STM32F4xx_HAL_Driver\Src\stm32f4xx_hal_uart.o
 .text.HAL_UART_IRQHandler
                0x08004ed8      0x188 Drivers\STM32F4xx_HAL_Driver\Src\stm32f4xx_hal_uart.o
                0x08004ed8                HAL_UART_IRQHandler
 .text.UART_DMAAbortOnError
                0x08005060       0x14 Drivers\STM32F4xx_HAL_Driver\Src\stm32f4xx_hal_uart.o
 .text.HAL_CAN_RxFifo0MsgPendingCallback
                0x08005074       0x98 Inc\Libraries\CAN\CAN.o
                0x08005074                HAL_CAN_RxFifo0MsgPendingCallback
 .text.HAL_CAN_RxFifo0FullCallback
                0x0800510c       0x14 Inc\Libraries\CAN\CAN.o
                0x0800510c                HAL_CAN_RxFifo0FullCallback
 .text.HAL_CAN_RxFifo1MsgPendingCallback
                0x08005120       0x14 Inc\Libraries\CAN\CAN.o
                0x08005120                HAL_CAN_RxFifo1MsgPendingCallback
 .text.HAL_TIM_PeriodElapsedCallback
                0x08005134       0x2c Inc\Libraries\InterruptIvent\interrupt.o
                0x08005134                HAL_TIM_PeriodElapsedCallback
 .text.HAL_I2C_MasterRxCpltCallback
                0x08005160       0x30 Inc\Libraries\InterruptIvent\interrupt.o
                0x08005160                HAL_I2C_MasterRxCpltCallback
 .text._ZN6I2CLCD9oled_putsEPc
                0x08005190       0x66 Inc\Libraries\LCD\i2c_lcd.o
                0x08005190                I2CLCD::oled_puts(char*)
 .text._ZN6I2CLCD17oled_writeCommandEc
                0x080051f6       0x30 Inc\Libraries\LCD\i2c_lcd.o
                0x080051f6                I2CLCD::oled_writeCommand(char)
 .text._ZN6I2CLCD13oled_contrastEi
                0x08005226       0x4c Inc\Libraries\LCD\i2c_lcd.o
                0x08005226                I2CLCD::oled_contrast(int)
 .text._ZN6I2CLCD9oled_initEv
                0x08005272       0x24 Inc\Libraries\LCD\i2c_lcd.o
                0x08005272                I2CLCD::oled_init()
 .text._ZN6I2CLCD10oled_clearEv
                0x08005296       0x18 Inc\Libraries\LCD\i2c_lcd.o
                0x08005296                I2CLCD::oled_clear()
 .text._ZN6I2CLCD10oled_powerEb
                0x080052ae       0x38 Inc\Libraries\LCD\i2c_lcd.o
                0x080052ae                I2CLCD::oled_power(bool)
 .text._ZN6I2CLCD20oled_display_settingEbbb
                0x080052e6       0x58 Inc\Libraries\LCD\i2c_lcd.o
                0x080052e6                I2CLCD::oled_display_setting(bool, bool, bool)
 .text._ZN6I2CLCD15oled_returnhomeEv
                0x0800533e       0x18 Inc\Libraries\LCD\i2c_lcd.o
                0x0800533e                I2CLCD::oled_returnhome()
 *fill*         0x08005356        0x2 
 .text._ZN13PS3controller10SetconDataEv
                0x08005358       0x74 Inc\Libraries\PS3\PS3class.o
                0x08005358                PS3controller::SetconData()
 .text._ZN13PS3controller11SendRequestEv
                0x080053cc       0x20 Inc\Libraries\PS3\PS3class.o
                0x080053cc                PS3controller::SendRequest()
 .text._ZN13PS3controller14ANALOG_RIGHT_XEv
                0x080053ec       0x1a Inc\Libraries\PS3\PS3class.o
                0x080053ec                PS3controller::ANALOG_RIGHT_X()
 .text._ZN13PS3controller14ANALOG_RIGHT_YEv
                0x08005406       0x1a Inc\Libraries\PS3\PS3class.o
                0x08005406                PS3controller::ANALOG_RIGHT_Y()
 .text._ZN13PS3controller13ANALOG_LEFT_XEv
                0x08005420       0x1a Inc\Libraries\PS3\PS3class.o
                0x08005420                PS3controller::ANALOG_LEFT_X()
 .text._ZN13PS3controller13ANALOG_LEFT_YEv
                0x0800543a       0x1a Inc\Libraries\PS3\PS3class.o
                0x0800543a                PS3controller::ANALOG_LEFT_Y()
 .text._ZN13PS3controller2L2Ev
                0x08005454       0x1a Inc\Libraries\PS3\PS3class.o
                0x08005454                PS3controller::L2()
 .text._ZN13PS3controller2R2Ev
                0x0800546e       0x1a Inc\Libraries\PS3\PS3class.o
                0x0800546e                PS3controller::R2()
 .text._ZN6Sensor7SetDataEv
                0x08005488       0xc8 Inc\Libraries\Sensor\Sensor.o
                0x08005488                Sensor::SetData()
 .text._ZN7MicroSw7SetDataEv
                0x08005550       0x4c Inc\Libraries\Sensor\Sensor.o
                0x08005550                MicroSw::SetData()
 .text._ZN7Encoder7SetDataEv
                0x0800559c       0x90 Inc\Libraries\encoder\RotaryEncoder.o
                0x0800559c                Encoder::SetData()
 .text._ZN12localization7SetlocaEv
                0x0800562c       0xc0 Inc\Libraries\localization\localization.o
                0x0800562c                localization::Setloca()
 .text.MX_DMA_Init
                0x080056ec       0x44 Src\dma.o
                0x080056ec                MX_DMA_Init
 .text._Z15dma_printf_initP20__UART_HandleTypeDef
                0x08005730       0x34 Src\dma_printf.o
                0x08005730                dma_printf_init(__UART_HandleTypeDef*)
 .text._Z15dma_printf_putch
                0x08005764       0x64 Src\dma_printf.o
                0x08005764                dma_printf_putc(unsigned char)
 .text._Z18dma_printf_send_itP20__UART_HandleTypeDef
                0x080057c8       0x78 Src\dma_printf.o
                0x080057c8                dma_printf_send_it(__UART_HandleTypeDef*)
 .text._ZL12update_w_ptrP12dma_ring_buf
                0x08005840       0x32 Src\dma_ring.o
 .text._Z13dma_ring_initP12dma_ring_bufP20__UART_HandleTypeDef
                0x08005872       0x40 Src\dma_ring.o
                0x08005872                dma_ring_init(dma_ring_buf*, __UART_HandleTypeDef*)
 .text._Z13dma_ring_getcP12dma_ring_bufPh
                0x080058b2       0x60 Src\dma_ring.o
                0x080058b2                dma_ring_getc(dma_ring_buf*, unsigned char*)
 .text._Z13dma_ring_putcP12dma_ring_bufh
                0x08005912       0x6a Src\dma_ring.o
                0x08005912                dma_ring_putc(dma_ring_buf*, unsigned char)
 .text._Z18dma_ring_availableP12dma_ring_buf
                0x0800597c       0x52 Src\dma_ring.o
                0x0800597c                dma_ring_available(dma_ring_buf*)
 .text._Z25dma_ring_available_linearP12dma_ring_buf
                0x080059ce       0x48 Src\dma_ring.o
                0x080059ce                dma_ring_available_linear(dma_ring_buf*)
 .text._Z18dma_ring_get_r_ptrP12dma_ring_buf
                0x08005a16       0x1a Src\dma_ring.o
                0x08005a16                dma_ring_get_r_ptr(dma_ring_buf*)
 .text._Z22dma_ring_forward_r_ptrP12dma_ring_bufi
                0x08005a30       0x50 Src\dma_ring.o
                0x08005a30                dma_ring_forward_r_ptr(dma_ring_buf*, int)
 .text._Z18dma_ring_set_w_ptrP12dma_ring_buft
                0x08005a80       0x20 Src\dma_ring.o
                0x08005a80                dma_ring_set_w_ptr(dma_ring_buf*, unsigned short)
 .text._Z14dma_scanf_initP20__UART_HandleTypeDef
                0x08005aa0       0x38 Src\dma_scanf.o
                0x08005aa0                dma_scanf_init(__UART_HandleTypeDef*)
 .text._Z23dma_scanf_getc_blockingv
                0x08005ad8       0x58 Src\dma_scanf.o
                0x08005ad8                dma_scanf_getc_blocking()
 .text.MX_GPIO_Init
                0x08005b30       0xd0 Src\gpio.o
                0x08005b30                MX_GPIO_Init
 .text.MX_I2C1_Init
                0x08005c00       0x40 Src\i2c.o
                0x08005c00                MX_I2C1_Init
 .text.MX_I2C2_Init
                0x08005c40       0x40 Src\i2c.o
                0x08005c40                MX_I2C2_Init
 .text.HAL_I2C_MspInit
                0x08005c80      0x138 Src\i2c.o
                0x08005c80                HAL_I2C_MspInit
 .text._ZN6CanBusC2Emm
                0x08005db8       0x4e Src\main.o
                0x08005db8                CanBus::CanBus(unsigned long, unsigned long)
                0x08005db8                CanBus::CanBus(unsigned long, unsigned long)
 .text._ZN7EncoderC2EP6CanBusih
                0x08005e06       0x44 Src\main.o
                0x08005e06                Encoder::Encoder(CanBus*, int, unsigned char)
                0x08005e06                Encoder::Encoder(CanBus*, int, unsigned char)
 .text._ZN5MotorC2EP6CanBust
                0x08005e4a       0x3e Src\main.o
                0x08005e4a                Motor::Motor(CanBus*, unsigned short)
                0x08005e4a                Motor::Motor(CanBus*, unsigned short)
 .text._ZN11AircylinderC2EP6CanBush
                0x08005e88       0x34 Src\main.o
                0x08005e88                Aircylinder::Aircylinder(CanBus*, unsigned char)
                0x08005e88                Aircylinder::Aircylinder(CanBus*, unsigned char)
 .text._ZN5ServoC2EP6CanBust
                0x08005ebc       0x38 Src\main.o
                0x08005ebc                Servo::Servo(CanBus*, unsigned short)
                0x08005ebc                Servo::Servo(CanBus*, unsigned short)
 .text._ZN12localizationC2EP6CanBusS1_
                0x08005ef4       0x9c Src\main.o
                0x08005ef4                localization::localization(CanBus*, CanBus*)
                0x08005ef4                localization::localization(CanBus*, CanBus*)
 .text._ZN6I2CLCDC2EP19__I2C_HandleTypeDef
                0x08005f90       0x3a Src\main.o
                0x08005f90                I2CLCD::I2CLCD(__I2C_HandleTypeDef*)
                0x08005f90                I2CLCD::I2CLCD(__I2C_HandleTypeDef*)
 .text._ZN6SensorC2EP6CanBusi
                0x08005fca       0x32 Src\main.o
                0x08005fca                Sensor::Sensor(CanBus*, int)
                0x08005fca                Sensor::Sensor(CanBus*, int)
 .text._ZN7MicroSwC2EP6CanBusii
                0x08005ffc       0x3a Src\main.o
                0x08005ffc                MicroSw::MicroSw(CanBus*, int, int)
                0x08005ffc                MicroSw::MicroSw(CanBus*, int, int)
 .text._ZN13PS3controllerC2EP6CanBus
                0x08006036       0x4e Src\main.o
                0x08006036                PS3controller::PS3controller(CanBus*)
                0x08006036                PS3controller::PS3controller(CanBus*)
 .text._ZN3ICSC2EP20__UART_HandleTypeDef
                0x08006084       0x1e Src\main.o
                0x08006084                ICS::ICS(__UART_HandleTypeDef*)
                0x08006084                ICS::ICS(__UART_HandleTypeDef*)
 *fill*         0x080060a2        0x2 
 .text._ZN21LowlayerHandelTypedef7PowerOnEv
                0x080060a4       0x20 Src\main.o
                0x080060a4                LowlayerHandelTypedef::PowerOn()
 .text._ZN21LowlayerHandelTypedefC2Ev
                0x080060c4      0x30c Src\main.o
                0x080060c4                LowlayerHandelTypedef::LowlayerHandelTypedef()
                0x080060c4                LowlayerHandelTypedef::LowlayerHandelTypedef()
 .text._ZN6Timer1C2EP17TIM_HandleTypeDef
                0x080063d0       0x3a Src\main.o
                0x080063d0                Timer1::Timer1(TIM_HandleTypeDef*)
                0x080063d0                Timer1::Timer1(TIM_HandleTypeDef*)
 *fill*         0x0800640a        0x2 
 .text._ZN6Timer111SetLoopTimeEf
                0x0800640c       0xe0 Src\main.o
                0x0800640c                Timer1::SetLoopTime(float)
 .text._ZN6Timer15StartEv
                0x080064ec       0x24 Src\main.o
                0x080064ec                Timer1::Start()
 .text.__io_putchar
                0x08006510       0x1c Src\main.o
                0x08006510                __io_putchar
 .text.__io_getchar
                0x0800652c        0xe Src\main.o
                0x0800652c                __io_getchar
 .text.HAL_UART_TxCpltCallback
                0x0800653a       0x16 Src\main.o
                0x0800653a                HAL_UART_TxCpltCallback
 .text.main     0x08006550      0x148 Src\main.o
                0x08006550                main
 .text._Z18SystemClock_Configv
                0x08006698      0x118 Src\main.o
                0x08006698                SystemClock_Config()
 .text.Error_Handler
                0x080067b0       0x20 Src\main.o
                0x080067b0                Error_Handler
 .text.HAL_MspInit
                0x080067d0       0x40 Src\stm32f4xx_hal_msp.o
                0x080067d0                HAL_MspInit
 .text.NMI_Handler
                0x08006810        0x4 Src\stm32f4xx_it.o
                0x08006810                NMI_Handler
 .text.HardFault_Handler
                0x08006814        0x4 Src\stm32f4xx_it.o
                0x08006814                HardFault_Handler
 .text.MemManage_Handler
                0x08006818        0x4 Src\stm32f4xx_it.o
                0x08006818                MemManage_Handler
 .text.BusFault_Handler
                0x0800681c        0x4 Src\stm32f4xx_it.o
                0x0800681c                BusFault_Handler
 .text.UsageFault_Handler
                0x08006820        0x4 Src\stm32f4xx_it.o
                0x08006820                UsageFault_Handler
 .text.SVC_Handler
                0x08006824        0x4 Src\stm32f4xx_it.o
                0x08006824                SVC_Handler
 .text.DebugMon_Handler
                0x08006828        0x4 Src\stm32f4xx_it.o
                0x08006828                DebugMon_Handler
 .text.PendSV_Handler
                0x0800682c        0x4 Src\stm32f4xx_it.o
                0x0800682c                PendSV_Handler
 .text.SysTick_Handler
                0x08006830        0x4 Src\stm32f4xx_it.o
                0x08006830                SysTick_Handler
 .text.DMA1_Stream5_IRQHandler
                0x08006834        0xc Src\stm32f4xx_it.o
                0x08006834                DMA1_Stream5_IRQHandler
 .text.DMA1_Stream6_IRQHandler
                0x08006840        0xc Src\stm32f4xx_it.o
                0x08006840                DMA1_Stream6_IRQHandler
 .text.CAN1_RX0_IRQHandler
                0x0800684c        0xc Src\stm32f4xx_it.o
                0x0800684c                CAN1_RX0_IRQHandler
 .text.CAN1_RX1_IRQHandler
                0x08006858        0xc Src\stm32f4xx_it.o
                0x08006858                CAN1_RX1_IRQHandler
 .text.CAN1_SCE_IRQHandler
                0x08006864        0xc Src\stm32f4xx_it.o
                0x08006864                CAN1_SCE_IRQHandler
 .text.TIM3_IRQHandler
                0x08006870        0xc Src\stm32f4xx_it.o
                0x08006870                TIM3_IRQHandler
 .text.I2C1_EV_IRQHandler
                0x0800687c        0xc Src\stm32f4xx_it.o
                0x0800687c                I2C1_EV_IRQHandler
 .text.I2C1_ER_IRQHandler
                0x08006888        0xc Src\stm32f4xx_it.o
                0x08006888                I2C1_ER_IRQHandler
 .text.I2C2_EV_IRQHandler
                0x08006894        0xc Src\stm32f4xx_it.o
                0x08006894                I2C2_EV_IRQHandler
 .text.USART2_IRQHandler
                0x080068a0        0xc Src\stm32f4xx_it.o
                0x080068a0                USART2_IRQHandler
 .text.TIM6_DAC_IRQHandler
                0x080068ac        0xc Src\stm32f4xx_it.o
                0x080068ac                TIM6_DAC_IRQHandler
 .text.TIM7_IRQHandler
                0x080068b8        0xc Src\stm32f4xx_it.o
                0x080068b8                TIM7_IRQHandler
 .text._getpid  0x080068c4        0x4 Src\syscalls.o
                0x080068c4                _getpid
 .text._kill    0x080068c8       0x10 Src\syscalls.o
                0x080068c8                _kill
 .text._exit    0x080068d8        0xc Src\syscalls.o
                0x080068d8                _exit
 .text._read    0x080068e4       0x30 Src\syscalls.o
                0x080068e4                _read
 .text._write   0x08006914       0x1c Src\syscalls.o
                0x08006914                _write
 .text._sbrk    0x08006930       0x34 Src\syscalls.o
                0x08006930                _sbrk
 .text._close   0x08006964        0x8 Src\syscalls.o
                0x08006964                _close
 .text._fstat   0x0800696c        0xc Src\syscalls.o
                0x0800696c                _fstat
 .text._isatty  0x08006978        0x4 Src\syscalls.o
                0x08006978                _isatty
 .text._lseek   0x0800697c        0x4 Src\syscalls.o
                0x0800697c                _lseek
 .text.SystemInit
                0x08006980       0x50 Src\system_stm32f4xx.o
                0x08006980                SystemInit
 .text.MX_TIM3_Init
                0x080069d0       0xbc Src\tim.o
                0x080069d0                MX_TIM3_Init
 .text.MX_TIM6_Init
                0x08006a8c       0x48 Src\tim.o
                0x08006a8c                MX_TIM6_Init
 .text.MX_TIM7_Init
                0x08006ad4       0x48 Src\tim.o
                0x08006ad4                MX_TIM7_Init
 .text.HAL_TIM_PWM_MspInit
                0x08006b1c       0x40 Src\tim.o
                0x08006b1c                HAL_TIM_PWM_MspInit
 .text.HAL_TIM_Base_MspInit
                0x08006b5c       0x74 Src\tim.o
                0x08006b5c                HAL_TIM_Base_MspInit
 .text.MX_USART1_UART_Init
                0x08006bd0       0x40 Src\usart.o
                0x08006bd0                MX_USART1_UART_Init
 .text.MX_USART2_UART_Init
                0x08006c10       0x38 Src\usart.o
                0x08006c10                MX_USART2_UART_Init
 .text.HAL_UART_MspInit
                0x08006c48      0x158 Src\usart.o
                0x08006c48                HAL_UART_MspInit
 .text.Reset_Handler
                0x08006da0       0x50 startup\startup_stm32f446xx.o
                0x08006da0                Reset_Handler
 .text.Default_Handler
                0x08006df0        0x2 startup\startup_stm32f446xx.o
                0x08006df0                RTC_Alarm_IRQHandler
                0x08006df0                EXTI2_IRQHandler
                0x08006df0                TIM8_CC_IRQHandler
                0x08006df0                FMPI2C1_EV_IRQHandler
                0x08006df0                SPI4_IRQHandler
                0x08006df0                TIM1_CC_IRQHandler
                0x08006df0                DMA2_Stream5_IRQHandler
                0x08006df0                PVD_IRQHandler
                0x08006df0                SDIO_IRQHandler
                0x08006df0                TAMP_STAMP_IRQHandler
                0x08006df0                CAN2_RX1_IRQHandler
                0x08006df0                EXTI3_IRQHandler
                0x08006df0                TIM8_TRG_COM_TIM14_IRQHandler
                0x08006df0                TIM1_UP_TIM10_IRQHandler
                0x08006df0                TIM8_UP_TIM13_IRQHandler
                0x08006df0                I2C3_ER_IRQHandler
                0x08006df0                EXTI0_IRQHandler
                0x08006df0                DMA1_Stream2_IRQHandler
                0x08006df0                FPU_IRQHandler
                0x08006df0                OTG_HS_WKUP_IRQHandler
                0x08006df0                CAN2_SCE_IRQHandler
                0x08006df0                DMA2_Stream2_IRQHandler
                0x08006df0                SPI1_IRQHandler
                0x08006df0                TIM1_BRK_TIM9_IRQHandler
                0x08006df0                DCMI_IRQHandler
                0x08006df0                CAN2_RX0_IRQHandler
                0x08006df0                DMA2_Stream3_IRQHandler
                0x08006df0                SAI2_IRQHandler
                0x08006df0                USART6_IRQHandler
                0x08006df0                USART3_IRQHandler
                0x08006df0                UART5_IRQHandler
                0x08006df0                DMA2_Stream0_IRQHandler
                0x08006df0                TIM4_IRQHandler
                0x08006df0                QUADSPI_IRQHandler
                0x08006df0                DMA1_Stream1_IRQHandler
                0x08006df0                UART4_IRQHandler
                0x08006df0                RCC_IRQHandler
                0x08006df0                TIM8_BRK_TIM12_IRQHandler
                0x08006df0                Default_Handler
                0x08006df0                CEC_IRQHandler
                0x08006df0                EXTI15_10_IRQHandler
                0x08006df0                ADC_IRQHandler
                0x08006df0                DMA1_Stream7_IRQHandler
                0x08006df0                CAN2_TX_IRQHandler
                0x08006df0                TIM5_IRQHandler
                0x08006df0                DMA2_Stream7_IRQHandler
                0x08006df0                I2C3_EV_IRQHandler
                0x08006df0                EXTI9_5_IRQHandler
                0x08006df0                RTC_WKUP_IRQHandler
                0x08006df0                SPDIF_RX_IRQHandler
                0x08006df0                SPI2_IRQHandler
                0x08006df0                OTG_HS_EP1_IN_IRQHandler
                0x08006df0                DMA1_Stream0_IRQHandler
                0x08006df0                CAN1_TX_IRQHandler
                0x08006df0                FMPI2C1_ER_IRQHandler
                0x08006df0                EXTI4_IRQHandler
                0x08006df0                OTG_HS_EP1_OUT_IRQHandler
                0x08006df0                WWDG_IRQHandler
                0x08006df0                TIM2_IRQHandler
                0x08006df0                OTG_FS_WKUP_IRQHandler
                0x08006df0                TIM1_TRG_COM_TIM11_IRQHandler
                0x08006df0                OTG_HS_IRQHandler
                0x08006df0                EXTI1_IRQHandler
                0x08006df0                I2C2_ER_IRQHandler
                0x08006df0                DMA2_Stream1_IRQHandler
                0x08006df0                FLASH_IRQHandler
                0x08006df0                DMA2_Stream4_IRQHandler
                0x08006df0                USART1_IRQHandler
                0x08006df0                OTG_FS_IRQHandler
                0x08006df0                SPI3_IRQHandler
                0x08006df0                DMA1_Stream4_IRQHandler
                0x08006df0                FMC_IRQHandler
                0x08006df0                DMA2_Stream6_IRQHandler
                0x08006df0                SAI1_IRQHandler
                0x08006df0                DMA1_Stream3_IRQHandler
 *fill*         0x08006df2        0x2 
 .text.__errno  0x08006df4        0xc c:/program files (x86)/atollic/truestudio for stm32 9.0.1/armtools/bin/../lib/gcc/arm-atollic-eabi/6.3.1/../../../../arm-atollic-eabi/lib/armv7e-m/fpu\libc.a(lib_a-errno.o)
                0x08006df4                __errno
 .text.__libc_init_array
                0x08006e00       0x48 c:/program files (x86)/atollic/truestudio for stm32 9.0.1/armtools/bin/../lib/gcc/arm-atollic-eabi/6.3.1/../../../../arm-atollic-eabi/lib/armv7e-m/fpu\libc.a(lib_a-init.o)
                0x08006e00                __libc_init_array
 .text.memset   0x08006e48       0x10 c:/program files (x86)/atollic/truestudio for stm32 9.0.1/armtools/bin/../lib/gcc/arm-atollic-eabi/6.3.1/../../../../arm-atollic-eabi/lib/armv7e-m/fpu\libc.a(lib_a-memset.o)
                0x08006e48                memset
 .text.printf   0x08006e58       0x30 c:/program files (x86)/atollic/truestudio for stm32 9.0.1/armtools/bin/../lib/gcc/arm-atollic-eabi/6.3.1/../../../../arm-atollic-eabi/lib/armv7e-m/fpu\libc.a(lib_a-printf.o)
                0x08006e58                printf
 .text.setbuf   0x08006e88       0x10 c:/program files (x86)/atollic/truestudio for stm32 9.0.1/armtools/bin/../lib/gcc/arm-atollic-eabi/6.3.1/../../../../arm-atollic-eabi/lib/armv7e-m/fpu\libc.a(lib_a-setbuf.o)
                0x08006e88                setbuf
 .text.setvbuf  0x08006e98      0x198 c:/program files (x86)/atollic/truestudio for stm32 9.0.1/armtools/bin/../lib/gcc/arm-atollic-eabi/6.3.1/../../../../arm-atollic-eabi/lib/armv7e-m/fpu\libc.a(lib_a-setvbuf.o)
                0x08006e98                setvbuf
 .text._vfprintf_r
                0x08007030     0x1078 c:/program files (x86)/atollic/truestudio for stm32 9.0.1/armtools/bin/../lib/gcc/arm-atollic-eabi/6.3.1/../../../../arm-atollic-eabi/lib/armv7e-m/fpu\libc.a(lib_a-vfprintf.o)
                0x08007030                _vfprintf_r
 .text.__sbprintf
                0x080080a8       0x80 c:/program files (x86)/atollic/truestudio for stm32 9.0.1/armtools/bin/../lib/gcc/arm-atollic-eabi/6.3.1/../../../../arm-atollic-eabi/lib/armv7e-m/fpu\libc.a(lib_a-vfprintf.o)
 .text.__swsetup_r
                0x08008128       0xdc c:/program files (x86)/atollic/truestudio for stm32 9.0.1/armtools/bin/../lib/gcc/arm-atollic-eabi/6.3.1/../../../../arm-atollic-eabi/lib/armv7e-m/fpu\libc.a(lib_a-wsetup.o)
                0x08008128                __swsetup_r
 .text.quorem   0x08008204      0x118 c:/program files (x86)/atollic/truestudio for stm32 9.0.1/armtools/bin/../lib/gcc/arm-atollic-eabi/6.3.1/../../../../arm-atollic-eabi/lib/armv7e-m/fpu\libc.a(lib_a-dtoa.o)
 *fill*         0x0800831c        0x4 
 .text._dtoa_r  0x08008320      0xb9c c:/program files (x86)/atollic/truestudio for stm32 9.0.1/armtools/bin/../lib/gcc/arm-atollic-eabi/6.3.1/../../../../arm-atollic-eabi/lib/armv7e-m/fpu\libc.a(lib_a-dtoa.o)
                0x08008320                _dtoa_r
 .text.__sflush_r
                0x08008ebc      0x124 c:/program files (x86)/atollic/truestudio for stm32 9.0.1/armtools/bin/../lib/gcc/arm-atollic-eabi/6.3.1/../../../../arm-atollic-eabi/lib/armv7e-m/fpu\libc.a(lib_a-fflush.o)
                0x08008ebc                __sflush_r
 .text._fflush_r
                0x08008fe0       0x78 c:/program files (x86)/atollic/truestudio for stm32 9.0.1/armtools/bin/../lib/gcc/arm-atollic-eabi/6.3.1/../../../../arm-atollic-eabi/lib/armv7e-m/fpu\libc.a(lib_a-fflush.o)
                0x08008fe0                _fflush_r
 .text._cleanup_r
                0x08009058        0xc c:/program files (x86)/atollic/truestudio for stm32 9.0.1/armtools/bin/../lib/gcc/arm-atollic-eabi/6.3.1/../../../../arm-atollic-eabi/lib/armv7e-m/fpu\libc.a(lib_a-findfp.o)
                0x08009058                _cleanup_r
 .text.std.isra.0
                0x08009064       0x48 c:/program files (x86)/atollic/truestudio for stm32 9.0.1/armtools/bin/../lib/gcc/arm-atollic-eabi/6.3.1/../../../../arm-atollic-eabi/lib/armv7e-m/fpu\libc.a(lib_a-findfp.o)
 .text.__sfmoreglue
                0x080090ac       0x2c c:/program files (x86)/atollic/truestudio for stm32 9.0.1/armtools/bin/../lib/gcc/arm-atollic-eabi/6.3.1/../../../../arm-atollic-eabi/lib/armv7e-m/fpu\libc.a(lib_a-findfp.o)
                0x080090ac                __sfmoreglue
 .text.__sfp_lock_acquire
                0x080090d8        0xc c:/program files (x86)/atollic/truestudio for stm32 9.0.1/armtools/bin/../lib/gcc/arm-atollic-eabi/6.3.1/../../../../arm-atollic-eabi/lib/armv7e-m/fpu\libc.a(lib_a-findfp.o)
                0x080090d8                __sfp_lock_acquire
 .text.__sfp_lock_release
                0x080090e4        0xc c:/program files (x86)/atollic/truestudio for stm32 9.0.1/armtools/bin/../lib/gcc/arm-atollic-eabi/6.3.1/../../../../arm-atollic-eabi/lib/armv7e-m/fpu\libc.a(lib_a-findfp.o)
                0x080090e4                __sfp_lock_release
 .text.__sinit_lock_acquire
                0x080090f0        0xc c:/program files (x86)/atollic/truestudio for stm32 9.0.1/armtools/bin/../lib/gcc/arm-atollic-eabi/6.3.1/../../../../arm-atollic-eabi/lib/armv7e-m/fpu\libc.a(lib_a-findfp.o)
                0x080090f0                __sinit_lock_acquire
 .text.__sinit_lock_release
                0x080090fc        0xc c:/program files (x86)/atollic/truestudio for stm32 9.0.1/armtools/bin/../lib/gcc/arm-atollic-eabi/6.3.1/../../../../arm-atollic-eabi/lib/armv7e-m/fpu\libc.a(lib_a-findfp.o)
                0x080090fc                __sinit_lock_release
 .text.__sinit  0x08009108       0x74 c:/program files (x86)/atollic/truestudio for stm32 9.0.1/armtools/bin/../lib/gcc/arm-atollic-eabi/6.3.1/../../../../arm-atollic-eabi/lib/armv7e-m/fpu\libc.a(lib_a-findfp.o)
                0x08009108                __sinit
 .text.__sfp    0x0800917c       0x8c c:/program files (x86)/atollic/truestudio for stm32 9.0.1/armtools/bin/../lib/gcc/arm-atollic-eabi/6.3.1/../../../../arm-atollic-eabi/lib/armv7e-m/fpu\libc.a(lib_a-findfp.o)
                0x0800917c                __sfp
 .text._malloc_trim_r
                0x08009208       0xac c:/program files (x86)/atollic/truestudio for stm32 9.0.1/armtools/bin/../lib/gcc/arm-atollic-eabi/6.3.1/../../../../arm-atollic-eabi/lib/armv7e-m/fpu\libc.a(lib_a-freer.o)
                0x08009208                _malloc_trim_r
 .text._free_r  0x080092b4      0x178 c:/program files (x86)/atollic/truestudio for stm32 9.0.1/armtools/bin/../lib/gcc/arm-atollic-eabi/6.3.1/../../../../arm-atollic-eabi/lib/armv7e-m/fpu\libc.a(lib_a-freer.o)
                0x080092b4                _free_r
 .text.__sfvwrite_r
                0x0800942c      0x29c c:/program files (x86)/atollic/truestudio for stm32 9.0.1/armtools/bin/../lib/gcc/arm-atollic-eabi/6.3.1/../../../../arm-atollic-eabi/lib/armv7e-m/fpu\libc.a(lib_a-fvwrite.o)
                0x0800942c                __sfvwrite_r
 .text._fwalk_reent
                0x080096c8       0x3c c:/program files (x86)/atollic/truestudio for stm32 9.0.1/armtools/bin/../lib/gcc/arm-atollic-eabi/6.3.1/../../../../arm-atollic-eabi/lib/armv7e-m/fpu\libc.a(lib_a-fwalk.o)
                0x080096c8                _fwalk_reent
 .text._localeconv_r
                0x08009704       0x1c c:/program files (x86)/atollic/truestudio for stm32 9.0.1/armtools/bin/../lib/gcc/arm-atollic-eabi/6.3.1/../../../../arm-atollic-eabi/lib/armv7e-m/fpu\libc.a(lib_a-localeconv.o)
                0x08009704                _localeconv_r
 .text.__retarget_lock_init_recursive
                0x08009720        0x2 c:/program files (x86)/atollic/truestudio for stm32 9.0.1/armtools/bin/../lib/gcc/arm-atollic-eabi/6.3.1/../../../../arm-atollic-eabi/lib/armv7e-m/fpu\libc.a(lib_a-lock.o)
                0x08009720                __retarget_lock_init_recursive
 .text.__retarget_lock_close_recursive
                0x08009722        0x2 c:/program files (x86)/atollic/truestudio for stm32 9.0.1/armtools/bin/../lib/gcc/arm-atollic-eabi/6.3.1/../../../../arm-atollic-eabi/lib/armv7e-m/fpu\libc.a(lib_a-lock.o)
                0x08009722                __retarget_lock_close_recursive
 .text.__retarget_lock_acquire_recursive
                0x08009724        0x2 c:/program files (x86)/atollic/truestudio for stm32 9.0.1/armtools/bin/../lib/gcc/arm-atollic-eabi/6.3.1/../../../../arm-atollic-eabi/lib/armv7e-m/fpu\libc.a(lib_a-lock.o)
                0x08009724                __retarget_lock_acquire_recursive
 .text.__retarget_lock_release_recursive
                0x08009726        0x2 c:/program files (x86)/atollic/truestudio for stm32 9.0.1/armtools/bin/../lib/gcc/arm-atollic-eabi/6.3.1/../../../../arm-atollic-eabi/lib/armv7e-m/fpu\libc.a(lib_a-lock.o)
                0x08009726                __retarget_lock_release_recursive
 .text.__swhatbuf_r
                0x08009728       0x56 c:/program files (x86)/atollic/truestudio for stm32 9.0.1/armtools/bin/../lib/gcc/arm-atollic-eabi/6.3.1/../../../../arm-atollic-eabi/lib/armv7e-m/fpu\libc.a(lib_a-makebuf.o)
                0x08009728                __swhatbuf_r
 *fill*         0x0800977e        0x2 
 .text.__smakebuf_r
                0x08009780       0x80 c:/program files (x86)/atollic/truestudio for stm32 9.0.1/armtools/bin/../lib/gcc/arm-atollic-eabi/6.3.1/../../../../arm-atollic-eabi/lib/armv7e-m/fpu\libc.a(lib_a-makebuf.o)
                0x08009780                __smakebuf_r
 .text.malloc   0x08009800       0x10 c:/program files (x86)/atollic/truestudio for stm32 9.0.1/armtools/bin/../lib/gcc/arm-atollic-eabi/6.3.1/../../../../arm-atollic-eabi/lib/armv7e-m/fpu\libc.a(lib_a-malloc.o)
                0x08009800                malloc
 .text._malloc_r
                0x08009810      0x41c c:/program files (x86)/atollic/truestudio for stm32 9.0.1/armtools/bin/../lib/gcc/arm-atollic-eabi/6.3.1/../../../../arm-atollic-eabi/lib/armv7e-m/fpu\libc.a(lib_a-mallocr.o)
                0x08009810                _malloc_r
 .text.memcpy   0x08009c2c       0x16 c:/program files (x86)/atollic/truestudio for stm32 9.0.1/armtools/bin/../lib/gcc/arm-atollic-eabi/6.3.1/../../../../arm-atollic-eabi/lib/armv7e-m/fpu\libc.a(lib_a-memcpy-stub.o)
                0x08009c2c                memcpy
 .text.memmove  0x08009c42       0x34 c:/program files (x86)/atollic/truestudio for stm32 9.0.1/armtools/bin/../lib/gcc/arm-atollic-eabi/6.3.1/../../../../arm-atollic-eabi/lib/armv7e-m/fpu\libc.a(lib_a-memmove.o)
                0x08009c42                memmove
 *fill*         0x08009c76        0x2 
 .text.__malloc_lock
                0x08009c78        0xc c:/program files (x86)/atollic/truestudio for stm32 9.0.1/armtools/bin/../lib/gcc/arm-atollic-eabi/6.3.1/../../../../arm-atollic-eabi/lib/armv7e-m/fpu\libc.a(lib_a-mlock.o)
                0x08009c78                __malloc_lock
 .text.__malloc_unlock
                0x08009c84        0xc c:/program files (x86)/atollic/truestudio for stm32 9.0.1/armtools/bin/../lib/gcc/arm-atollic-eabi/6.3.1/../../../../arm-atollic-eabi/lib/armv7e-m/fpu\libc.a(lib_a-mlock.o)
                0x08009c84                __malloc_unlock
 .text._Balloc  0x08009c90       0x68 c:/program files (x86)/atollic/truestudio for stm32 9.0.1/armtools/bin/../lib/gcc/arm-atollic-eabi/6.3.1/../../../../arm-atollic-eabi/lib/armv7e-m/fpu\libc.a(lib_a-mprec.o)
                0x08009c90                _Balloc
 .text._Bfree   0x08009cf8       0x2e c:/program files (x86)/atollic/truestudio for stm32 9.0.1/armtools/bin/../lib/gcc/arm-atollic-eabi/6.3.1/../../../../arm-atollic-eabi/lib/armv7e-m/fpu\libc.a(lib_a-mprec.o)
                0x08009cf8                _Bfree
 .text.__multadd
                0x08009d26       0x76 c:/program files (x86)/atollic/truestudio for stm32 9.0.1/armtools/bin/../lib/gcc/arm-atollic-eabi/6.3.1/../../../../arm-atollic-eabi/lib/armv7e-m/fpu\libc.a(lib_a-mprec.o)
                0x08009d26                __multadd
 .text.__hi0bits
                0x08009d9c       0x3e c:/program files (x86)/atollic/truestudio for stm32 9.0.1/armtools/bin/../lib/gcc/arm-atollic-eabi/6.3.1/../../../../arm-atollic-eabi/lib/armv7e-m/fpu\libc.a(lib_a-mprec.o)
                0x08009d9c                __hi0bits
 .text.__lo0bits
                0x08009dda       0x5e c:/program files (x86)/atollic/truestudio for stm32 9.0.1/armtools/bin/../lib/gcc/arm-atollic-eabi/6.3.1/../../../../arm-atollic-eabi/lib/armv7e-m/fpu\libc.a(lib_a-mprec.o)
                0x08009dda                __lo0bits
 .text.__i2b    0x08009e38       0x12 c:/program files (x86)/atollic/truestudio for stm32 9.0.1/armtools/bin/../lib/gcc/arm-atollic-eabi/6.3.1/../../../../arm-atollic-eabi/lib/armv7e-m/fpu\libc.a(lib_a-mprec.o)
                0x08009e38                __i2b
 .text.__multiply
                0x08009e4a      0x11a c:/program files (x86)/atollic/truestudio for stm32 9.0.1/armtools/bin/../lib/gcc/arm-atollic-eabi/6.3.1/../../../../arm-atollic-eabi/lib/armv7e-m/fpu\libc.a(lib_a-mprec.o)
                0x08009e4a                __multiply
 .text.__pow5mult
                0x08009f64       0x9c c:/program files (x86)/atollic/truestudio for stm32 9.0.1/armtools/bin/../lib/gcc/arm-atollic-eabi/6.3.1/../../../../arm-atollic-eabi/lib/armv7e-m/fpu\libc.a(lib_a-mprec.o)
                0x08009f64                __pow5mult
 .text.__lshift
                0x0800a000       0xa2 c:/program files (x86)/atollic/truestudio for stm32 9.0.1/armtools/bin/../lib/gcc/arm-atollic-eabi/6.3.1/../../../../arm-atollic-eabi/lib/armv7e-m/fpu\libc.a(lib_a-mprec.o)
                0x0800a000                __lshift
 .text.__mcmp   0x0800a0a2       0x34 c:/program files (x86)/atollic/truestudio for stm32 9.0.1/armtools/bin/../lib/gcc/arm-atollic-eabi/6.3.1/../../../../arm-atollic-eabi/lib/armv7e-m/fpu\libc.a(lib_a-mprec.o)
                0x0800a0a2                __mcmp
 .text.__mdiff  0x0800a0d6       0xbc c:/program files (x86)/atollic/truestudio for stm32 9.0.1/armtools/bin/../lib/gcc/arm-atollic-eabi/6.3.1/../../../../arm-atollic-eabi/lib/armv7e-m/fpu\libc.a(lib_a-mprec.o)
                0x0800a0d6                __mdiff
 .text.__d2b    0x0800a192       0x9e c:/program files (x86)/atollic/truestudio for stm32 9.0.1/armtools/bin/../lib/gcc/arm-atollic-eabi/6.3.1/../../../../arm-atollic-eabi/lib/armv7e-m/fpu\libc.a(lib_a-mprec.o)
                0x0800a192                __d2b
 .text._realloc_r
                0x0800a230      0x300 c:/program files (x86)/atollic/truestudio for stm32 9.0.1/armtools/bin/../lib/gcc/arm-atollic-eabi/6.3.1/../../../../arm-atollic-eabi/lib/armv7e-m/fpu\libc.a(lib_a-reallocr.o)
                0x0800a230                _realloc_r
 .text._sbrk_r  0x0800a530       0x20 c:/program files (x86)/atollic/truestudio for stm32 9.0.1/armtools/bin/../lib/gcc/arm-atollic-eabi/6.3.1/../../../../arm-atollic-eabi/lib/armv7e-m/fpu\libc.a(lib_a-sbrkr.o)
                0x0800a530                _sbrk_r
 .text.__sread  0x0800a550       0x22 c:/program files (x86)/atollic/truestudio for stm32 9.0.1/armtools/bin/../lib/gcc/arm-atollic-eabi/6.3.1/../../../../arm-atollic-eabi/lib/armv7e-m/fpu\libc.a(lib_a-stdio.o)
                0x0800a550                __sread
 .text.__swrite
                0x0800a572       0x38 c:/program files (x86)/atollic/truestudio for stm32 9.0.1/armtools/bin/../lib/gcc/arm-atollic-eabi/6.3.1/../../../../arm-atollic-eabi/lib/armv7e-m/fpu\libc.a(lib_a-stdio.o)
                0x0800a572                __swrite
 .text.__sseek  0x0800a5aa       0x24 c:/program files (x86)/atollic/truestudio for stm32 9.0.1/armtools/bin/../lib/gcc/arm-atollic-eabi/6.3.1/../../../../arm-atollic-eabi/lib/armv7e-m/fpu\libc.a(lib_a-stdio.o)
                0x0800a5aa                __sseek
 .text.__sclose
                0x0800a5ce        0x8 c:/program files (x86)/atollic/truestudio for stm32 9.0.1/armtools/bin/../lib/gcc/arm-atollic-eabi/6.3.1/../../../../arm-atollic-eabi/lib/armv7e-m/fpu\libc.a(lib_a-stdio.o)
                0x0800a5ce                __sclose
 .text.__sprint_r
                0x0800a5d6       0x6a c:/program files (x86)/atollic/truestudio for stm32 9.0.1/armtools/bin/../lib/gcc/arm-atollic-eabi/6.3.1/../../../../arm-atollic-eabi/lib/armv7e-m/fpu\libc.a(lib_a-vfiprintf.o)
                0x0800a5d6                __sprint_r
 .text._write_r
                0x0800a640       0x24 c:/program files (x86)/atollic/truestudio for stm32 9.0.1/armtools/bin/../lib/gcc/arm-atollic-eabi/6.3.1/../../../../arm-atollic-eabi/lib/armv7e-m/fpu\libc.a(lib_a-writer.o)
                0x0800a640                _write_r
 .text._calloc_r
                0x0800a664       0x5a c:/program files (x86)/atollic/truestudio for stm32 9.0.1/armtools/bin/../lib/gcc/arm-atollic-eabi/6.3.1/../../../../arm-atollic-eabi/lib/armv7e-m/fpu\libc.a(lib_a-callocr.o)
                0x0800a664                _calloc_r
 *fill*         0x0800a6be        0x2 
 .text._close_r
                0x0800a6c0       0x20 c:/program files (x86)/atollic/truestudio for stm32 9.0.1/armtools/bin/../lib/gcc/arm-atollic-eabi/6.3.1/../../../../arm-atollic-eabi/lib/armv7e-m/fpu\libc.a(lib_a-closer.o)
                0x0800a6c0                _close_r
 .text._fclose_r
                0x0800a6e0       0xd8 c:/program files (x86)/atollic/truestudio for stm32 9.0.1/armtools/bin/../lib/gcc/arm-atollic-eabi/6.3.1/../../../../arm-atollic-eabi/lib/armv7e-m/fpu\libc.a(lib_a-fclose.o)
                0x0800a6e0                _fclose_r
 .text.__fputwc
                0x0800a7b8       0x82 c:/program files (x86)/atollic/truestudio for stm32 9.0.1/armtools/bin/../lib/gcc/arm-atollic-eabi/6.3.1/../../../../arm-atollic-eabi/lib/armv7e-m/fpu\libc.a(lib_a-fputwc.o)
                0x0800a7b8                __fputwc
 .text._fputwc_r
                0x0800a83a       0x52 c:/program files (x86)/atollic/truestudio for stm32 9.0.1/armtools/bin/../lib/gcc/arm-atollic-eabi/6.3.1/../../../../arm-atollic-eabi/lib/armv7e-m/fpu\libc.a(lib_a-fputwc.o)
                0x0800a83a                _fputwc_r
 .text._fstat_r
                0x0800a88c       0x24 c:/program files (x86)/atollic/truestudio for stm32 9.0.1/armtools/bin/../lib/gcc/arm-atollic-eabi/6.3.1/../../../../arm-atollic-eabi/lib/armv7e-m/fpu\libc.a(lib_a-fstatr.o)
                0x0800a88c                _fstat_r
 .text._isatty_r
                0x0800a8b0       0x20 c:/program files (x86)/atollic/truestudio for stm32 9.0.1/armtools/bin/../lib/gcc/arm-atollic-eabi/6.3.1/../../../../arm-atollic-eabi/lib/armv7e-m/fpu\libc.a(lib_a-isattyr.o)
                0x0800a8b0                _isatty_r
 .text.__locale_mb_cur_max
                0x0800a8d0       0x1c c:/program files (x86)/atollic/truestudio for stm32 9.0.1/armtools/bin/../lib/gcc/arm-atollic-eabi/6.3.1/../../../../arm-atollic-eabi/lib/armv7e-m/fpu\libc.a(lib_a-locale.o)
                0x0800a8d0                __locale_mb_cur_max
 .text._lseek_r
                0x0800a8ec       0x24 c:/program files (x86)/atollic/truestudio for stm32 9.0.1/armtools/bin/../lib/gcc/arm-atollic-eabi/6.3.1/../../../../arm-atollic-eabi/lib/armv7e-m/fpu\libc.a(lib_a-lseekr.o)
                0x0800a8ec                _lseek_r
 .text.__ascii_mbtowc
                0x0800a910       0x24 c:/program files (x86)/atollic/truestudio for stm32 9.0.1/armtools/bin/../lib/gcc/arm-atollic-eabi/6.3.1/../../../../arm-atollic-eabi/lib/armv7e-m/fpu\libc.a(lib_a-mbtowc_r.o)
                0x0800a910                __ascii_mbtowc
 .text._read_r  0x0800a934       0x24 c:/program files (x86)/atollic/truestudio for stm32 9.0.1/armtools/bin/../lib/gcc/arm-atollic-eabi/6.3.1/../../../../arm-atollic-eabi/lib/armv7e-m/fpu\libc.a(lib_a-readr.o)
                0x0800a934                _read_r
 .text.__swbuf_r
                0x0800a958       0xbc c:/program files (x86)/atollic/truestudio for stm32 9.0.1/armtools/bin/../lib/gcc/arm-atollic-eabi/6.3.1/../../../../arm-atollic-eabi/lib/armv7e-m/fpu\libc.a(lib_a-wbuf.o)
                0x0800a958                __swbuf_r
 .text._wcrtomb_r
                0x0800aa14       0x50 c:/program files (x86)/atollic/truestudio for stm32 9.0.1/armtools/bin/../lib/gcc/arm-atollic-eabi/6.3.1/../../../../arm-atollic-eabi/lib/armv7e-m/fpu\libc.a(lib_a-wcrtomb.o)
                0x0800aa14                _wcrtomb_r
 .text.__ascii_wctomb
                0x0800aa64       0x1a c:/program files (x86)/atollic/truestudio for stm32 9.0.1/armtools/bin/../lib/gcc/arm-atollic-eabi/6.3.1/../../../../arm-atollic-eabi/lib/armv7e-m/fpu\libc.a(lib_a-wctomb_r.o)
                0x0800aa64                __ascii_wctomb
 .text.abort    0x0800aa7e        0xe c:/program files (x86)/atollic/truestudio for stm32 9.0.1/armtools/bin/../lib/gcc/arm-atollic-eabi/6.3.1/../../../../arm-atollic-eabi/lib/armv7e-m/fpu\libc.a(lib_a-abort.o)
                0x0800aa7e                abort
 .text._raise_r
                0x0800aa8c       0x50 c:/program files (x86)/atollic/truestudio for stm32 9.0.1/armtools/bin/../lib/gcc/arm-atollic-eabi/6.3.1/../../../../arm-atollic-eabi/lib/armv7e-m/fpu\libc.a(lib_a-signal.o)
                0x0800aa8c                _raise_r
 .text.raise    0x0800aadc       0x10 c:/program files (x86)/atollic/truestudio for stm32 9.0.1/armtools/bin/../lib/gcc/arm-atollic-eabi/6.3.1/../../../../arm-atollic-eabi/lib/armv7e-m/fpu\libc.a(lib_a-signal.o)
                0x0800aadc                raise
 .text._kill_r  0x0800aaec       0x24 c:/program files (x86)/atollic/truestudio for stm32 9.0.1/armtools/bin/../lib/gcc/arm-atollic-eabi/6.3.1/../../../../arm-atollic-eabi/lib/armv7e-m/fpu\libc.a(lib_a-signalr.o)
                0x0800aaec                _kill_r
 .text._getpid_r
                0x0800ab10        0x4 c:/program files (x86)/atollic/truestudio for stm32 9.0.1/armtools/bin/../lib/gcc/arm-atollic-eabi/6.3.1/../../../../arm-atollic-eabi/lib/armv7e-m/fpu\libc.a(lib_a-signalr.o)
                0x0800ab10                _getpid_r
 *(.glue_7)
 .glue_7        0x0800ab14        0x0 linker stubs
 *(.glue_7t)
 .glue_7t       0x0800ab14        0x0 linker stubs
 *(.eh_frame)
 .eh_frame      0x0800ab14        0x0 c:/program files (x86)/atollic/truestudio for stm32 9.0.1/armtools/bin/../lib/gcc/arm-atollic-eabi/6.3.1/armv7e-m/fpu/crtbegin.o
 *(.init)
 .init          0x0800ab14        0x4 c:/program files (x86)/atollic/truestudio for stm32 9.0.1/armtools/bin/../lib/gcc/arm-atollic-eabi/6.3.1/armv7e-m/fpu/crti.o
                0x0800ab14                _init
 .init          0x0800ab18        0x8 c:/program files (x86)/atollic/truestudio for stm32 9.0.1/armtools/bin/../lib/gcc/arm-atollic-eabi/6.3.1/armv7e-m/fpu/crtn.o
 *(.fini)
 .fini          0x0800ab20        0x4 c:/program files (x86)/atollic/truestudio for stm32 9.0.1/armtools/bin/../lib/gcc/arm-atollic-eabi/6.3.1/armv7e-m/fpu/crti.o
                0x0800ab20                _fini
 .fini          0x0800ab24        0x8 c:/program files (x86)/atollic/truestudio for stm32 9.0.1/armtools/bin/../lib/gcc/arm-atollic-eabi/6.3.1/armv7e-m/fpu/crtn.o
                0x0800ab2c                . = ALIGN (0x4)
                0x0800ab2c                _etext = .

.vfp11_veneer   0x0800ab2c        0x0
 .vfp11_veneer  0x0800ab2c        0x0 linker stubs

.v4_bx          0x0800ab2c        0x0
 .v4_bx         0x0800ab2c        0x0 linker stubs

.iplt           0x0800ab2c        0x0
 .iplt          0x0800ab2c        0x0 c:/program files (x86)/atollic/truestudio for stm32 9.0.1/armtools/bin/../lib/gcc/arm-atollic-eabi/6.3.1/armv7e-m/fpu/crtbegin.o

.rodata         0x0800ab30      0x340
                0x0800ab30                . = ALIGN (0x4)
 *(.rodata)
 .rodata        0x0800ab30       0x4f Src\main.o
 *(.rodata*)
 *fill*         0x0800ab7f        0x1 
 .rodata.flagBitshiftOffset.8428
                0x0800ab80        0x8 Drivers\STM32F4xx_HAL_Driver\Src\stm32f4xx_hal_dma.o
 .rodata.AHBPrescTable
                0x0800ab88       0x10 Src\system_stm32f4xx.o
                0x0800ab88                AHBPrescTable
 .rodata.APBPrescTable
                0x0800ab98        0x8 Src\system_stm32f4xx.o
                0x0800ab98                APBPrescTable
 .rodata._global_impure_ptr
                0x0800aba0        0x4 c:/program files (x86)/atollic/truestudio for stm32 9.0.1/armtools/bin/../lib/gcc/arm-atollic-eabi/6.3.1/../../../../arm-atollic-eabi/lib/armv7e-m/fpu\libc.a(lib_a-impure.o)
                0x0800aba0                _global_impure_ptr
 .rodata._vfprintf_r.str1.1
                0x0800aba4       0x34 c:/program files (x86)/atollic/truestudio for stm32 9.0.1/armtools/bin/../lib/gcc/arm-atollic-eabi/6.3.1/../../../../arm-atollic-eabi/lib/armv7e-m/fpu\libc.a(lib_a-vfprintf.o)
 .rodata.blanks.8374
                0x0800abd8       0x10 c:/program files (x86)/atollic/truestudio for stm32 9.0.1/armtools/bin/../lib/gcc/arm-atollic-eabi/6.3.1/../../../../arm-atollic-eabi/lib/armv7e-m/fpu\libc.a(lib_a-vfprintf.o)
 .rodata.zeroes.8375
                0x0800abe8       0x10 c:/program files (x86)/atollic/truestudio for stm32 9.0.1/armtools/bin/../lib/gcc/arm-atollic-eabi/6.3.1/../../../../arm-atollic-eabi/lib/armv7e-m/fpu\libc.a(lib_a-vfprintf.o)
 .rodata._dtoa_r.str1.1
                0x0800abf8        0xd c:/program files (x86)/atollic/truestudio for stm32 9.0.1/armtools/bin/../lib/gcc/arm-atollic-eabi/6.3.1/../../../../arm-atollic-eabi/lib/armv7e-m/fpu\libc.a(lib_a-dtoa.o)
                                  0xf (size before relaxing)
 *fill*         0x0800ac05        0x3 
 .rodata.__sf_fake_stderr
                0x0800ac08       0x20 c:/program files (x86)/atollic/truestudio for stm32 9.0.1/armtools/bin/../lib/gcc/arm-atollic-eabi/6.3.1/../../../../arm-atollic-eabi/lib/armv7e-m/fpu\libc.a(lib_a-findfp.o)
                0x0800ac08                __sf_fake_stderr
 .rodata.__sf_fake_stdin
                0x0800ac28       0x20 c:/program files (x86)/atollic/truestudio for stm32 9.0.1/armtools/bin/../lib/gcc/arm-atollic-eabi/6.3.1/../../../../arm-atollic-eabi/lib/armv7e-m/fpu\libc.a(lib_a-findfp.o)
                0x0800ac28                __sf_fake_stdin
 .rodata.__sf_fake_stdout
                0x0800ac48       0x20 c:/program files (x86)/atollic/truestudio for stm32 9.0.1/armtools/bin/../lib/gcc/arm-atollic-eabi/6.3.1/../../../../arm-atollic-eabi/lib/armv7e-m/fpu\libc.a(lib_a-findfp.o)
                0x0800ac48                __sf_fake_stdout
 .rodata.__mprec_bigtens
                0x0800ac68       0x28 c:/program files (x86)/atollic/truestudio for stm32 9.0.1/armtools/bin/../lib/gcc/arm-atollic-eabi/6.3.1/../../../../arm-atollic-eabi/lib/armv7e-m/fpu\libc.a(lib_a-mprec.o)
                0x0800ac68                __mprec_bigtens
 .rodata.__mprec_tens
                0x0800ac90       0xc8 c:/program files (x86)/atollic/truestudio for stm32 9.0.1/armtools/bin/../lib/gcc/arm-atollic-eabi/6.3.1/../../../../arm-atollic-eabi/lib/armv7e-m/fpu\libc.a(lib_a-mprec.o)
                0x0800ac90                __mprec_tens
 .rodata.p05.7196
                0x0800ad58        0xc c:/program files (x86)/atollic/truestudio for stm32 9.0.1/armtools/bin/../lib/gcc/arm-atollic-eabi/6.3.1/../../../../arm-atollic-eabi/lib/armv7e-m/fpu\libc.a(lib_a-mprec.o)
 .rodata._setlocale_r.str1.1
                0x0800ad64        0x8 c:/program files (x86)/atollic/truestudio for stm32 9.0.1/armtools/bin/../lib/gcc/arm-atollic-eabi/6.3.1/../../../../arm-atollic-eabi/lib/armv7e-m/fpu\libc.a(lib_a-locale.o)
                                  0x9 (size before relaxing)
 .rodata.str1.1
                0x0800ad6c        0x2 c:/program files (x86)/atollic/truestudio for stm32 9.0.1/armtools/bin/../lib/gcc/arm-atollic-eabi/6.3.1/../../../../arm-atollic-eabi/lib/armv7e-m/fpu\libc.a(lib_a-locale.o)
 .rodata._ctype_
                0x0800ad6e      0x101 c:/program files (x86)/atollic/truestudio for stm32 9.0.1/armtools/bin/../lib/gcc/arm-atollic-eabi/6.3.1/../../../../arm-atollic-eabi/lib/armv7e-m/fpu\libc.a(lib_a-ctype_.o)
                0x0800ad6e                _ctype_
                0x0800ae70                . = ALIGN (0x4)
 *fill*         0x0800ae6f        0x1 

.ARM.extab      0x0800ae70      0x150
 *(.ARM.extab* .gnu.linkonce.armextab.*)
 .ARM.extab.text.HAL_CAN_RxFifo0MsgPendingCallback
                0x0800ae70        0xc Inc\Libraries\CAN\CAN.o
 .ARM.extab.text.HAL_I2C_MasterRxCpltCallback
                0x0800ae7c        0xc Inc\Libraries\InterruptIvent\interrupt.o
 .ARM.extab.text._ZN6I2CLCD9oled_putsEPc
                0x0800ae88        0xc Inc\Libraries\LCD\i2c_lcd.o
 .ARM.extab.text._ZN6I2CLCD17oled_writeCommandEc
                0x0800ae94        0xc Inc\Libraries\LCD\i2c_lcd.o
 .ARM.extab.text._ZN6I2CLCD13oled_contrastEi
                0x0800aea0        0xc Inc\Libraries\LCD\i2c_lcd.o
 .ARM.extab.text._ZN6I2CLCD9oled_initEv
                0x0800aeac        0xc Inc\Libraries\LCD\i2c_lcd.o
 .ARM.extab.text._ZN6I2CLCD10oled_clearEv
                0x0800aeb8        0xc Inc\Libraries\LCD\i2c_lcd.o
 .ARM.extab.text._ZN6I2CLCD10oled_powerEb
                0x0800aec4        0xc Inc\Libraries\LCD\i2c_lcd.o
 .ARM.extab.text._ZN6I2CLCD20oled_display_settingEbbb
                0x0800aed0        0xc Inc\Libraries\LCD\i2c_lcd.o
 .ARM.extab.text._ZN6I2CLCD15oled_returnhomeEv
                0x0800aedc        0xc Inc\Libraries\LCD\i2c_lcd.o
 .ARM.extab.text._ZN13PS3controller10SetconDataEv
                0x0800aee8        0xc Inc\Libraries\PS3\PS3class.o
 .ARM.extab.text._ZN13PS3controller11SendRequestEv
                0x0800aef4        0xc Inc\Libraries\PS3\PS3class.o
 .ARM.extab.text._Z15dma_printf_initP20__UART_HandleTypeDef
                0x0800af00        0xc Src\dma_printf.o
 .ARM.extab.text._Z15dma_printf_putch
                0x0800af0c        0xc Src\dma_printf.o
 .ARM.extab.text._Z18dma_printf_send_itP20__UART_HandleTypeDef
                0x0800af18        0xc Src\dma_printf.o
 .ARM.extab.text._Z14dma_scanf_initP20__UART_HandleTypeDef
                0x0800af24        0xc Src\dma_scanf.o
 .ARM.extab.text._Z23dma_scanf_getc_blockingv
                0x0800af30        0xc Src\dma_scanf.o
 .ARM.extab.text._ZN6CanBusC2Emm
                0x0800af3c        0x0 Src\main.o
 .ARM.extab.text._ZN7EncoderC2EP6CanBusih
                0x0800af3c        0x0 Src\main.o
 .ARM.extab.text._ZN5MotorC2EP6CanBust
                0x0800af3c        0x0 Src\main.o
 .ARM.extab.text._ZN11AircylinderC2EP6CanBush
                0x0800af3c        0x0 Src\main.o
 .ARM.extab.text._ZN5ServoC2EP6CanBust
                0x0800af3c        0x0 Src\main.o
 .ARM.extab.text._ZN12localizationC2EP6CanBusS1_
                0x0800af3c        0x0 Src\main.o
 .ARM.extab.text._ZN6I2CLCDC2EP19__I2C_HandleTypeDef
                0x0800af3c        0xc Src\main.o
 .ARM.extab.text._ZN6SensorC2EP6CanBusi
                0x0800af48        0x0 Src\main.o
 .ARM.extab.text._ZN7MicroSwC2EP6CanBusii
                0x0800af48        0x0 Src\main.o
 .ARM.extab.text._ZN13PS3controllerC2EP6CanBus
                0x0800af48        0x0 Src\main.o
 .ARM.extab.text._ZN3ICSC2EP20__UART_HandleTypeDef
                0x0800af48        0x0 Src\main.o
 .ARM.extab.text._ZN21LowlayerHandelTypedef7PowerOnEv
                0x0800af48        0xc Src\main.o
 .ARM.extab.text._ZN21LowlayerHandelTypedefC2Ev
                0x0800af54        0xc Src\main.o
 .ARM.extab.text._ZN6Timer1C2EP17TIM_HandleTypeDef
                0x0800af60        0x0 Src\main.o
 .ARM.extab.text._ZN6Timer111SetLoopTimeEf
                0x0800af60        0xc Src\main.o
 .ARM.extab.text._ZN6Timer15StartEv
                0x0800af6c        0xc Src\main.o
 .ARM.extab.text.__io_putchar
                0x0800af78        0xc Src\main.o
 .ARM.extab.text.HAL_UART_TxCpltCallback
                0x0800af84        0xc Src\main.o
 .ARM.extab.text.main
                0x0800af90        0xc Src\main.o
 .ARM.extab.text._Z18SystemClock_Configv
                0x0800af9c        0xc Src\main.o
 .ARM.extab     0x0800afa8       0x18 c:/program files (x86)/atollic/truestudio for stm32 9.0.1/armtools/bin/../lib/gcc/arm-atollic-eabi/6.3.1/armv7e-m/fpu\libgcc.a(pr-support.o)

.ARM            0x0800afc0      0x1d0
                0x0800afc0                __exidx_start = .
 *(.ARM.exidx*)
 .ARM.exidx.text.HAL_CAN_RxFifo0MsgPendingCallback
                0x0800b078        0x8 Inc\Libraries\CAN\CAN.o
 .ARM.exidx.text.HAL_CAN_RxFifo0FullCallback
                0x0800b080        0x8 Inc\Libraries\CAN\CAN.o
 .ARM.exidx.text.HAL_CAN_RxFifo1MsgPendingCallback
                0x0800b088        0x0 Inc\Libraries\CAN\CAN.o
                                  0x8 (size before relaxing)
 .ARM.exidx.text.HAL_TIM_PeriodElapsedCallback
                0x0800b088        0x0 Inc\Libraries\InterruptIvent\interrupt.o
                                  0x8 (size before relaxing)
 .ARM.exidx.text.HAL_I2C_MasterRxCpltCallback
                0x0800b088        0x8 Inc\Libraries\InterruptIvent\interrupt.o
 .ARM.exidx.text._ZN6I2CLCD9oled_putsEPc
                0x0800b090        0x8 Inc\Libraries\LCD\i2c_lcd.o
 .ARM.exidx.text._ZN6I2CLCD17oled_writeCommandEc
                0x0800b098        0x8 Inc\Libraries\LCD\i2c_lcd.o
 .ARM.exidx.text._ZN6I2CLCD13oled_contrastEi
                0x0800b0a0        0x8 Inc\Libraries\LCD\i2c_lcd.o
 .ARM.exidx.text._ZN6I2CLCD9oled_initEv
                0x0800b0a8        0x8 Inc\Libraries\LCD\i2c_lcd.o
 .ARM.exidx.text._ZN6I2CLCD10oled_clearEv
                0x0800b0b0        0x8 Inc\Libraries\LCD\i2c_lcd.o
 .ARM.exidx.text._ZN6I2CLCD10oled_powerEb
                0x0800b0b8        0x8 Inc\Libraries\LCD\i2c_lcd.o
 .ARM.exidx.text._ZN6I2CLCD20oled_display_settingEbbb
                0x0800b0c0        0x8 Inc\Libraries\LCD\i2c_lcd.o
 .ARM.exidx.text._ZN6I2CLCD15oled_returnhomeEv
                0x0800b0c8        0x8 Inc\Libraries\LCD\i2c_lcd.o
 .ARM.exidx.text._ZN13PS3controller10SetconDataEv
                0x0800b0d0        0x8 Inc\Libraries\PS3\PS3class.o
 .ARM.exidx.text._ZN13PS3controller11SendRequestEv
                0x0800b0d8        0x8 Inc\Libraries\PS3\PS3class.o
 .ARM.exidx.text._ZN13PS3controller14ANALOG_RIGHT_XEv
                0x0800b0e0        0x8 Inc\Libraries\PS3\PS3class.o
 .ARM.exidx.text._ZN13PS3controller14ANALOG_RIGHT_YEv
                0x0800b0e8        0x0 Inc\Libraries\PS3\PS3class.o
                                  0x8 (size before relaxing)
 .ARM.exidx.text._ZN13PS3controller13ANALOG_LEFT_XEv
                0x0800b0e8        0x0 Inc\Libraries\PS3\PS3class.o
                                  0x8 (size before relaxing)
 .ARM.exidx.text._ZN13PS3controller13ANALOG_LEFT_YEv
                0x0800b0e8        0x0 Inc\Libraries\PS3\PS3class.o
                                  0x8 (size before relaxing)
 .ARM.exidx.text._ZN13PS3controller2L2Ev
                0x0800b0e8        0x0 Inc\Libraries\PS3\PS3class.o
                                  0x8 (size before relaxing)
 .ARM.exidx.text._ZN13PS3controller2R2Ev
                0x0800b0e8        0x0 Inc\Libraries\PS3\PS3class.o
                                  0x8 (size before relaxing)
 .ARM.exidx.text._ZN6Sensor7SetDataEv
                0x0800b0e8        0x0 Inc\Libraries\Sensor\Sensor.o
                                  0x8 (size before relaxing)
 .ARM.exidx.text._ZN7MicroSw7SetDataEv
                0x0800b0e8        0x0 Inc\Libraries\Sensor\Sensor.o
                                  0x8 (size before relaxing)
 .ARM.exidx.text._ZN7Encoder7SetDataEv
                0x0800b0e8        0x0 Inc\Libraries\encoder\RotaryEncoder.o
                                  0x8 (size before relaxing)
 .ARM.exidx.text._ZN12localization7SetlocaEv
                0x0800b0e8        0x0 Inc\Libraries\localization\localization.o
                                  0x8 (size before relaxing)
 .ARM.exidx.text._Z15dma_printf_initP20__UART_HandleTypeDef
                0x0800b0e8        0x8 Src\dma_printf.o
 .ARM.exidx.text._Z15dma_printf_putch
                0x0800b0f0        0x8 Src\dma_printf.o
 .ARM.exidx.text._Z18dma_printf_send_itP20__UART_HandleTypeDef
                0x0800b0f8        0x8 Src\dma_printf.o
 .ARM.exidx.text._ZL12update_w_ptrP12dma_ring_buf
                0x0800b100        0x8 Src\dma_ring.o
 .ARM.exidx.text._Z13dma_ring_initP12dma_ring_bufP20__UART_HandleTypeDef
                0x0800b108        0x0 Src\dma_ring.o
                                  0x8 (size before relaxing)
 .ARM.exidx.text._Z13dma_ring_getcP12dma_ring_bufPh
                0x0800b108        0x0 Src\dma_ring.o
                                  0x8 (size before relaxing)
 .ARM.exidx.text._Z13dma_ring_putcP12dma_ring_bufh
                0x0800b108        0x0 Src\dma_ring.o
                                  0x8 (size before relaxing)
 .ARM.exidx.text._Z18dma_ring_availableP12dma_ring_buf
                0x0800b108        0x0 Src\dma_ring.o
                                  0x8 (size before relaxing)
 .ARM.exidx.text._Z25dma_ring_available_linearP12dma_ring_buf
                0x0800b108        0x0 Src\dma_ring.o
                                  0x8 (size before relaxing)
 .ARM.exidx.text._Z18dma_ring_get_r_ptrP12dma_ring_buf
                0x0800b108        0x0 Src\dma_ring.o
                                  0x8 (size before relaxing)
 .ARM.exidx.text._Z22dma_ring_forward_r_ptrP12dma_ring_bufi
                0x0800b108        0x0 Src\dma_ring.o
                                  0x8 (size before relaxing)
 .ARM.exidx.text._Z18dma_ring_set_w_ptrP12dma_ring_buft
                0x0800b108        0x0 Src\dma_ring.o
                                  0x8 (size before relaxing)
 .ARM.exidx.text._Z14dma_scanf_initP20__UART_HandleTypeDef
                0x0800b108        0x8 Src\dma_scanf.o
 .ARM.exidx.text._Z23dma_scanf_getc_blockingv
                0x0800b110       0x10 Src\dma_scanf.o
                                  0x8 (size before relaxing)
 .ARM.exidx.text._ZN6CanBusC2Emm
                0x0800b120        0x0 Src\main.o
                                  0x8 (size before relaxing)
 .ARM.exidx.text._ZN7EncoderC2EP6CanBusih
                0x0800b120        0x0 Src\main.o
                                  0x8 (size before relaxing)
 .ARM.exidx.text._ZN5MotorC2EP6CanBust
                0x0800b120        0x0 Src\main.o
                                  0x8 (size before relaxing)
 .ARM.exidx.text._ZN11AircylinderC2EP6CanBush
                0x0800b120        0x0 Src\main.o
                                  0x8 (size before relaxing)
 .ARM.exidx.text._ZN5ServoC2EP6CanBust
                0x0800b120        0x0 Src\main.o
                                  0x8 (size before relaxing)
 .ARM.exidx.text._ZN12localizationC2EP6CanBusS1_
                0x0800b120        0x0 Src\main.o
                                  0x8 (size before relaxing)
 .ARM.exidx.text._ZN6I2CLCDC2EP19__I2C_HandleTypeDef
                0x0800b120        0x8 Src\main.o
 .ARM.exidx.text._ZN6SensorC2EP6CanBusi
                0x0800b128        0x8 Src\main.o
 .ARM.exidx.text._ZN7MicroSwC2EP6CanBusii
                0x0800b130        0x0 Src\main.o
                                  0x8 (size before relaxing)
 .ARM.exidx.text._ZN13PS3controllerC2EP6CanBus
                0x0800b130        0x0 Src\main.o
                                  0x8 (size before relaxing)
 .ARM.exidx.text._ZN3ICSC2EP20__UART_HandleTypeDef
                0x0800b130        0x0 Src\main.o
                                  0x8 (size before relaxing)
 .ARM.exidx.text._ZN21LowlayerHandelTypedef7PowerOnEv
                0x0800b130        0x8 Src\main.o
 .ARM.exidx.text._ZN21LowlayerHandelTypedefC2Ev
                0x0800b138        0x8 Src\main.o
 .ARM.exidx.text._ZN6Timer1C2EP17TIM_HandleTypeDef
                0x0800b140        0x8 Src\main.o
 .ARM.exidx.text._ZN6Timer111SetLoopTimeEf
                0x0800b148        0x8 Src\main.o
 .ARM.exidx.text._ZN6Timer15StartEv
                0x0800b150        0x8 Src\main.o
 .ARM.exidx.text.__io_putchar
                0x0800b158        0x8 Src\main.o
 .ARM.exidx.text.__io_getchar
                0x0800b160        0x8 Src\main.o
 .ARM.exidx.text.HAL_UART_TxCpltCallback
                0x0800b168        0x8 Src\main.o
 .ARM.exidx.text.main
                0x0800b170        0x8 Src\main.o
 .ARM.exidx.text._Z18SystemClock_Configv
                0x0800b178        0x8 Src\main.o
 .ARM.exidx.text.Error_Handler
                0x0800b180       0x10 Src\main.o
                                  0x8 (size before relaxing)
 .ARM.exidx     0x0800afc0        0x8 c:/program files (x86)/atollic/truestudio for stm32 9.0.1/armtools/bin/../lib/gcc/arm-atollic-eabi/6.3.1/armv7e-m/fpu\libgcc.a(_udivmoddi4.o)
 .ARM.exidx     0x0800afc8       0x78 c:/program files (x86)/atollic/truestudio for stm32 9.0.1/armtools/bin/../lib/gcc/arm-atollic-eabi/6.3.1/armv7e-m/fpu\libgcc.a(unwind-arm.o)
                                 0xd8 (size before relaxing)
 .ARM.exidx     0x0800b040       0x38 c:/program files (x86)/atollic/truestudio for stm32 9.0.1/armtools/bin/../lib/gcc/arm-atollic-eabi/6.3.1/armv7e-m/fpu\libgcc.a(pr-support.o)
                                 0x48 (size before relaxing)
                0x0800b190                __exidx_end = .

.rel.dyn        0x0800b190        0x0
 .rel.iplt      0x0800b190        0x0 c:/program files (x86)/atollic/truestudio for stm32 9.0.1/armtools/bin/../lib/gcc/arm-atollic-eabi/6.3.1/armv7e-m/fpu/crtbegin.o

.preinit_array  0x0800b190        0x0
                0x0800b190                PROVIDE (__preinit_array_start, .)
 *(.preinit_array*)
                0x0800b190                PROVIDE (__preinit_array_end, .)

.init_array     0x0800b190        0x4
                0x0800b190                PROVIDE (__init_array_start, .)
 *(SORT(.init_array.*))
 *(.init_array*)
 .init_array    0x0800b190        0x4 c:/program files (x86)/atollic/truestudio for stm32 9.0.1/armtools/bin/../lib/gcc/arm-atollic-eabi/6.3.1/armv7e-m/fpu/crtbegin.o
                0x0800b194                PROVIDE (__init_array_end, .)

.fini_array     0x0800b194        0x4
                [!provide]                PROVIDE (__fini_array_start, .)
 *(SORT(.fini_array.*))
 *(.fini_array*)
 .fini_array    0x0800b194        0x4 c:/program files (x86)/atollic/truestudio for stm32 9.0.1/armtools/bin/../lib/gcc/arm-atollic-eabi/6.3.1/armv7e-m/fpu/crtbegin.o
                [!provide]                PROVIDE (__fini_array_end, .)
                0x0800b198                _sidata = LOADADDR (.data)

.data           0x20000000      0x67c load address 0x0800b198
                0x20000000                . = ALIGN (0x4)
                0x20000000                _sdata = .
 *(.data)
 *(.data*)
 .data.uwTickFreq
                0x20000000        0x1 Drivers\STM32F4xx_HAL_Driver\Src\stm32f4xx_hal.o
                0x20000000                uwTickFreq
 *fill*         0x20000001        0x3 
 .data.uwTickPrio
                0x20000004        0x4 Drivers\STM32F4xx_HAL_Driver\Src\stm32f4xx_hal.o
                0x20000004                uwTickPrio
 .data.SystemCoreClock
                0x20000008        0x4 Src\system_stm32f4xx.o
                0x20000008                SystemCoreClock
 .data._impure_ptr
                0x2000000c        0x4 c:/program files (x86)/atollic/truestudio for stm32 9.0.1/armtools/bin/../lib/gcc/arm-atollic-eabi/6.3.1/../../../../arm-atollic-eabi/lib/armv7e-m/fpu\libc.a(lib_a-impure.o)
                0x2000000c                _impure_ptr
 .data.impure_data
                0x20000010       0xf0 c:/program files (x86)/atollic/truestudio for stm32 9.0.1/armtools/bin/../lib/gcc/arm-atollic-eabi/6.3.1/../../../../arm-atollic-eabi/lib/armv7e-m/fpu\libc.a(lib_a-impure.o)
 .data.__malloc_av_
                0x20000100      0x408 c:/program files (x86)/atollic/truestudio for stm32 9.0.1/armtools/bin/../lib/gcc/arm-atollic-eabi/6.3.1/../../../../arm-atollic-eabi/lib/armv7e-m/fpu\libc.a(lib_a-mallocr.o)
                0x20000100                __malloc_av_
 .data.__malloc_sbrk_base
                0x20000508        0x4 c:/program files (x86)/atollic/truestudio for stm32 9.0.1/armtools/bin/../lib/gcc/arm-atollic-eabi/6.3.1/../../../../arm-atollic-eabi/lib/armv7e-m/fpu\libc.a(lib_a-mallocr.o)
                0x20000508                __malloc_sbrk_base
 .data.__malloc_trim_threshold
                0x2000050c        0x4 c:/program files (x86)/atollic/truestudio for stm32 9.0.1/armtools/bin/../lib/gcc/arm-atollic-eabi/6.3.1/../../../../arm-atollic-eabi/lib/armv7e-m/fpu\libc.a(lib_a-mallocr.o)
                0x2000050c                __malloc_trim_threshold
 .data.__global_locale
                0x20000510      0x16c c:/program files (x86)/atollic/truestudio for stm32 9.0.1/armtools/bin/../lib/gcc/arm-atollic-eabi/6.3.1/../../../../arm-atollic-eabi/lib/armv7e-m/fpu\libc.a(lib_a-locale.o)
                0x20000510                __global_locale
                0x2000067c                . = ALIGN (0x4)
                0x2000067c                _edata = .

.igot.plt       0x2000067c        0x0 load address 0x0800b814
 .igot.plt      0x2000067c        0x0 c:/program files (x86)/atollic/truestudio for stm32 9.0.1/armtools/bin/../lib/gcc/arm-atollic-eabi/6.3.1/armv7e-m/fpu/crtbegin.o
                0x2000067c                . = ALIGN (0x4)

.bss            0x2000067c      0xbfc load address 0x0800b814
                0x2000067c                _sbss = .
                0x2000067c                __bss_start__ = _sbss
 *(.bss)
 .bss           0x2000067c       0x1c c:/program files (x86)/atollic/truestudio for stm32 9.0.1/armtools/bin/../lib/gcc/arm-atollic-eabi/6.3.1/armv7e-m/fpu/crtbegin.o
 .bss           0x20000698       0x34 Inc\Libraries\CAN\CAN.o
                0x20000698                RxFIFO_Data
                0x200006a0                RXmsg
                0x200006bc                CanRxFlag
                0x200006c0                Fulllevel
                0x200006c4                rx_led
                0x200006c8                count
 .bss           0x200006cc        0x8 Inc\Libraries\InterruptIvent\interrupt.o
                0x200006cc                IntFlag
                0x200006d0                cunt
 .bss           0x200006d4        0x8 Inc\Libraries\PS3\PS3class.o
                0x200006d4                con_data