Archive member included to satisfy reference by file (symbol)

c:/program files (x86)/atollic/truestudio for stm32 9.0.1/armtools/bin/../lib/gcc/arm-atollic-eabi/6.3.1/../../../../arm-atollic-eabi/lib/armv7e-m/fpu\libc.a(lib_a-errno.o)
                              Src\syscalls.o (__errno)
c:/program files (x86)/atollic/truestudio for stm32 9.0.1/armtools/bin/../lib/gcc/arm-atollic-eabi/6.3.1/../../../../arm-atollic-eabi/lib/armv7e-m/fpu\libc.a(lib_a-impure.o)
                              c:/program files (x86)/atollic/truestudio for stm32 9.0.1/armtools/bin/../lib/gcc/arm-atollic-eabi/6.3.1/../../../../arm-atollic-eabi/lib/armv7e-m/fpu\libc.a(lib_a-errno.o) (_impure_ptr)
c:/program files (x86)/atollic/truestudio for stm32 9.0.1/armtools/bin/../lib/gcc/arm-atollic-eabi/6.3.1/../../../../arm-atollic-eabi/lib/armv7e-m/fpu\libc.a(lib_a-init.o)
                              startup\startup_stm32f446xx.o (__libc_init_array)
c:/program files (x86)/atollic/truestudio for stm32 9.0.1/armtools/bin/../lib/gcc/arm-atollic-eabi/6.3.1/../../../../arm-atollic-eabi/lib/armv7e-m/fpu\libc.a(lib_a-memset.o)
                              Src\main.o (memset)
c:/program files (x86)/atollic/truestudio for stm32 9.0.1/armtools/bin/../lib/gcc/arm-atollic-eabi/6.3.1/../../../../arm-atollic-eabi/lib/armv7e-m/fpu\libc.a(lib_a-printf.o)
                              Inc\CAN\CAN.o (printf)
c:/program files (x86)/atollic/truestudio for stm32 9.0.1/armtools/bin/../lib/gcc/arm-atollic-eabi/6.3.1/../../../../arm-atollic-eabi/lib/armv7e-m/fpu\libc.a(lib_a-vfprintf.o)
                              c:/program files (x86)/atollic/truestudio for stm32 9.0.1/armtools/bin/../lib/gcc/arm-atollic-eabi/6.3.1/../../../../arm-atollic-eabi/lib/armv7e-m/fpu\libc.a(lib_a-printf.o) (_vfprintf_r)
c:/program files (x86)/atollic/truestudio for stm32 9.0.1/armtools/bin/../lib/gcc/arm-atollic-eabi/6.3.1/../../../../arm-atollic-eabi/lib/armv7e-m/fpu\libc.a(lib_a-wsetup.o)
                              c:/program files (x86)/atollic/truestudio for stm32 9.0.1/armtools/bin/../lib/gcc/arm-atollic-eabi/6.3.1/../../../../arm-atollic-eabi/lib/armv7e-m/fpu\libc.a(lib_a-vfprintf.o) (__swsetup_r)
c:/program files (x86)/atollic/truestudio for stm32 9.0.1/armtools/bin/../lib/gcc/arm-atollic-eabi/6.3.1/../../../../arm-atollic-eabi/lib/armv7e-m/fpu\libc.a(lib_a-dtoa.o)
                              c:/program files (x86)/atollic/truestudio for stm32 9.0.1/armtools/bin/../lib/gcc/arm-atollic-eabi/6.3.1/../../../../arm-atollic-eabi/lib/armv7e-m/fpu\libc.a(lib_a-vfprintf.o) (_dtoa_r)
c:/program files (x86)/atollic/truestudio for stm32 9.0.1/armtools/bin/../lib/gcc/arm-atollic-eabi/6.3.1/../../../../arm-atollic-eabi/lib/armv7e-m/fpu\libc.a(lib_a-fflush.o)
                              c:/program files (x86)/atollic/truestudio for stm32 9.0.1/armtools/bin/../lib/gcc/arm-atollic-eabi/6.3.1/../../../../arm-atollic-eabi/lib/armv7e-m/fpu\libc.a(lib_a-vfprintf.o) (_fflush_r)
c:/program files (x86)/atollic/truestudio for stm32 9.0.1/armtools/bin/../lib/gcc/arm-atollic-eabi/6.3.1/../../../../arm-atollic-eabi/lib/armv7e-m/fpu\libc.a(lib_a-findfp.o)
                              c:/program files (x86)/atollic/truestudio for stm32 9.0.1/armtools/bin/../lib/gcc/arm-atollic-eabi/6.3.1/../../../../arm-atollic-eabi/lib/armv7e-m/fpu\libc.a(lib_a-printf.o) (__sinit)
c:/program files (x86)/atollic/truestudio for stm32 9.0.1/armtools/bin/../lib/gcc/arm-atollic-eabi/6.3.1/../../../../arm-atollic-eabi/lib/armv7e-m/fpu\libc.a(lib_a-freer.o)
                              c:/program files (x86)/atollic/truestudio for stm32 9.0.1/armtools/bin/../lib/gcc/arm-atollic-eabi/6.3.1/../../../../arm-atollic-eabi/lib/armv7e-m/fpu\libc.a(lib_a-wsetup.o) (_free_r)
c:/program files (x86)/atollic/truestudio for stm32 9.0.1/armtools/bin/../lib/gcc/arm-atollic-eabi/6.3.1/../../../../arm-atollic-eabi/lib/armv7e-m/fpu\libc.a(lib_a-fwalk.o)
                              c:/program files (x86)/atollic/truestudio for stm32 9.0.1/armtools/bin/../lib/gcc/arm-atollic-eabi/6.3.1/../../../../arm-atollic-eabi/lib/armv7e-m/fpu\libc.a(lib_a-findfp.o) (_fwalk)
c:/program files (x86)/atollic/truestudio for stm32 9.0.1/armtools/bin/../lib/gcc/arm-atollic-eabi/6.3.1/../../../../arm-atollic-eabi/lib/armv7e-m/fpu\libc.a(lib_a-localeconv.o)
                              c:/program files (x86)/atollic/truestudio for stm32 9.0.1/armtools/bin/../lib/gcc/arm-atollic-eabi/6.3.1/../../../../arm-atollic-eabi/lib/armv7e-m/fpu\libc.a(lib_a-vfprintf.o) (_localeconv_r)
c:/program files (x86)/atollic/truestudio for stm32 9.0.1/armtools/bin/../lib/gcc/arm-atollic-eabi/6.3.1/../../../../arm-atollic-eabi/lib/armv7e-m/fpu\libc.a(lib_a-lock.o)
                              c:/program files (x86)/atollic/truestudio for stm32 9.0.1/armtools/bin/../lib/gcc/arm-atollic-eabi/6.3.1/../../../../arm-atollic-eabi/lib/armv7e-m/fpu\libc.a(lib_a-vfprintf.o) (__retarget_lock_init_recursive)
[...]
Memory Configuration

Name             Origin             Length             Attributes
RAM              0x20000000         0x00020000         xrw
FLASH            0x08000000         0x00080000         xr
*default*        0x00000000         0xffffffff

Linker script and memory map

LOAD c:/program files (x86)/atollic/truestudio for stm32 9.0.1/armtools/bin/../lib/gcc/arm-atollic-eabi/6.3.1/armv7e-m/fpu/crti.o
LOAD c:/program files (x86)/atollic/truestudio for stm32 9.0.1/armtools/bin/../lib/gcc/arm-atollic-eabi/6.3.1/armv7e-m/fpu/crtbegin.o
LOAD Drivers\STM32F4xx_HAL_Driver\Src\stm32f4xx_hal.o
LOAD Drivers\STM32F4xx_HAL_Driver\Src\stm32f4xx_hal_can.o
LOAD Drivers\STM32F4xx_HAL_Driver\Src\stm32f4xx_hal_cortex.o
LOAD Drivers\STM32F4xx_HAL_Driver\Src\stm32f4xx_hal_dma.o
LOAD Drivers\STM32F4xx_HAL_Driver\Src\stm32f4xx_hal_dma_ex.o
LOAD Drivers\STM32F4xx_HAL_Driver\Src\stm32f4xx_hal_exti.o
LOAD Drivers\STM32F4xx_HAL_Driver\Src\stm32f4xx_hal_flash.o
LOAD Drivers\STM32F4xx_HAL_Driver\Src\stm32f4xx_hal_flash_ex.o
LOAD Drivers\STM32F4xx_HAL_Driver\Src\stm32f4xx_hal_flash_ramfunc.o
LOAD Drivers\STM32F4xx_HAL_Driver\Src\stm32f4xx_hal_gpio.o
LOAD Drivers\STM32F4xx_HAL_Driver\Src\stm32f4xx_hal_i2c.o
LOAD Drivers\STM32F4xx_HAL_Driver\Src\stm32f4xx_hal_i2c_ex.o
LOAD Drivers\STM32F4xx_HAL_Driver\Src\stm32f4xx_hal_pwr.o
LOAD Drivers\STM32F4xx_HAL_Driver\Src\stm32f4xx_hal_pwr_ex.o
LOAD Drivers\STM32F4xx_HAL_Driver\Src\stm32f4xx_hal_rcc.o
LOAD Drivers\STM32F4xx_HAL_Driver\Src\stm32f4xx_hal_rcc_ex.o
LOAD Drivers\STM32F4xx_HAL_Driver\Src\stm32f4xx_hal_tim.o
LOAD Drivers\STM32F4xx_HAL_Driver\Src\stm32f4xx_hal_tim_ex.o
LOAD Drivers\STM32F4xx_HAL_Driver\Src\stm32f4xx_hal_uart.o
LOAD Inc\Aircylinder\Aircylinder.o
LOAD Inc\CAN\CAN.o
LOAD Inc\InterruptIvent\interrupt.o
LOAD Inc\KondoServo\ICS.o
LOAD Inc\LCD\LCD.o
LOAD Inc\Motor\Motor.o
LOAD Inc\MotorSystem\MotorSytemClass.o
LOAD Inc\PS3\PS3class.o
LOAD Inc\Sensor\Sensor.o
LOAD Inc\Servo\Servo.o
LOAD Inc\encoder\RotaryEncoder.o
LOAD Inc\localization\localization.o
LOAD Src\can.o
LOAD Src\dma.o
LOAD Src\gpio.o
LOAD Src\i2c.o
LOAD Src\main.o
LOAD Src\scanf.o
LOAD Src\stm32f4xx_hal_msp.o
LOAD Src\stm32f4xx_it.o
LOAD Src\syscalls.o
LOAD Src\system_stm32f4xx.o
LOAD Src\tim.o
LOAD Src\usart.o
LOAD startup\startup_stm32f446xx.o
                0x00001000                malloc_getpagesize_P = 0x1000
START GROUP
LOAD c:/program files (x86)/atollic/truestudio for stm32 9.0.1/armtools/bin/../lib/gcc/arm-atollic-eabi/6.3.1/../../../../arm-atollic-eabi/lib/armv7e-m/fpu\libstdc++.a
LOAD c:/program files (x86)/atollic/truestudio for stm32 9.0.1/armtools/bin/../lib/gcc/arm-atollic-eabi/6.3.1/../../../../arm-atollic-eabi/lib/armv7e-m/fpu\libsupc++.a
END GROUP
LOAD c:/program files (x86)/atollic/truestudio for stm32 9.0.1/armtools/bin/../lib/gcc/arm-atollic-eabi/6.3.1/../../../../arm-atollic-eabi/lib/armv7e-m/fpu\libstdc++.a
LOAD c:/program files (x86)/atollic/truestudio for stm32 9.0.1/armtools/bin/../lib/gcc/arm-atollic-eabi/6.3.1/../../../../arm-atollic-eabi/lib/armv7e-m/fpu\libm.a
LOAD c:/program files (x86)/atollic/truestudio for stm32 9.0.1/armtools/bin/../lib/gcc/arm-atollic-eabi/6.3.1/../../../../arm-atollic-eabi/lib/armv7e-m/fpu\libc.a
START GROUP
LOAD c:/program files (x86)/atollic/truestudio for stm32 9.0.1/armtools/bin/../lib/gcc/arm-atollic-eabi/6.3.1/armv7e-m/fpu\libgcc.a
LOAD c:/program files (x86)/atollic/truestudio for stm32 9.0.1/armtools/bin/../lib/gcc/arm-atollic-eabi/6.3.1/../../../../arm-atollic-eabi/lib/armv7e-m/fpu\libc.a
END GROUP
START GROUP
LOAD c:/program files (x86)/atollic/truestudio for stm32 9.0.1/armtools/bin/../lib/gcc/arm-atollic-eabi/6.3.1/armv7e-m/fpu\libgcc.a
LOAD c:/program files (x86)/atollic/truestudio for stm32 9.0.1/armtools/bin/../lib/gcc/arm-atollic-eabi/6.3.1/../../../../arm-atollic-eabi/lib/armv7e-m/fpu\libc.a
LOAD c:/program files (x86)/atollic/truestudio for stm32 9.0.1/armtools/bin/../lib/gcc/arm-atollic-eabi/6.3.1/../../../../arm-atollic-eabi/lib/armv7e-m/fpu\libnosys.a
END GROUP
LOAD c:/program files (x86)/atollic/truestudio for stm32 9.0.1/armtools/bin/../lib/gcc/arm-atollic-eabi/6.3.1/armv7e-m/fpu/crtend.o
LOAD c:/program files (x86)/atollic/truestudio for stm32 9.0.1/armtools/bin/../lib/gcc/arm-atollic-eabi/6.3.1/armv7e-m/fpu/crtn.o
                0x20020000                _estack = 0x20020000
                0x00000200                _Min_Heap_Size = 0x200
                0x00000400                _Min_Stack_Size = 0x400

.isr_vector     0x08000000      0x1c4
                0x08000000                . = ALIGN (0x4)
 *(.isr_vector)
 .isr_vector    0x08000000      0x1c4 startup\startup_stm32f446xx.o
                0x08000000                g_pfnVectors
                0x080001c4                . = ALIGN (0x4)

.text           0x080001d0     0x8c1c
                0x080001d0                . = ALIGN (0x4)
 *(.text)
 .text          0x080001d0       0x40 c:/program files (x86)/atollic/truestudio for stm32 9.0.1/armtools/bin/../lib/gcc/arm-atollic-eabi/6.3.1/armv7e-m/fpu/crtbegin.o
 .text          0x08000210       0xa0 c:/program files (x86)/atollic/truestudio for stm32 9.0.1/armtools/bin/../lib/gcc/arm-atollic-eabi/6.3.1/../../../../arm-atollic-eabi/lib/armv7e-m/fpu\libc.a(lib_a-memchr.o)
                0x08000210                memchr
 .text          0x080002b0       0x10 c:/program files (x86)/atollic/truestudio for stm32 9.0.1/armtools/bin/../lib/gcc/arm-atollic-eabi/6.3.1/../../../../arm-atollic-eabi/lib/armv7e-m/fpu\libc.a(lib_a-strlen.o)
                0x080002b0                strlen
 .text          0x080002c0      0x370 c:/program files (x86)/atollic/truestudio for stm32 9.0.1/armtools/bin/../lib/gcc/arm-atollic-eabi/6.3.1/armv7e-m/fpu\libgcc.a(_arm_addsubdf3.o)
                0x080002c0                __aeabi_drsub
                0x080002c8                __aeabi_dsub
                0x080002c8                __subdf3
                0x080002cc                __aeabi_dadd
                0x080002cc                __adddf3
                0x08000544                __floatunsidf
                0x08000544                __aeabi_ui2d
                0x08000564                __floatsidf
                0x08000564                __aeabi_i2d
                0x08000588                __aeabi_f2d
                0x08000588                __extendsfdf2
                0x080005c4                __floatundidf
                0x080005c4                __aeabi_ul2d
                0x080005d4                __floatdidf
                0x080005d4                __aeabi_l2d
 .text          0x08000630      0x424 c:/program files (x86)/atollic/truestudio for stm32 9.0.1/armtools/bin/../lib/gcc/arm-atollic-eabi/6.3.1/armv7e-m/fpu\libgcc.a(_arm_muldivdf3.o)
                0x08000630                __aeabi_dmul
                0x08000630                __muldf3
                0x08000884                __divdf3
                0x08000884                __aeabi_ddiv
 .text          0x08000a54      0x110 c:/program files (x86)/atollic/truestudio for stm32 9.0.1/armtools/bin/../lib/gcc/arm-atollic-eabi/6.3.1/armv7e-m/fpu\libgcc.a(_arm_cmpdf2.o)
                0x08000a54                __gtdf2
                0x08000a54                __gedf2
                0x08000a5c                __ltdf2
                0x08000a5c                __ledf2
                0x08000a64                __nedf2
                0x08000a64                __eqdf2
                0x08000a64                __cmpdf2
                0x08000ae0                __aeabi_cdrcmple
                0x08000af0                __aeabi_cdcmpeq
                0x08000af0                __aeabi_cdcmple
                0x08000b00                __aeabi_dcmpeq
                0x08000b14                __aeabi_dcmplt
                0x08000b28                __aeabi_dcmple
                0x08000b3c                __aeabi_dcmpge
                0x08000b50                __aeabi_dcmpgt
 .text          0x08000b64       0x2c c:/program files (x86)/atollic/truestudio for stm32 9.0.1/armtools/bin/../lib/gcc/arm-atollic-eabi/6.3.1/armv7e-m/fpu\libgcc.a(_arm_unorddf2.o)
                0x08000b64                __unorddf2
                0x08000b64                __aeabi_dcmpun
 .text          0x08000b90       0x50 c:/program files (x86)/atollic/truestudio for stm32 9.0.1/armtools/bin/../lib/gcc/arm-atollic-eabi/6.3.1/armv7e-m/fpu\libgcc.a(_arm_fixdfsi.o)
                0x08000b90                __aeabi_d2iz
                0x08000b90                __fixdfsi
 .text          0x08000be0       0x30 c:/program files (x86)/atollic/truestudio for stm32 9.0.1/armtools/bin/../lib/gcc/arm-atollic-eabi/6.3.1/armv7e-m/fpu\libgcc.a(_aeabi_uldivmod.o)
                0x08000be0                __aeabi_uldivmod
 .text          0x08000c10      0x2dc c:/program files (x86)/atollic/truestudio for stm32 9.0.1/armtools/bin/../lib/gcc/arm-atollic-eabi/6.3.1/armv7e-m/fpu\libgcc.a(_udivmoddi4.o)
                0x08000c10                __udivmoddi4
 .text          0x08000eec      0x9cc c:/program files (x86)/atollic/truestudio for stm32 9.0.1/armtools/bin/../lib/gcc/arm-atollic-eabi/6.3.1/armv7e-m/fpu\libgcc.a(unwind-arm.o)
                0x080011ac                _Unwind_GetCFA
                0x080011b0                __gnu_Unwind_RaiseException
                0x08001210                __gnu_Unwind_ForcedUnwind
                0x08001224                __gnu_Unwind_Resume
                0x08001268                __gnu_Unwind_Resume_or_Rethrow
                0x08001278                _Unwind_Complete
                0x0800127c                _Unwind_DeleteException
                0x08001288                _Unwind_VRS_Get
                0x080012d4                _Unwind_VRS_Set
                0x08001324                __gnu_Unwind_Backtrace
                0x08001664                __aeabi_unwind_cpp_pr0
                0x08001668                __aeabi_unwind_cpp_pr1
                0x0800166c                __aeabi_unwind_cpp_pr2
                0x08001670                _Unwind_VRS_Pop
 .text          0x080018b8      0x1ac c:/program files (x86)/atollic/truestudio for stm32 9.0.1/armtools/bin/../lib/gcc/arm-atollic-eabi/6.3.1/armv7e-m/fpu\libgcc.a(libunwind.o)
                0x080018b8                __restore_core_regs
                0x080018b8                restore_core_regs
                0x080018d0                __gnu_Unwind_Restore_VFP
                0x080018d8                __gnu_Unwind_Save_VFP
                0x080018e0                __gnu_Unwind_Restore_VFP_D
                0x080018e8                __gnu_Unwind_Save_VFP_D
                0x080018f0                __gnu_Unwind_Restore_VFP_D_16_to_31
                0x080018f8                __gnu_Unwind_Save_VFP_D_16_to_31
                0x08001900                __gnu_Unwind_Restore_WMMXD
                0x08001944                __gnu_Unwind_Save_WMMXD
                0x08001988                __gnu_Unwind_Restore_WMMXC
                0x0800199c                __gnu_Unwind_Save_WMMXC
                0x080019b0                ___Unwind_RaiseException
                0x080019b0                _Unwind_RaiseException
                0x080019d4                _Unwind_Resume
                0x080019d4                ___Unwind_Resume
                0x080019f8                _Unwind_Resume_or_Rethrow
                0x080019f8                ___Unwind_Resume_or_Rethrow
                0x08001a1c                _Unwind_ForcedUnwind
                0x08001a1c                ___Unwind_ForcedUnwind
                0x08001a40                ___Unwind_Backtrace
                0x08001a40                _Unwind_Backtrace
 .text          0x08001a64      0x380 c:/program files (x86)/atollic/truestudio for stm32 9.0.1/armtools/bin/../lib/gcc/arm-atollic-eabi/6.3.1/armv7e-m/fpu\libgcc.a(pr-support.o)
                0x08001abc                __gnu_unwind_execute
                0x08001d8c                __gnu_unwind_frame
                0x08001db4                _Unwind_GetRegionStart
                0x08001dc0                _Unwind_GetLanguageSpecificData
                0x08001dd4                _Unwind_GetTextRelBase
                0x08001ddc                _Unwind_GetDataRelBase
 .text          0x08001de4        0x4 c:/program files (x86)/atollic/truestudio for stm32 9.0.1/armtools/bin/../lib/gcc/arm-atollic-eabi/6.3.1/armv7e-m/fpu\libgcc.a(_dvmd_tls.o)
                0x08001de4                __aeabi_idiv0
                0x08001de4                __aeabi_ldiv0
 *(.text*)
 .text.HAL_InitTick
                0x08001de8       0x48 Drivers\STM32F4xx_HAL_Driver\Src\stm32f4xx_hal.o
                0x08001de8                HAL_InitTick
 .text.HAL_Init
                0x08001e30       0x34 Drivers\STM32F4xx_HAL_Driver\Src\stm32f4xx_hal.o
                0x08001e30                HAL_Init
 .text.HAL_IncTick
                0x08001e64       0x18 Drivers\STM32F4xx_HAL_Driver\Src\stm32f4xx_hal.o
                0x08001e64                HAL_IncTick
 .text.HAL_GetTick
                0x08001e7c        0xc Drivers\STM32F4xx_HAL_Driver\Src\stm32f4xx_hal.o
                0x08001e7c                HAL_GetTick
 .text.HAL_Delay
                0x08001e88       0x24 Drivers\STM32F4xx_HAL_Driver\Src\stm32f4xx_hal.o
                0x08001e88                HAL_Delay
 .text.HAL_CAN_Init
                0x08001eac      0x104 Drivers\STM32F4xx_HAL_Driver\Src\stm32f4xx_hal_can.o
                0x08001eac                HAL_CAN_Init
 .text.HAL_CAN_ConfigFilter
                0x08001fb0      0x10c Drivers\STM32F4xx_HAL_Driver\Src\stm32f4xx_hal_can.o
                0x08001fb0                HAL_CAN_ConfigFilter
 .text.HAL_CAN_Start
                0x080020bc       0x5c Drivers\STM32F4xx_HAL_Driver\Src\stm32f4xx_hal_can.o
                0x080020bc                HAL_CAN_Start
 .text.HAL_CAN_AddTxMessage
                0x08002118       0xb0 Drivers\STM32F4xx_HAL_Driver\Src\stm32f4xx_hal_can.o
                0x08002118                HAL_CAN_AddTxMessage
 .text.HAL_CAN_GetRxMessage
                0x080021c8      0x104 Drivers\STM32F4xx_HAL_Driver\Src\stm32f4xx_hal_can.o
                0x080021c8                HAL_CAN_GetRxMessage
 .text.HAL_CAN_ActivateNotification
                0x080022cc       0x24 Drivers\STM32F4xx_HAL_Driver\Src\stm32f4xx_hal_can.o
                0x080022cc                HAL_CAN_ActivateNotification
 .text.HAL_CAN_TxMailbox0CompleteCallback
                0x080022f0        0x4 Drivers\STM32F4xx_HAL_Driver\Src\stm32f4xx_hal_can.o
                0x080022f0                HAL_CAN_TxMailbox0CompleteCallback
 .text.HAL_CAN_TxMailbox1CompleteCallback
                0x080022f4        0x4 Drivers\STM32F4xx_HAL_Driver\Src\stm32f4xx_hal_can.o
                0x080022f4                HAL_CAN_TxMailbox1CompleteCallback
 .text.HAL_CAN_TxMailbox2CompleteCallback
                0x080022f8        0x4 Drivers\STM32F4xx_HAL_Driver\Src\stm32f4xx_hal_can.o
                0x080022f8                HAL_CAN_TxMailbox2CompleteCallback
 .text.HAL_CAN_TxMailbox0AbortCallback
                0x080022fc        0x4 Drivers\STM32F4xx_HAL_Driver\Src\stm32f4xx_hal_can.o
                0x080022fc                HAL_CAN_TxMailbox0AbortCallback
 .text.HAL_CAN_TxMailbox1AbortCallback
                0x08002300        0x4 Drivers\STM32F4xx_HAL_Driver\Src\stm32f4xx_hal_can.o
                0x08002300                HAL_CAN_TxMailbox1AbortCallback
 .text.HAL_CAN_TxMailbox2AbortCallback
                0x08002304        0x4 Drivers\STM32F4xx_HAL_Driver\Src\stm32f4xx_hal_can.o
                0x08002304                HAL_CAN_TxMailbox2AbortCallback
 .text.HAL_CAN_RxFifo0FullCallback
                0x08002308        0x4 Drivers\STM32F4xx_HAL_Driver\Src\stm32f4xx_hal_can.o
                0x08002308                HAL_CAN_RxFifo0FullCallback
 .text.HAL_CAN_RxFifo1MsgPendingCallback
                0x0800230c        0x4 Drivers\STM32F4xx_HAL_Driver\Src\stm32f4xx_hal_can.o
                0x0800230c                HAL_CAN_RxFifo1MsgPendingCallback
 .text.HAL_CAN_RxFifo1FullCallback
                0x08002310        0x4 Drivers\STM32F4xx_HAL_Driver\Src\stm32f4xx_hal_can.o
                0x08002310                HAL_CAN_RxFifo1FullCallback
 .text.HAL_CAN_SleepCallback
                0x08002314        0x4 Drivers\STM32F4xx_HAL_Driver\Src\stm32f4xx_hal_can.o
                0x08002314                HAL_CAN_SleepCallback
 .text.HAL_CAN_WakeUpFromRxMsgCallback
                0x08002318        0x4 Drivers\STM32F4xx_HAL_Driver\Src\stm32f4xx_hal_can.o
                0x08002318                HAL_CAN_WakeUpFromRxMsgCallback
 .text.HAL_CAN_ErrorCallback
                0x0800231c        0x4 Drivers\STM32F4xx_HAL_Driver\Src\stm32f4xx_hal_can.o
                0x0800231c                HAL_CAN_ErrorCallback
 .text.HAL_CAN_IRQHandler
                0x08002320      0x254 Drivers\STM32F4xx_HAL_Driver\Src\stm32f4xx_hal_can.o
                0x08002320                HAL_CAN_IRQHandler
 .text.HAL_NVIC_SetPriorityGrouping
                0x08002574       0x24 Drivers\STM32F4xx_HAL_Driver\Src\stm32f4xx_hal_cortex.o
                0x08002574                HAL_NVIC_SetPriorityGrouping
 .text.HAL_NVIC_SetPriority
                0x08002598       0x6c Drivers\STM32F4xx_HAL_Driver\Src\stm32f4xx_hal_cortex.o
                0x08002598                HAL_NVIC_SetPriority
 .text.HAL_NVIC_EnableIRQ
                0x08002604       0x1c Drivers\STM32F4xx_HAL_Driver\Src\stm32f4xx_hal_cortex.o
                0x08002604                HAL_NVIC_EnableIRQ
 .text.HAL_SYSTICK_Config
                0x08002620       0x34 Drivers\STM32F4xx_HAL_Driver\Src\stm32f4xx_hal_cortex.o
                0x08002620                HAL_SYSTICK_Config
 .text.HAL_DMA_Init
                0x08002654      0x134 Drivers\STM32F4xx_HAL_Driver\Src\stm32f4xx_hal_dma.o
                0x08002654                HAL_DMA_Init
 .text.HAL_DMA_IRQHandler
                0x08002788      0x1a0 Drivers\STM32F4xx_HAL_Driver\Src\stm32f4xx_hal_dma.o
                0x08002788                HAL_DMA_IRQHandler
 .text.HAL_GPIO_Init
                0x08002928      0x210 Drivers\STM32F4xx_HAL_Driver\Src\stm32f4xx_hal_gpio.o
                0x08002928                HAL_GPIO_Init
 .text.HAL_GPIO_WritePin
                0x08002b38        0x8 Drivers\STM32F4xx_HAL_Driver\Src\stm32f4xx_hal_gpio.o
                0x08002b38                HAL_GPIO_WritePin
 .text.HAL_GPIO_TogglePin
                0x08002b40       0x10 Drivers\STM32F4xx_HAL_Driver\Src\stm32f4xx_hal_gpio.o
                0x08002b40                HAL_GPIO_TogglePin
 .text.HAL_I2C_Init
                0x08002b50      0x170 Drivers\STM32F4xx_HAL_Driver\Src\stm32f4xx_hal_i2c.o
                0x08002b50                HAL_I2C_Init
 .text.HAL_RCC_ClockConfig
                0x08002cc0      0x134 Drivers\STM32F4xx_HAL_Driver\Src\stm32f4xx_hal_rcc.o
                0x08002cc0                HAL_RCC_ClockConfig
 .text.HAL_RCC_GetPCLK1Freq
                0x08002df4       0x20 Drivers\STM32F4xx_HAL_Driver\Src\stm32f4xx_hal_rcc.o
                0x08002df4                HAL_RCC_GetPCLK1Freq
 .text.HAL_RCC_GetPCLK2Freq
                0x08002e14       0x20 Drivers\STM32F4xx_HAL_Driver\Src\stm32f4xx_hal_rcc.o
                0x08002e14                HAL_RCC_GetPCLK2Freq
 .text.HAL_RCC_GetSysClockFreq
                0x08002e34       0xb0 Drivers\STM32F4xx_HAL_Driver\Src\stm32f4xx_hal_rcc_ex.o
                0x08002e34                HAL_RCC_GetSysClockFreq
 .text.HAL_RCC_OscConfig
                0x08002ee4      0x3ac Drivers\STM32F4xx_HAL_Driver\Src\stm32f4xx_hal_rcc_ex.o
                0x08002ee4                HAL_RCC_OscConfig
 .text.HAL_TIM_Base_Init
                0x08003290      0x144 Drivers\STM32F4xx_HAL_Driver\Src\stm32f4xx_hal_tim.o
                0x08003290                HAL_TIM_Base_Init
 .text.HAL_TIM_Base_Start_IT
                0x080033d4       0x20 Drivers\STM32F4xx_HAL_Driver\Src\stm32f4xx_hal_tim.o
                0x080033d4                HAL_TIM_Base_Start_IT
 .text.HAL_TIM_PWM_Init
                0x080033f4      0x144 Drivers\STM32F4xx_HAL_Driver\Src\stm32f4xx_hal_tim.o
                0x080033f4                HAL_TIM_PWM_Init
 .text.HAL_TIM_PWM_ConfigChannel
                0x08003538      0x20c Drivers\STM32F4xx_HAL_Driver\Src\stm32f4xx_hal_tim.o
                0x08003538                HAL_TIM_PWM_ConfigChannel
 .text.HAL_TIM_OC_DelayElapsedCallback
                0x08003744        0x4 Drivers\STM32F4xx_HAL_Driver\Src\stm32f4xx_hal_tim.o
                0x08003744                HAL_TIM_OC_DelayElapsedCallback
 .text.HAL_TIM_IC_CaptureCallback
                0x08003748        0x4 Drivers\STM32F4xx_HAL_Driver\Src\stm32f4xx_hal_tim.o
                0x08003748                HAL_TIM_IC_CaptureCallback
 .text.HAL_TIM_PWM_PulseFinishedCallback
                0x0800374c        0x4 Drivers\STM32F4xx_HAL_Driver\Src\stm32f4xx_hal_tim.o
                0x0800374c                HAL_TIM_PWM_PulseFinishedCallback
 .text.HAL_TIM_TriggerCallback
                0x08003750        0x4 Drivers\STM32F4xx_HAL_Driver\Src\stm32f4xx_hal_tim.o
                0x08003750                HAL_TIM_TriggerCallback
 .text.HAL_TIM_IRQHandler
                0x08003754      0x154 Drivers\STM32F4xx_HAL_Driver\Src\stm32f4xx_hal_tim.o
                0x08003754                HAL_TIM_IRQHandler
 .text.HAL_TIMEx_MasterConfigSynchronization
                0x080038a8       0x44 Drivers\STM32F4xx_HAL_Driver\Src\stm32f4xx_hal_tim_ex.o
                0x080038a8                HAL_TIMEx_MasterConfigSynchronization
 .text.HAL_TIMEx_CommutCallback
                0x080038ec        0x4 Drivers\STM32F4xx_HAL_Driver\Src\stm32f4xx_hal_tim_ex.o
                0x080038ec                HAL_TIMEx_CommutCallback
 .text.HAL_TIMEx_BreakCallback
                0x080038f0        0x4 Drivers\STM32F4xx_HAL_Driver\Src\stm32f4xx_hal_tim_ex.o
                0x080038f0                HAL_TIMEx_BreakCallback
 .text.UART_SetConfig
                0x080038f4      0x300 Drivers\STM32F4xx_HAL_Driver\Src\stm32f4xx_hal_uart.o
 .text.HAL_UART_Init
                0x08003bf4       0x60 Drivers\STM32F4xx_HAL_Driver\Src\stm32f4xx_hal_uart.o
                0x08003bf4                HAL_UART_Init
 .text.HAL_UART_Transmit
                0x08003c54      0x108 Drivers\STM32F4xx_HAL_Driver\Src\stm32f4xx_hal_uart.o
                0x08003c54                HAL_UART_Transmit
 .text.HAL_UART_Receive
                0x08003d5c      0x104 Drivers\STM32F4xx_HAL_Driver\Src\stm32f4xx_hal_uart.o
                0x08003d5c                HAL_UART_Receive
 .text._Z12FilterConfigv
                0x08003e60       0x48 Inc\CAN\CAN.o
                0x08003e60                FilterConfig()
 .text.HAL_CAN_RxFifo0MsgPendingCallback
                0x08003ea8       0x2c Inc\CAN\CAN.o
                0x08003ea8                HAL_CAN_RxFifo0MsgPendingCallback
 .text._ZN6CanBus4SendEmhPh
                0x08003ed4      0x120 Inc\CAN\CAN.o
                0x08003ed4                CanBus::Send(unsigned long, unsigned char, unsigned char*)
 .text.HAL_TIM_PeriodElapsedCallback
                0x08003ff4       0x2c Inc\InterruptIvent\interrupt.o
                0x08003ff4                HAL_TIM_PeriodElapsedCallback
 .text._ZN11MotorSystem5beginEv
                0x08004020       0x44 Inc\MotorSystem\MotorSytemClass.o
                0x08004020                MotorSystem::begin()
 .text._ZN12localization10SendReqestEv
                0x08004064       0x24 Inc\localization\localization.o
                0x08004064                localization::SendReqest()
 .text.MX_CAN1_Init
                0x08004088       0x48 Src\can.o
                0x08004088                MX_CAN1_Init
 .text.HAL_CAN_MspInit
                0x080040d0       0xa0 Src\can.o
                0x080040d0                HAL_CAN_MspInit
 .text.MX_DMA_Init
                0x08004170       0x44 Src\dma.o
                0x08004170                MX_DMA_Init
 .text.MX_GPIO_Init
                0x080041b4       0xf8 Src\gpio.o
                0x080041b4                MX_GPIO_Init
 .text.MX_I2C2_Init
                0x080042ac       0x40 Src\i2c.o
                0x080042ac                MX_I2C2_Init
 .text.HAL_I2C_MspInit
                0x080042ec       0xb4 Src\i2c.o
                0x080042ec                HAL_I2C_MspInit
 .text._Z9lcd_writecc.constprop.4
                0x080043a0       0x8c Src\main.o
 .text._Z9lcd_writecc.constprop.3
                0x0800442c       0x8c Src\main.o
 .text._Z7LcdInitv
                0x080044b8      0x1e0 Src\main.o
                0x080044b8                LcdInit()
 .text._Z12SetFrequencyl
                0x08004698       0x98 Src\main.o
                0x08004698                SetFrequency(long)
 .text._Z18SystemClock_Configv
                0x08004730       0xc4 Src\main.o
                0x08004730                SystemClock_Config()
 .text.startup.main
                0x080047f4      0x39c Src\main.o
                0x080047f4                main
 .text.Error_Handler
                0x08004b90       0x9c Src\main.o
                0x08004b90                Error_Handler
 .text.__io_putchar
                0x08004c2c       0x24 Src\scanf.o
                0x08004c2c                __io_putchar
 .text.__io_getchar
                0x08004c50       0x58 Src\scanf.o
                0x08004c50                __io_getchar
 .text.HAL_MspInit
                0x08004ca8       0x40 Src\stm32f4xx_hal_msp.o
                0x08004ca8                HAL_MspInit
 .text.NMI_Handler
                0x08004ce8        0x4 Src\stm32f4xx_it.o
                0x08004ce8                NMI_Handler
 .text.HardFault_Handler
                0x08004cec        0x4 Src\stm32f4xx_it.o
                0x08004cec                HardFault_Handler
 .text.MemManage_Handler
                0x08004cf0        0x4 Src\stm32f4xx_it.o
                0x08004cf0                MemManage_Handler
 .text.BusFault_Handler
                0x08004cf4        0x4 Src\stm32f4xx_it.o
                0x08004cf4                BusFault_Handler
 .text.UsageFault_Handler
                0x08004cf8        0x4 Src\stm32f4xx_it.o
                0x08004cf8                UsageFault_Handler
 .text.SVC_Handler
                0x08004cfc        0x4 Src\stm32f4xx_it.o
                0x08004cfc                SVC_Handler
 .text.DebugMon_Handler
                0x08004d00        0x4 Src\stm32f4xx_it.o
                0x08004d00                DebugMon_Handler
 .text.PendSV_Handler
                0x08004d04        0x4 Src\stm32f4xx_it.o
                0x08004d04                PendSV_Handler
 .text.SysTick_Handler
                0x08004d08        0x4 Src\stm32f4xx_it.o
                0x08004d08                SysTick_Handler
 .text.DMA1_Stream5_IRQHandler
                0x08004d0c        0xc Src\stm32f4xx_it.o
                0x08004d0c                DMA1_Stream5_IRQHandler
 .text.DMA1_Stream6_IRQHandler
                0x08004d18        0xc Src\stm32f4xx_it.o
                0x08004d18                DMA1_Stream6_IRQHandler
 .text.CAN1_RX0_IRQHandler
                0x08004d24        0xc Src\stm32f4xx_it.o
                0x08004d24                CAN1_RX0_IRQHandler
 .text.CAN1_RX1_IRQHandler
                0x08004d30        0xc Src\stm32f4xx_it.o
                0x08004d30                CAN1_RX1_IRQHandler
 .text.CAN1_SCE_IRQHandler
                0x08004d3c        0xc Src\stm32f4xx_it.o
                0x08004d3c                CAN1_SCE_IRQHandler
 .text.TIM6_DAC_IRQHandler
                0x08004d48        0xc Src\stm32f4xx_it.o
                0x08004d48                TIM6_DAC_IRQHandler
 .text.TIM7_IRQHandler
                0x08004d54        0xc Src\stm32f4xx_it.o
                0x08004d54                TIM7_IRQHandler
 .text._getpid  0x08004d60        0x4 Src\syscalls.o
                0x08004d60                _getpid
 .text._kill    0x08004d64       0x10 Src\syscalls.o
                0x08004d64                _kill
 .text._exit    0x08004d74        0xc Src\syscalls.o
                0x08004d74                _exit
 .text._read    0x08004d80       0x30 Src\syscalls.o
                0x08004d80                _read
 .text._write   0x08004db0       0x1c Src\syscalls.o
                0x08004db0                _write
 .text._sbrk    0x08004dcc       0x34 Src\syscalls.o
                0x08004dcc                _sbrk
 .text._close   0x08004e00        0x8 Src\syscalls.o
                0x08004e00                _close
 .text._fstat   0x08004e08        0xc Src\syscalls.o
                0x08004e08                _fstat
 .text._isatty  0x08004e14        0x4 Src\syscalls.o
                0x08004e14                _isatty
 .text._lseek   0x08004e18        0x4 Src\syscalls.o
                0x08004e18                _lseek
 .text.SystemInit
                0x08004e1c       0x50 Src\system_stm32f4xx.o
                0x08004e1c                SystemInit
 .text.MX_TIM2_Init
                0x08004e6c       0xb8 Src\tim.o
                0x08004e6c                MX_TIM2_Init
 .text.MX_TIM6_Init
                0x08004f24       0x48 Src\tim.o
                0x08004f24                MX_TIM6_Init
 .text.MX_TIM7_Init
                0x08004f6c       0x48 Src\tim.o
                0x08004f6c                MX_TIM7_Init
 .text.HAL_TIM_PWM_MspInit
                0x08004fb4       0x2c Src\tim.o
                0x08004fb4                HAL_TIM_PWM_MspInit
 .text.HAL_TIM_Base_MspInit
                0x08004fe0       0x74 Src\tim.o
                0x08004fe0                HAL_TIM_Base_MspInit
 .text.MX_USART1_UART_Init
                0x08005054       0x38 Src\usart.o
                0x08005054                MX_USART1_UART_Init
 .text.MX_USART2_UART_Init
                0x0800508c       0x38 Src\usart.o
                0x0800508c                MX_USART2_UART_Init
 .text.HAL_UART_MspInit
                0x080050c4      0x144 Src\usart.o
                0x080050c4                HAL_UART_MspInit
 .text.Reset_Handler
                0x08005208       0x50 startup\startup_stm32f446xx.o
                0x08005208                Reset_Handler
 .text.Default_Handler
                0x08005258        0x2 startup\startup_stm32f446xx.o
                0x08005258                RTC_Alarm_IRQHandler
                0x08005258                EXTI2_IRQHandler
                0x08005258                TIM8_CC_IRQHandler
                0x08005258                FMPI2C1_EV_IRQHandler
                0x08005258                SPI4_IRQHandler
                0x08005258                TIM1_CC_IRQHandler
                0x08005258                DMA2_Stream5_IRQHandler
                0x08005258                PVD_IRQHandler
                0x08005258                SDIO_IRQHandler
                0x08005258                TAMP_STAMP_IRQHandler
                0x08005258                CAN2_RX1_IRQHandler
                0x08005258                EXTI3_IRQHandler
                0x08005258                TIM8_TRG_COM_TIM14_IRQHandler
                0x08005258                TIM1_UP_TIM10_IRQHandler
                0x08005258                TIM8_UP_TIM13_IRQHandler
                0x08005258                I2C3_ER_IRQHandler
                0x08005258                EXTI0_IRQHandler
                0x08005258                I2C2_EV_IRQHandler
                0x08005258                DMA1_Stream2_IRQHandler
                0x08005258                FPU_IRQHandler
                0x08005258                OTG_HS_WKUP_IRQHandler
                0x08005258                CAN2_SCE_IRQHandler
                0x08005258                DMA2_Stream2_IRQHandler
                0x08005258                SPI1_IRQHandler
                0x08005258                TIM1_BRK_TIM9_IRQHandler
                0x08005258                DCMI_IRQHandler
                0x08005258                CAN2_RX0_IRQHandler
                0x08005258                DMA2_Stream3_IRQHandler
                0x08005258                SAI2_IRQHandler
                0x08005258                USART6_IRQHandler
                0x08005258                USART3_IRQHandler
                0x08005258                UART5_IRQHandler
                0x08005258                DMA2_Stream0_IRQHandler
                0x08005258                TIM4_IRQHandler
                0x08005258                QUADSPI_IRQHandler
                0x08005258                I2C1_EV_IRQHandler
                0x08005258                DMA1_Stream1_IRQHandler
                0x08005258                UART4_IRQHandler
                0x08005258                TIM3_IRQHandler
                0x08005258                RCC_IRQHandler
                0x08005258                TIM8_BRK_TIM12_IRQHandler
                0x08005258                Default_Handler
                0x08005258                CEC_IRQHandler
                0x08005258                EXTI15_10_IRQHandler
                0x08005258                ADC_IRQHandler
                0x08005258                DMA1_Stream7_IRQHandler
                0x08005258                CAN2_TX_IRQHandler
                0x08005258                TIM5_IRQHandler
                0x08005258                DMA2_Stream7_IRQHandler
                0x08005258                I2C3_EV_IRQHandler
                0x08005258                EXTI9_5_IRQHandler
                0x08005258                RTC_WKUP_IRQHandler
                0x08005258                SPDIF_RX_IRQHandler
                0x08005258                SPI2_IRQHandler
                0x08005258                OTG_HS_EP1_IN_IRQHandler
                0x08005258                DMA1_Stream0_IRQHandler
                0x08005258                CAN1_TX_IRQHandler
                0x08005258                FMPI2C1_ER_IRQHandler
                0x08005258                EXTI4_IRQHandler
                0x08005258                OTG_HS_EP1_OUT_IRQHandler
                0x08005258                WWDG_IRQHandler
                0x08005258                TIM2_IRQHandler
                0x08005258                OTG_FS_WKUP_IRQHandler
                0x08005258                TIM1_TRG_COM_TIM11_IRQHandler
                0x08005258                OTG_HS_IRQHandler
                0x08005258                EXTI1_IRQHandler
                0x08005258                USART2_IRQHandler
                0x08005258                I2C2_ER_IRQHandler
                0x08005258                DMA2_Stream1_IRQHandler
                0x08005258                FLASH_IRQHandler
                0x08005258                DMA2_Stream4_IRQHandler
                0x08005258                USART1_IRQHandler
                0x08005258                OTG_FS_IRQHandler
                0x08005258                SPI3_IRQHandler
                0x08005258                DMA1_Stream4_IRQHandler
                0x08005258                I2C1_ER_IRQHandler
                0x08005258                FMC_IRQHandler
                0x08005258                DMA2_Stream6_IRQHandler
                0x08005258                SAI1_IRQHandler
                0x08005258                DMA1_Stream3_IRQHandler
 *fill*         0x0800525a        0x2 
 .text.__errno  0x0800525c        0xc c:/program files (x86)/atollic/truestudio for stm32 9.0.1/armtools/bin/../lib/gcc/arm-atollic-eabi/6.3.1/../../../../arm-atollic-eabi/lib/armv7e-m/fpu\libc.a(lib_a-errno.o)
                0x0800525c                __errno
 .text.__libc_init_array
                0x08005268       0x48 c:/program files (x86)/atollic/truestudio for stm32 9.0.1/armtools/bin/../lib/gcc/arm-atollic-eabi/6.3.1/../../../../arm-atollic-eabi/lib/armv7e-m/fpu\libc.a(lib_a-init.o)
                0x08005268                __libc_init_array
 .text.memset   0x080052b0       0x10 c:/program files (x86)/atollic/truestudio for stm32 9.0.1/armtools/bin/../lib/gcc/arm-atollic-eabi/6.3.1/../../../../arm-atollic-eabi/lib/armv7e-m/fpu\libc.a(lib_a-memset.o)
                0x080052b0                memset
 .text.printf   0x080052c0       0x30 c:/program files (x86)/atollic/truestudio for stm32 9.0.1/armtools/bin/../lib/gcc/arm-atollic-eabi/6.3.1/../../../../arm-atollic-eabi/lib/armv7e-m/fpu\libc.a(lib_a-printf.o)
                0x080052c0                printf
 .text._vfprintf_r
                0x080052f0     0x1078 c:/program files (x86)/atollic/truestudio for stm32 9.0.1/armtools/bin/../lib/gcc/arm-atollic-eabi/6.3.1/../../../../arm-atollic-eabi/lib/armv7e-m/fpu\libc.a(lib_a-vfprintf.o)
                0x080052f0                _vfprintf_r
 .text.__sbprintf
                0x08006368       0x80 c:/program files (x86)/atollic/truestudio for stm32 9.0.1/armtools/bin/../lib/gcc/arm-atollic-eabi/6.3.1/../../../../arm-atollic-eabi/lib/armv7e-m/fpu\libc.a(lib_a-vfprintf.o)
 .text.__swsetup_r
                0x080063e8       0xdc c:/program files (x86)/atollic/truestudio for stm32 9.0.1/armtools/bin/../lib/gcc/arm-atollic-eabi/6.3.1/../../../../arm-atollic-eabi/lib/armv7e-m/fpu\libc.a(lib_a-wsetup.o)
                0x080063e8                __swsetup_r
 .text.quorem   0x080064c4      0x118 c:/program files (x86)/atollic/truestudio for stm32 9.0.1/armtools/bin/../lib/gcc/arm-atollic-eabi/6.3.1/../../../../arm-atollic-eabi/lib/armv7e-m/fpu\libc.a(lib_a-dtoa.o)
 *fill*         0x080065dc        0x4 
 .text._dtoa_r  0x080065e0      0xb9c c:/program files (x86)/atollic/truestudio for stm32 9.0.1/armtools/bin/../lib/gcc/arm-atollic-eabi/6.3.1/../../../../arm-atollic-eabi/lib/armv7e-m/fpu\libc.a(lib_a-dtoa.o)
                0x080065e0                _dtoa_r
 .text.__sflush_r
                0x0800717c      0x124 c:/program files (x86)/atollic/truestudio for stm32 9.0.1/armtools/bin/../lib/gcc/arm-atollic-eabi/6.3.1/../../../../arm-atollic-eabi/lib/armv7e-m/fpu\libc.a(lib_a-fflush.o)
                0x0800717c                __sflush_r
 .text._fflush_r
                0x080072a0       0x78 c:/program files (x86)/atollic/truestudio for stm32 9.0.1/armtools/bin/../lib/gcc/arm-atollic-eabi/6.3.1/../../../../arm-atollic-eabi/lib/armv7e-m/fpu\libc.a(lib_a-fflush.o)
                0x080072a0                _fflush_r
 .text._cleanup_r
                0x08007318        0xc c:/program files (x86)/atollic/truestudio for stm32 9.0.1/armtools/bin/../lib/gcc/arm-atollic-eabi/6.3.1/../../../../arm-atollic-eabi/lib/armv7e-m/fpu\libc.a(lib_a-findfp.o)
                0x08007318                _cleanup_r
 .text.std.isra.0
                0x08007324       0x48 c:/program files (x86)/atollic/truestudio for stm32 9.0.1/armtools/bin/../lib/gcc/arm-atollic-eabi/6.3.1/../../../../arm-atollic-eabi/lib/armv7e-m/fpu\libc.a(lib_a-findfp.o)
 .text.__sfmoreglue
                0x0800736c       0x2c c:/program files (x86)/atollic/truestudio for stm32 9.0.1/armtools/bin/../lib/gcc/arm-atollic-eabi/6.3.1/../../../../arm-atollic-eabi/lib/armv7e-m/fpu\libc.a(lib_a-findfp.o)
                0x0800736c                __sfmoreglue
 .text.__sfp_lock_acquire
                0x08007398        0xc c:/program files (x86)/atollic/truestudio for stm32 9.0.1/armtools/bin/../lib/gcc/arm-atollic-eabi/6.3.1/../../../../arm-atollic-eabi/lib/armv7e-m/fpu\libc.a(lib_a-findfp.o)
                0x08007398                __sfp_lock_acquire
 .text.__sfp_lock_release
                0x080073a4        0xc c:/program files (x86)/atollic/truestudio for stm32 9.0.1/armtools/bin/../lib/gcc/arm-atollic-eabi/6.3.1/../../../../arm-atollic-eabi/lib/armv7e-m/fpu\libc.a(lib_a-findfp.o)
                0x080073a4                __sfp_lock_release
 .text.__sinit_lock_acquire
                0x080073b0        0xc c:/program files (x86)/atollic/truestudio for stm32 9.0.1/armtools/bin/../lib/gcc/arm-atollic-eabi/6.3.1/../../../../arm-atollic-eabi/lib/armv7e-m/fpu\libc.a(lib_a-findfp.o)
                0x080073b0                __sinit_lock_acquire
 .text.__sinit_lock_release
                0x080073bc        0xc c:/program files (x86)/atollic/truestudio for stm32 9.0.1/armtools/bin/../lib/gcc/arm-atollic-eabi/6.3.1/../../../../arm-atollic-eabi/lib/armv7e-m/fpu\libc.a(lib_a-findfp.o)
                0x080073bc                __sinit_lock_release
 .text.__sinit  0x080073c8       0x74 c:/program files (x86)/atollic/truestudio for stm32 9.0.1/armtools/bin/../lib/gcc/arm-atollic-eabi/6.3.1/../../../../arm-atollic-eabi/lib/armv7e-m/fpu\libc.a(lib_a-findfp.o)
                0x080073c8                __sinit
 .text.__sfp    0x0800743c       0x8c c:/program files (x86)/atollic/truestudio for stm32 9.0.1/armtools/bin/../lib/gcc/arm-atollic-eabi/6.3.1/../../../../arm-atollic-eabi/lib/armv7e-m/fpu\libc.a(lib_a-findfp.o)
                0x0800743c                __sfp
 .text._malloc_trim_r
                0x080074c8       0xac c:/program files (x86)/atollic/truestudio for stm32 9.0.1/armtools/bin/../lib/gcc/arm-atollic-eabi/6.3.1/../../../../arm-atollic-eabi/lib/armv7e-m/fpu\libc.a(lib_a-freer.o)
                0x080074c8                _malloc_trim_r
 .text._free_r  0x08007574      0x178 c:/program files (x86)/atollic/truestudio for stm32 9.0.1/armtools/bin/../lib/gcc/arm-atollic-eabi/6.3.1/../../../../arm-atollic-eabi/lib/armv7e-m/fpu\libc.a(lib_a-freer.o)
                0x08007574                _free_r
 .text._fwalk_reent
                0x080076ec       0x3c c:/program files (x86)/atollic/truestudio for stm32 9.0.1/armtools/bin/../lib/gcc/arm-atollic-eabi/6.3.1/../../../../arm-atollic-eabi/lib/armv7e-m/fpu\libc.a(lib_a-fwalk.o)
                0x080076ec                _fwalk_reent
 .text._localeconv_r
                0x08007728       0x1c c:/program files (x86)/atollic/truestudio for stm32 9.0.1/armtools/bin/../lib/gcc/arm-atollic-eabi/6.3.1/../../../../arm-atollic-eabi/lib/armv7e-m/fpu\libc.a(lib_a-localeconv.o)
                0x08007728                _localeconv_r
 .text.__retarget_lock_init_recursive
                0x08007744        0x2 c:/program files (x86)/atollic/truestudio for stm32 9.0.1/armtools/bin/../lib/gcc/arm-atollic-eabi/6.3.1/../../../../arm-atollic-eabi/lib/armv7e-m/fpu\libc.a(lib_a-lock.o)
                0x08007744                __retarget_lock_init_recursive
 .text.__retarget_lock_close_recursive
                0x08007746        0x2 c:/program files (x86)/atollic/truestudio for stm32 9.0.1/armtools/bin/../lib/gcc/arm-atollic-eabi/6.3.1/../../../../arm-atollic-eabi/lib/armv7e-m/fpu\libc.a(lib_a-lock.o)
                0x08007746                __retarget_lock_close_recursive
 .text.__retarget_lock_acquire_recursive
                0x08007748        0x2 c:/program files (x86)/atollic/truestudio for stm32 9.0.1/armtools/bin/../lib/gcc/arm-atollic-eabi/6.3.1/../../../../arm-atollic-eabi/lib/armv7e-m/fpu\libc.a(lib_a-lock.o)
                0x08007748                __retarget_lock_acquire_recursive
 .text.__retarget_lock_release_recursive
                0x0800774a        0x2 c:/program files (x86)/atollic/truestudio for stm32 9.0.1/armtools/bin/../lib/gcc/arm-atollic-eabi/6.3.1/../../../../arm-atollic-eabi/lib/armv7e-m/fpu\libc.a(lib_a-lock.o)
                0x0800774a                __retarget_lock_release_recursive
 .text.__swhatbuf_r
                0x0800774c       0x56 c:/program files (x86)/atollic/truestudio for stm32 9.0.1/armtools/bin/../lib/gcc/arm-atollic-eabi/6.3.1/../../../../arm-atollic-eabi/lib/armv7e-m/fpu\libc.a(lib_a-makebuf.o)
                0x0800774c                __swhatbuf_r
 *fill*         0x080077a2        0x2 
 .text.__smakebuf_r
                0x080077a4       0x80 c:/program files (x86)/atollic/truestudio for stm32 9.0.1/armtools/bin/../lib/gcc/arm-atollic-eabi/6.3.1/../../../../arm-atollic-eabi/lib/armv7e-m/fpu\libc.a(lib_a-makebuf.o)
                0x080077a4                __smakebuf_r
 .text.malloc   0x08007824       0x10 c:/program files (x86)/atollic/truestudio for stm32 9.0.1/armtools/bin/../lib/gcc/arm-atollic-eabi/6.3.1/../../../../arm-atollic-eabi/lib/armv7e-m/fpu\libc.a(lib_a-malloc.o)
                0x08007824                malloc
 .text._malloc_r
                0x08007834      0x41c c:/program files (x86)/atollic/truestudio for stm32 9.0.1/armtools/bin/../lib/gcc/arm-atollic-eabi/6.3.1/../../../../arm-atollic-eabi/lib/armv7e-m/fpu\libc.a(lib_a-mallocr.o)
                0x08007834                _malloc_r
 .text.memcpy   0x08007c50       0x16 c:/program files (x86)/atollic/truestudio for stm32 9.0.1/armtools/bin/../lib/gcc/arm-atollic-eabi/6.3.1/../../../../arm-atollic-eabi/lib/armv7e-m/fpu\libc.a(lib_a-memcpy-stub.o)
                0x08007c50                memcpy
 *fill*         0x08007c66        0x2 
 .text.__malloc_lock
                0x08007c68        0xc c:/program files (x86)/atollic/truestudio for stm32 9.0.1/armtools/bin/../lib/gcc/arm-atollic-eabi/6.3.1/../../../../arm-atollic-eabi/lib/armv7e-m/fpu\libc.a(lib_a-mlock.o)
                0x08007c68                __malloc_lock
 .text.__malloc_unlock
                0x08007c74        0xc c:/program files (x86)/atollic/truestudio for stm32 9.0.1/armtools/bin/../lib/gcc/arm-atollic-eabi/6.3.1/../../../../arm-atollic-eabi/lib/armv7e-m/fpu\libc.a(lib_a-mlock.o)
                0x08007c74                __malloc_unlock
 .text._Balloc  0x08007c80       0x68 c:/program files (x86)/atollic/truestudio for stm32 9.0.1/armtools/bin/../lib/gcc/arm-atollic-eabi/6.3.1/../../../../arm-atollic-eabi/lib/armv7e-m/fpu\libc.a(lib_a-mprec.o)
                0x08007c80                _Balloc
 .text._Bfree   0x08007ce8       0x2e c:/program files (x86)/atollic/truestudio for stm32 9.0.1/armtools/bin/../lib/gcc/arm-atollic-eabi/6.3.1/../../../../arm-atollic-eabi/lib/armv7e-m/fpu\libc.a(lib_a-mprec.o)
                0x08007ce8                _Bfree
 .text.__multadd
                0x08007d16       0x76 c:/program files (x86)/atollic/truestudio for stm32 9.0.1/armtools/bin/../lib/gcc/arm-atollic-eabi/6.3.1/../../../../arm-atollic-eabi/lib/armv7e-m/fpu\libc.a(lib_a-mprec.o)
                0x08007d16                __multadd
 .text.__hi0bits
                0x08007d8c       0x3e c:/program files (x86)/atollic/truestudio for stm32 9.0.1/armtools/bin/../lib/gcc/arm-atollic-eabi/6.3.1/../../../../arm-atollic-eabi/lib/armv7e-m/fpu\libc.a(lib_a-mprec.o)
                0x08007d8c                __hi0bits
 .text.__lo0bits
                0x08007dca       0x5e c:/program files (x86)/atollic/truestudio for stm32 9.0.1/armtools/bin/../lib/gcc/arm-atollic-eabi/6.3.1/../../../../arm-atollic-eabi/lib/armv7e-m/fpu\libc.a(lib_a-mprec.o)
                0x08007dca                __lo0bits
 .text.__i2b    0x08007e28       0x12 c:/program files (x86)/atollic/truestudio for stm32 9.0.1/armtools/bin/../lib/gcc/arm-atollic-eabi/6.3.1/../../../../arm-atollic-eabi/lib/armv7e-m/fpu\libc.a(lib_a-mprec.o)
                0x08007e28                __i2b
 .text.__multiply
                0x08007e3a      0x11a c:/program files (x86)/atollic/truestudio for stm32 9.0.1/armtools/bin/../lib/gcc/arm-atollic-eabi/6.3.1/../../../../arm-atollic-eabi/lib/armv7e-m/fpu\libc.a(lib_a-mprec.o)
                0x08007e3a                __multiply
 .text.__pow5mult
                0x08007f54       0x9c c:/program files (x86)/atollic/truestudio for stm32 9.0.1/armtools/bin/../lib/gcc/arm-atollic-eabi/6.3.1/../../../../arm-atollic-eabi/lib/armv7e-m/fpu\libc.a(lib_a-mprec.o)
                0x08007f54                __pow5mult
 .text.__lshift
                0x08007ff0       0xa2 c:/program files (x86)/atollic/truestudio for stm32 9.0.1/armtools/bin/../lib/gcc/arm-atollic-eabi/6.3.1/../../../../arm-atollic-eabi/lib/armv7e-m/fpu\libc.a(lib_a-mprec.o)
                0x08007ff0                __lshift
 .text.__mcmp   0x08008092       0x34 c:/program files (x86)/atollic/truestudio for stm32 9.0.1/armtools/bin/../lib/gcc/arm-atollic-eabi/6.3.1/../../../../arm-atollic-eabi/lib/armv7e-m/fpu\libc.a(lib_a-mprec.o)
                0x08008092                __mcmp
 .text.__mdiff  0x080080c6       0xbc c:/program files (x86)/atollic/truestudio for stm32 9.0.1/armtools/bin/../lib/gcc/arm-atollic-eabi/6.3.1/../../../../arm-atollic-eabi/lib/armv7e-m/fpu\libc.a(lib_a-mprec.o)
                0x080080c6                __mdiff
 .text.__d2b    0x08008182       0x9e c:/program files (x86)/atollic/truestudio for stm32 9.0.1/armtools/bin/../lib/gcc/arm-atollic-eabi/6.3.1/../../../../arm-atollic-eabi/lib/armv7e-m/fpu\libc.a(lib_a-mprec.o)
                0x08008182                __d2b
 .text._sbrk_r  0x08008220       0x20 c:/program files (x86)/atollic/truestudio for stm32 9.0.1/armtools/bin/../lib/gcc/arm-atollic-eabi/6.3.1/../../../../arm-atollic-eabi/lib/armv7e-m/fpu\libc.a(lib_a-sbrkr.o)
                0x08008220                _sbrk_r
 .text.__sread  0x08008240       0x22 c:/program files (x86)/atollic/truestudio for stm32 9.0.1/armtools/bin/../lib/gcc/arm-atollic-eabi/6.3.1/../../../../arm-atollic-eabi/lib/armv7e-m/fpu\libc.a(lib_a-stdio.o)
                0x08008240                __sread
 .text.__swrite
                0x08008262       0x38 c:/program files (x86)/atollic/truestudio for stm32 9.0.1/armtools/bin/../lib/gcc/arm-atollic-eabi/6.3.1/../../../../arm-atollic-eabi/lib/armv7e-m/fpu\libc.a(lib_a-stdio.o)
                0x08008262                __swrite
 .text.__sseek  0x0800829a       0x24 c:/program files (x86)/atollic/truestudio for stm32 9.0.1/armtools/bin/../lib/gcc/arm-atollic-eabi/6.3.1/../../../../arm-atollic-eabi/lib/armv7e-m/fpu\libc.a(lib_a-stdio.o)
                0x0800829a                __sseek
 .text.__sclose
                0x080082be        0x8 c:/program files (x86)/atollic/truestudio for stm32 9.0.1/armtools/bin/../lib/gcc/arm-atollic-eabi/6.3.1/../../../../arm-atollic-eabi/lib/armv7e-m/fpu\libc.a(lib_a-stdio.o)
                0x080082be                __sclose
 .text.__sprint_r
                0x080082c6       0x6a c:/program files (x86)/atollic/truestudio for stm32 9.0.1/armtools/bin/../lib/gcc/arm-atollic-eabi/6.3.1/../../../../arm-atollic-eabi/lib/armv7e-m/fpu\libc.a(lib_a-vfiprintf.o)
                0x080082c6                __sprint_r
 .text._write_r
                0x08008330       0x24 c:/program files (x86)/atollic/truestudio for stm32 9.0.1/armtools/bin/../lib/gcc/arm-atollic-eabi/6.3.1/../../../../arm-atollic-eabi/lib/armv7e-m/fpu\libc.a(lib_a-writer.o)
                0x08008330                _write_r
 .text._calloc_r
                0x08008354       0x5a c:/program files (x86)/atollic/truestudio for stm32 9.0.1/armtools/bin/../lib/gcc/arm-atollic-eabi/6.3.1/../../../../arm-atollic-eabi/lib/armv7e-m/fpu\libc.a(lib_a-callocr.o)
                0x08008354                _calloc_r
 *fill*         0x080083ae        0x2 
 .text._close_r
                0x080083b0       0x20 c:/program files (x86)/atollic/truestudio for stm32 9.0.1/armtools/bin/../lib/gcc/arm-atollic-eabi/6.3.1/../../../../arm-atollic-eabi/lib/armv7e-m/fpu\libc.a(lib_a-closer.o)
                0x080083b0                _close_r
 .text._fclose_r
                0x080083d0       0xd8 c:/program files (x86)/atollic/truestudio for stm32 9.0.1/armtools/bin/../lib/gcc/arm-atollic-eabi/6.3.1/../../../../arm-atollic-eabi/lib/armv7e-m/fpu\libc.a(lib_a-fclose.o)
                0x080083d0                _fclose_r
 .text.__fputwc
                0x080084a8       0x82 c:/program files (x86)/atollic/truestudio for stm32 9.0.1/armtools/bin/../lib/gcc/arm-atollic-eabi/6.3.1/../../../../arm-atollic-eabi/lib/armv7e-m/fpu\libc.a(lib_a-fputwc.o)
                0x080084a8                __fputwc
 .text._fputwc_r
                0x0800852a       0x52 c:/program files (x86)/atollic/truestudio for stm32 9.0.1/armtools/bin/../lib/gcc/arm-atollic-eabi/6.3.1/../../../../arm-atollic-eabi/lib/armv7e-m/fpu\libc.a(lib_a-fputwc.o)
                0x0800852a                _fputwc_r
 .text._fstat_r
                0x0800857c       0x24 c:/program files (x86)/atollic/truestudio for stm32 9.0.1/armtools/bin/../lib/gcc/arm-atollic-eabi/6.3.1/../../../../arm-atollic-eabi/lib/armv7e-m/fpu\libc.a(lib_a-fstatr.o)
                0x0800857c                _fstat_r
 .text.__sfvwrite_r
                0x080085a0      0x29c c:/program files (x86)/atollic/truestudio for stm32 9.0.1/armtools/bin/../lib/gcc/arm-atollic-eabi/6.3.1/../../../../arm-atollic-eabi/lib/armv7e-m/fpu\libc.a(lib_a-fvwrite.o)
                0x080085a0                __sfvwrite_r
 .text._isatty_r
                0x0800883c       0x20 c:/program files (x86)/atollic/truestudio for stm32 9.0.1/armtools/bin/../lib/gcc/arm-atollic-eabi/6.3.1/../../../../arm-atollic-eabi/lib/armv7e-m/fpu\libc.a(lib_a-isattyr.o)
                0x0800883c                _isatty_r
 .text.__locale_mb_cur_max
                0x0800885c       0x1c c:/program files (x86)/atollic/truestudio for stm32 9.0.1/armtools/bin/../lib/gcc/arm-atollic-eabi/6.3.1/../../../../arm-atollic-eabi/lib/armv7e-m/fpu\libc.a(lib_a-locale.o)
                0x0800885c                __locale_mb_cur_max
 .text._lseek_r
                0x08008878       0x24 c:/program files (x86)/atollic/truestudio for stm32 9.0.1/armtools/bin/../lib/gcc/arm-atollic-eabi/6.3.1/../../../../arm-atollic-eabi/lib/armv7e-m/fpu\libc.a(lib_a-lseekr.o)
                0x08008878                _lseek_r
 .text.__ascii_mbtowc
                0x0800889c       0x24 c:/program files (x86)/atollic/truestudio for stm32 9.0.1/armtools/bin/../lib/gcc/arm-atollic-eabi/6.3.1/../../../../arm-atollic-eabi/lib/armv7e-m/fpu\libc.a(lib_a-mbtowc_r.o)
                0x0800889c                __ascii_mbtowc
 .text.memmove  0x080088c0       0x34 c:/program files (x86)/atollic/truestudio for stm32 9.0.1/armtools/bin/../lib/gcc/arm-atollic-eabi/6.3.1/../../../../arm-atollic-eabi/lib/armv7e-m/fpu\libc.a(lib_a-memmove.o)
                0x080088c0                memmove
 .text._read_r  0x080088f4       0x24 c:/program files (x86)/atollic/truestudio for stm32 9.0.1/armtools/bin/../lib/gcc/arm-atollic-eabi/6.3.1/../../../../arm-atollic-eabi/lib/armv7e-m/fpu\libc.a(lib_a-readr.o)
                0x080088f4                _read_r
 .text._realloc_r
                0x08008918      0x300 c:/program files (x86)/atollic/truestudio for stm32 9.0.1/armtools/bin/../lib/gcc/arm-atollic-eabi/6.3.1/../../../../arm-atollic-eabi/lib/armv7e-m/fpu\libc.a(lib_a-reallocr.o)
                0x08008918                _realloc_r
 .text.__swbuf_r
                0x08008c18       0xbc c:/program files (x86)/atollic/truestudio for stm32 9.0.1/armtools/bin/../lib/gcc/arm-atollic-eabi/6.3.1/../../../../arm-atollic-eabi/lib/armv7e-m/fpu\libc.a(lib_a-wbuf.o)
                0x08008c18                __swbuf_r
 .text._wcrtomb_r
                0x08008cd4       0x50 c:/program files (x86)/atollic/truestudio for stm32 9.0.1/armtools/bin/../lib/gcc/arm-atollic-eabi/6.3.1/../../../../arm-atollic-eabi/lib/armv7e-m/fpu\libc.a(lib_a-wcrtomb.o)
                0x08008cd4                _wcrtomb_r
 .text.__ascii_wctomb
                0x08008d24       0x1a c:/program files (x86)/atollic/truestudio for stm32 9.0.1/armtools/bin/../lib/gcc/arm-atollic-eabi/6.3.1/../../../../arm-atollic-eabi/lib/armv7e-m/fpu\libc.a(lib_a-wctomb_r.o)
                0x08008d24                __ascii_wctomb
 .text.abort    0x08008d3e        0xe c:/program files (x86)/atollic/truestudio for stm32 9.0.1/armtools/bin/../lib/gcc/arm-atollic-eabi/6.3.1/../../../../arm-atollic-eabi/lib/armv7e-m/fpu\libc.a(lib_a-abort.o)
                0x08008d3e                abort
 .text._raise_r
                0x08008d4c       0x50 c:/program files (x86)/atollic/truestudio for stm32 9.0.1/armtools/bin/../lib/gcc/arm-atollic-eabi/6.3.1/../../../../arm-atollic-eabi/lib/armv7e-m/fpu\libc.a(lib_a-signal.o)
                0x08008d4c                _raise_r
 .text.raise    0x08008d9c       0x10 c:/program files (x86)/atollic/truestudio for stm32 9.0.1/armtools/bin/../lib/gcc/arm-atollic-eabi/6.3.1/../../../../arm-atollic-eabi/lib/armv7e-m/fpu\libc.a(lib_a-signal.o)
                0x08008d9c                raise
 .text._kill_r  0x08008dac       0x24 c:/program files (x86)/atollic/truestudio for stm32 9.0.1/armtools/bin/../lib/gcc/arm-atollic-eabi/6.3.1/../../../../arm-atollic-eabi/lib/armv7e-m/fpu\libc.a(lib_a-signalr.o)
                0x08008dac                _kill_r
 .text._getpid_r
                0x08008dd0        0x4 c:/program files (x86)/atollic/truestudio for stm32 9.0.1/armtools/bin/../lib/gcc/arm-atollic-eabi/6.3.1/../../../../arm-atollic-eabi/lib/armv7e-m/fpu\libc.a(lib_a-signalr.o)
                0x08008dd0                _getpid_r
 *(.glue_7)
 .glue_7        0x08008dd4        0x0 linker stubs
 *(.glue_7t)
 .glue_7t       0x08008dd4        0x0 linker stubs
 *(.eh_frame)
 .eh_frame      0x08008dd4        0x0 c:/program files (x86)/atollic/truestudio for stm32 9.0.1/armtools/bin/../lib/gcc/arm-atollic-eabi/6.3.1/armv7e-m/fpu/crtbegin.o
 *(.init)
 .init          0x08008dd4        0x4 c:/program files (x86)/atollic/truestudio for stm32 9.0.1/armtools/bin/../lib/gcc/arm-atollic-eabi/6.3.1/armv7e-m/fpu/crti.o
                0x08008dd4                _init
 .init          0x08008dd8        0x8 c:/program files (x86)/atollic/truestudio for stm32 9.0.1/armtools/bin/../lib/gcc/arm-atollic-eabi/6.3.1/armv7e-m/fpu/crtn.o
 *(.fini)
 .fini          0x08008de0        0x4 c:/program files (x86)/atollic/truestudio for stm32 9.0.1/armtools/bin/../lib/gcc/arm-atollic-eabi/6.3.1/armv7e-m/fpu/crti.o
                0x08008de0                _fini
 .fini          0x08008de4        0x8 c:/program files (x86)/atollic/truestudio for stm32 9.0.1/armtools/bin/../lib/gcc/arm-atollic-eabi/6.3.1/armv7e-m/fpu/crtn.o
                0x08008dec                . = ALIGN (0x4)
                0x08008dec                _etext = .

.vfp11_veneer   0x08008dec        0x0
 .vfp11_veneer  0x08008dec        0x0 linker stubs

.v4_bx          0x08008dec        0x0
 .v4_bx         0x08008dec        0x0 linker stubs

.iplt           0x08008dec        0x0
 .iplt          0x08008dec        0x0 c:/program files (x86)/atollic/truestudio for stm32 9.0.1/armtools/bin/../lib/gcc/arm-atollic-eabi/6.3.1/armv7e-m/fpu/crtbegin.o

.rodata         0x08008df0      0x3c8
                0x08008df0                . = ALIGN (0x4)
 *(.rodata)
 *(.rodata*)
 .rodata.flagBitshiftOffset.8428
                0x08008df0        0x8 Drivers\STM32F4xx_HAL_Driver\Src\stm32f4xx_hal_dma.o
 .rodata.str1.4
                0x08008df8       0x80 Inc\CAN\CAN.o
 .rodata.str1.4
                0x08008e78       0x31 Inc\MotorSystem\MotorSytemClass.o
 *fill*         0x08008ea9        0x3 
 .rodata.str1.4
                0x08008eac       0x20 Src\main.o
                                 0x1f (size before relaxing)
 .rodata.AHBPrescTable
                0x08008ecc       0x10 Src\system_stm32f4xx.o
                0x08008ecc                AHBPrescTable
 .rodata.APBPrescTable
                0x08008edc        0x8 Src\system_stm32f4xx.o
                0x08008edc                APBPrescTable
 .rodata._global_impure_ptr
                0x08008ee4        0x4 c:/program files (x86)/atollic/truestudio for stm32 9.0.1/armtools/bin/../lib/gcc/arm-atollic-eabi/6.3.1/../../../../arm-atollic-eabi/lib/armv7e-m/fpu\libc.a(lib_a-impure.o)
                0x08008ee4                _global_impure_ptr
 .rodata._vfprintf_r.str1.1
                0x08008ee8       0x34 c:/program files (x86)/atollic/truestudio for stm32 9.0.1/armtools/bin/../lib/gcc/arm-atollic-eabi/6.3.1/../../../../arm-atollic-eabi/lib/armv7e-m/fpu\libc.a(lib_a-vfprintf.o)
 .rodata.blanks.8374
                0x08008f1c       0x10 c:/program files (x86)/atollic/truestudio for stm32 9.0.1/armtools/bin/../lib/gcc/arm-atollic-eabi/6.3.1/../../../../arm-atollic-eabi/lib/armv7e-m/fpu\libc.a(lib_a-vfprintf.o)
 .rodata.zeroes.8375
                0x08008f2c       0x10 c:/program files (x86)/atollic/truestudio for stm32 9.0.1/armtools/bin/../lib/gcc/arm-atollic-eabi/6.3.1/../../../../arm-atollic-eabi/lib/armv7e-m/fpu\libc.a(lib_a-vfprintf.o)
 .rodata._dtoa_r.str1.1
                0x08008f3c        0xd c:/program files (x86)/atollic/truestudio for stm32 9.0.1/armtools/bin/../lib/gcc/arm-atollic-eabi/6.3.1/../../../../arm-atollic-eabi/lib/armv7e-m/fpu\libc.a(lib_a-dtoa.o)
                                  0xf (size before relaxing)
 *fill*         0x08008f49        0x3 
 .rodata.__sf_fake_stderr
                0x08008f4c       0x20 c:/program files (x86)/atollic/truestudio for stm32 9.0.1/armtools/bin/../lib/gcc/arm-atollic-eabi/6.3.1/../../../../arm-atollic-eabi/lib/armv7e-m/fpu\libc.a(lib_a-findfp.o)
                0x08008f4c                __sf_fake_stderr
 .rodata.__sf_fake_stdin
                0x08008f6c       0x20 c:/program files (x86)/atollic/truestudio for stm32 9.0.1/armtools/bin/../lib/gcc/arm-atollic-eabi/6.3.1/../../../../arm-atollic-eabi/lib/armv7e-m/fpu\libc.a(lib_a-findfp.o)
                0x08008f6c                __sf_fake_stdin
 .rodata.__sf_fake_stdout
                0x08008f8c       0x20 c:/program files (x86)/atollic/truestudio for stm32 9.0.1/armtools/bin/../lib/gcc/arm-atollic-eabi/6.3.1/../../../../arm-atollic-eabi/lib/armv7e-m/fpu\libc.a(lib_a-findfp.o)
                0x08008f8c                __sf_fake_stdout
 *fill*         0x08008fac        0x4 
 .rodata.__mprec_bigtens
                0x08008fb0       0x28 c:/program files (x86)/atollic/truestudio for stm32 9.0.1/armtools/bin/../lib/gcc/arm-atollic-eabi/6.3.1/../../../../arm-atollic-eabi/lib/armv7e-m/fpu\libc.a(lib_a-mprec.o)
                0x08008fb0                __mprec_bigtens
 .rodata.__mprec_tens
                0x08008fd8       0xc8 c:/program files (x86)/atollic/truestudio for stm32 9.0.1/armtools/bin/../lib/gcc/arm-atollic-eabi/6.3.1/../../../../arm-atollic-eabi/lib/armv7e-m/fpu\libc.a(lib_a-mprec.o)
                0x08008fd8                __mprec_tens
 .rodata.p05.7196
                0x080090a0        0xc c:/program files (x86)/atollic/truestudio for stm32 9.0.1/armtools/bin/../lib/gcc/arm-atollic-eabi/6.3.1/../../../../arm-atollic-eabi/lib/armv7e-m/fpu\libc.a(lib_a-mprec.o)
 .rodata._setlocale_r.str1.1
                0x080090ac        0x8 c:/program files (x86)/atollic/truestudio for stm32 9.0.1/armtools/bin/../lib/gcc/arm-atollic-eabi/6.3.1/../../../../arm-atollic-eabi/lib/armv7e-m/fpu\libc.a(lib_a-locale.o)
                                  0x9 (size before relaxing)
 .rodata.str1.1
                0x080090b4        0x2 c:/program files (x86)/atollic/truestudio for stm32 9.0.1/armtools/bin/../lib/gcc/arm-atollic-eabi/6.3.1/../../../../arm-atollic-eabi/lib/armv7e-m/fpu\libc.a(lib_a-locale.o)
 .rodata._ctype_
                0x080090b6      0x101 c:/program files (x86)/atollic/truestudio for stm32 9.0.1/armtools/bin/../lib/gcc/arm-atollic-eabi/6.3.1/../../../../arm-atollic-eabi/lib/armv7e-m/fpu\libc.a(lib_a-ctype_.o)
                0x080090b6                _ctype_
                0x080091b8                . = ALIGN (0x4)
 *fill*         0x080091b7        0x1 

.ARM.extab      0x080091b8       0x48
 *(.ARM.extab* .gnu.linkonce.armextab.*)
 .ARM.extab.text.HAL_TIM_PeriodElapsedCallback
                0x080091b8        0xc Inc\InterruptIvent\interrupt.o
 .ARM.extab.text._ZN12localization10SendReqestEv
                0x080091c4        0xc Inc\localization\localization.o
 .ARM.extab.text._Z12SetFrequencyl
                0x080091d0        0xc Src\main.o
 .ARM.extab.text.startup.main
                0x080091dc        0xc Src\main.o
 .ARM.extab     0x080091e8       0x18 c:/program files (x86)/atollic/truestudio for stm32 9.0.1/armtools/bin/../lib/gcc/arm-atollic-eabi/6.3.1/armv7e-m/fpu\libgcc.a(pr-support.o)

.ARM            0x08009200      0x128
                0x08009200                __exidx_start = .
 *(.ARM.exidx*)
 .ARM.exidx.text._Z12FilterConfigv
                0x080092b8        0x8 Inc\CAN\CAN.o
 .ARM.exidx.text.HAL_CAN_RxFifo0MsgPendingCallback
                0x080092c0        0x8 Inc\CAN\CAN.o
 .ARM.exidx.text._ZN6CanBus4SendEmhPh
                0x080092c8        0x8 Inc\CAN\CAN.o
 .ARM.exidx.text.HAL_TIM_PeriodElapsedCallback
                0x080092d0        0x8 Inc\InterruptIvent\interrupt.o
 .ARM.exidx.text._ZN11MotorSystem5beginEv
                0x080092d8        0x8 Inc\MotorSystem\MotorSytemClass.o
 .ARM.exidx.text._ZN12localization10SendReqestEv
                0x080092e0       0x10 Inc\localization\localization.o
                                  0x8 (size before relaxing)
 .ARM.exidx.text._Z9lcd_writecc.constprop.4
                0x080092f0        0x8 Src\main.o
 .ARM.exidx.text._Z9lcd_writecc.constprop.3
                0x080092f8        0x0 Src\main.o
                                  0x8 (size before relaxing)
 .ARM.exidx.text._Z7LcdInitv
                0x080092f8        0x8 Src\main.o
 .ARM.exidx.text._Z12SetFrequencyl
                0x08009300        0x8 Src\main.o
 .ARM.exidx.text._Z18SystemClock_Configv
                0x08009308        0x8 Src\main.o
 .ARM.exidx.text.startup.main
                0x08009310        0x8 Src\main.o
 .ARM.exidx.text.Error_Handler
                0x08009318       0x10 Src\main.o
                                  0x8 (size before relaxing)
 .ARM.exidx     0x08009200        0x8 c:/program files (x86)/atollic/truestudio for stm32 9.0.1/armtools/bin/../lib/gcc/arm-atollic-eabi/6.3.1/armv7e-m/fpu\libgcc.a(_udivmoddi4.o)
 .ARM.exidx     0x08009208       0x78 c:/program files (x86)/atollic/truestudio for stm32 9.0.1/armtools/bin/../lib/gcc/arm-atollic-eabi/6.3.1/armv7e-m/fpu\libgcc.a(unwind-arm.o)
                                 0xd8 (size before relaxing)
 .ARM.exidx     0x08009280       0x38 c:/program files (x86)/atollic/truestudio for stm32 9.0.1/armtools/bin/../lib/gcc/arm-atollic-eabi/6.3.1/armv7e-m/fpu\libgcc.a(pr-support.o)
                                 0x48 (size before relaxing)
                0x08009328                __exidx_end = .

.rel.dyn        0x08009328        0x0
 .rel.iplt      0x08009328        0x0 c:/program files (x86)/atollic/truestudio for stm32 9.0.1/armtools/bin/../lib/gcc/arm-atollic-eabi/6.3.1/armv7e-m/fpu/crtbegin.o

.preinit_array  0x08009328        0x0
                0x08009328                PROVIDE (__preinit_array_start, .)
 *(.preinit_array*)
                0x08009328                PROVIDE (__preinit_array_end, .)

.init_array     0x08009328        0x4
                0x08009328                PROVIDE (__init_array_start, .)
 *(SORT(.init_array.*))
 *(.init_array*)
 .init_array    0x08009328        0x4 c:/program files (x86)/atollic/truestudio for stm32 9.0.1/armtools/bin/../lib/gcc/arm-atollic-eabi/6.3.1/armv7e-m/fpu/crtbegin.o
                0x0800932c                PROVIDE (__init_array_end, .)

.fini_array     0x0800932c        0x4
                [!provide]                PROVIDE (__fini_array_start, .)
 *(SORT(.fini_array.*))
 *(.fini_array*)
 .fini_array    0x0800932c        0x4 c:/program files (x86)/atollic/truestudio for stm32 9.0.1/armtools/bin/../lib/gcc/arm-atollic-eabi/6.3.1/armv7e-m/fpu/crtbegin.o
                [!provide]                PROVIDE (__fini_array_end, .)
                0x08009330                _sidata = LOADADDR (.data)

.data           0x20000000      0x67c load address 0x08009330
                0x20000000                . = ALIGN (0x4)
                0x20000000                _sdata = .
 *(.data)
 *(.data*)
 .data.uwTickFreq
                0x20000000        0x1 Drivers\STM32F4xx_HAL_Driver\Src\stm32f4xx_hal.o
                0x20000000                uwTickFreq
 *fill*         0x20000001        0x3 
 .data.uwTickPrio
                0x20000004        0x4 Drivers\STM32F4xx_HAL_Driver\Src\stm32f4xx_hal.o
                0x20000004                uwTickPrio
 .data.SystemCoreClock
                0x20000008        0x4 Src\system_stm32f4xx.o
                0x20000008                SystemCoreClock
 .data._impure_ptr
                0x2000000c        0x4 c:/program files (x86)/atollic/truestudio for stm32 9.0.1/armtools/bin/../lib/gcc/arm-atollic-eabi/6.3.1/../../../../arm-atollic-eabi/lib/armv7e-m/fpu\libc.a(lib_a-impure.o)
                0x2000000c                _impure_ptr
 .data.impure_data
                0x20000010       0xf0 c:/program files (x86)/atollic/truestudio for stm32 9.0.1/armtools/bin/../lib/gcc/arm-atollic-eabi/6.3.1/../../../../arm-atollic-eabi/lib/armv7e-m/fpu\libc.a(lib_a-impure.o)
 .data.__malloc_av_
                0x20000100      0x408 c:/program files (x86)/atollic/truestudio for stm32 9.0.1/armtools/bin/../lib/gcc/arm-atollic-eabi/6.3.1/../../../../arm-atollic-eabi/lib/armv7e-m/fpu\libc.a(lib_a-mallocr.o)
                0x20000100                __malloc_av_
 .data.__malloc_sbrk_base
                0x20000508        0x4 c:/program files (x86)/atollic/truestudio for stm32 9.0.1/armtools/bin/../lib/gcc/arm-atollic-eabi/6.3.1/../../../../arm-atollic-eabi/lib/armv7e-m/fpu\libc.a(lib_a-mallocr.o)
                0x20000508                __malloc_sbrk_base
 .data.__malloc_trim_threshold
                0x2000050c        0x4 c:/program files (x86)/atollic/truestudio for stm32 9.0.1/armtools/bin/../lib/gcc/arm-atollic-eabi/6.3.1/../../../../arm-atollic-eabi/lib/armv7e-m/fpu\libc.a(lib_a-mallocr.o)
                0x2000050c                __malloc_trim_threshold
 .data.__global_locale
                0x20000510      0x16c c:/program files (x86)/atollic/truestudio for stm32 9.0.1/armtools/bin/../lib/gcc/arm-atollic-eabi/6.3.1/../../../../arm-atollic-eabi/lib/armv7e-m/fpu\libc.a(lib_a-locale.o)
                0x20000510                __global_locale
                0x2000067c                . = ALIGN (0x4)
                0x2000067c                _edata = .

.igot.plt       0x2000067c        0x0 load address 0x080099ac
 .igot.plt      0x2000067c        0x0 c:/program files (x86)/atollic/truestudio for stm32 9.0.1/armtools/bin/../lib/gcc/arm-atollic-eabi/6.3.1/armv7e-m/fpu/crtbegin.o
                0x2000067c                . = ALIGN (0x4)

.bss            0x2000067c      0x318 load address 0x080099ac
                0x2000067c                _sbss = .
                0x2000067c                __bss_start__ = _sbss
 *(.bss)
 .bss           0x2000067c       0x1c c:/program files (x86)/atollic/truestudio for stm32 9.0.1/armtools/bin/../lib/gcc/arm-atollic-eabi/6.3.1/armv7e-m/fpu/crtbegin.o
 .bss           0x20000698       0x25 Inc\CAN\CAN.o
                0x20000698                RxFIFO_Data
                0x200006a0                RXmsg
                0x200006bc                CanRxFlag
 *fill*         0x200006bd        0x3 
 .bss           0x200006c0        0x8 Inc\InterruptIvent\interrupt.o
                0x200006c0                IntFlag
                0x200006c4                warikan
 .bss           0x200006c8        0x4 Src\main.o
                0x200006c8                plow
 *(.bss*)
 .bss.heap_end.7031
                0x200006cc        0x4 Src\syscalls.o
 .bss.__malloc_current_mallinfo
                0x200006d0       0x28 c:/program files (x86)/atollic/truestudio for stm32 9.0.1/armtools/bin/../lib/gcc/arm-atollic-eabi/6.3.1/../../../../arm-atollic-eabi/lib/armv7e-m/fpu\libc.a(lib_a-mallocr.o)
                0x200006d0                __malloc_current_mallinfo
 .bss.__malloc_max_sbrked_mem
                0x200006f8        0x4 c:/program files (x86)/atollic/truestudio for stm32 9.0.1/armtools/bin/../lib/gcc/arm-atollic-eabi/6.3.1/../../../../arm-atollic-eabi/lib/armv7e-m/fpu\libc.a(lib_a-mallocr.o)
                0x200006f8                __malloc_max_sbrked_mem
 .bss.__malloc_max_total_mem
                0x200006fc        0x4 c:/program files (x86)/atollic/truestudio for stm32 9.0.1/armtools/bin/../lib/gcc/arm-atollic-eabi/6.3.1/../../../../arm-atollic-eabi/lib/armv7e-m/fpu\libc.a(lib_a-mallocr.o)
                0x200006fc                __malloc_max_total_mem
 .bss.__malloc_top_pad
                0x20000700        0x4 c:/program files (x86)/atollic/truestudio for stm32 9.0.1/armtools/bin/../lib/gcc/arm-atollic-eabi/6.3.1/../../../../arm-atollic-eabi/lib/armv7e-m/fpu\libc.a(lib_a-mallocr.o)
                0x20000700                __malloc_top_pad
 *(COMMON)
 COMMON         0x20000704        0x4 Drivers\STM32F4xx_HAL_Driver\Src\stm32f4xx_hal.o
                0x20000704                uwTick
 COMMON         0x20000708       0x28 Src\can.o
                0x20000708                hcan1
 COMMON         0x20000730       0x54 Src\i2c.o
                0x20000730                hi2c2
 COMMON         0x20000784       0xc0 Src\tim.o
                0x20000784                htim6
                0x200007c4                htim2
                0x20000804                htim7
 COMMON         0x20000844      0x140 Src\usart.o
                0x20000844                hdma_usart2_rx
                0x200008a4                hdma_usart2_tx
                0x20000904                huart1
                0x20000944                huart2
 COMMON         0x20000984        0x9 c:/program files (x86)/atollic/truestudio for stm32 9.0.1/armtools/bin/../lib/gcc/arm-atollic-eabi/6.3.1/../../../../arm-atollic-eabi/lib/armv7e-m/fpu\libc.a(lib_a-lock.o)
                0x20000984                __lock___atexit_recursive_mutex
                0x20000985                __lock___arc4random_mutex
                0x20000986                __lock___env_recursive_mutex
                0x20000987                __lock___sinit_recursive_mutex
                0x20000988                __lock___malloc_recursive_mutex
                0x20000989                __lock___at_quick_exit_mutex
                0x2000098a                __lock___dd_hash_mutex
                0x2000098b                __lock___tz_mutex
                0x2000098c                __lock___sfp_recursive_mutex
 *fill*         0x2000098d        0x3 
 COMMON         0x20000990        0x4 c:/program files (x86)/atollic/truestudio for stm32 9.0.1/armtools/bin/../lib/gcc/arm-atollic-eabi/6.3.1/../../../../arm-atollic-eabi/lib/armv7e-m/fpu\libc.a(lib_a-reent.o)
                0x20000990                errno
                0x20000994                . = ALIGN (0x4)
                0x20000994                _ebss = .
                0x20000994                __bss_end__ = _ebss

._user_heap_stack
                0x20000994      0x600 load address 0x080099ac
                0x20000994                . = ALIGN (0x4)
                0x20000994                PROVIDE (end, .)
                [!provide]                PROVIDE (_end, .)
                0x20000b94                . = (. + _Min_Heap_Size)
 *fill*         0x20000994      0x200 
                0x20000f94                . = (. + _Min_Stack_Size)
 *fill*         0x20000b94      0x400 
                0x20000f94                . = ALIGN (0x4)

/DISCARD/
 libc.a(*)
 libm.a(*)
 libgcc.a(*)

.ARM.attributes
                0x00000000       0x30
 *(.ARM.attributes)
 .ARM.attributes
                0x00000000       0x22 c:/program files (x86)/atollic/truestudio for stm32 9.0.1/armtools/bin/../lib/gcc/arm-atollic-eabi/6.3.1/armv7e-m/fpu/crti.o
 .ARM.attributes
                0x00000022       0x34 c:/program files (x86)/atollic/truestudio for stm32 9.0.1/armtools/bin/../lib/gcc/arm-atollic-eabi/6.3.1/armv7e-m/fpu/crtbegin.o
 .ARM.attributes
                0x00000056       0x35 Drivers\STM32F4xx_HAL_Driver\Src\stm32f4xx_hal.o
 .ARM.attributes
                0x0000008b       0x35 Drivers\STM32F4xx_HAL_Driver\Src\stm32f4xx_hal_can.o
 .ARM.attributes
                0x000000c0       0x35 Drivers\STM32F4xx_HAL_Driver\Src\stm32f4xx_hal_cortex.o
 .ARM.attributes
                0x000000f5       0x35 Drivers\STM32F4xx_HAL_Driver\Src\stm32f4xx_hal_dma.o
 .ARM.attributes
                0x0000012a       0x35 Drivers\STM32F4xx_HAL_Driver\Src\stm32f4xx_hal_gpio.o
 .ARM.attributes
                0x0000015f       0x35 Drivers\STM32F4xx_HAL_Driver\Src\stm32f4xx_hal_i2c.o
 .ARM.attributes
                0x00000194       0x35 Drivers\STM32F4xx_HAL_Driver\Src\stm32f4xx_hal_rcc.o
 .ARM.attributes
                0x000001c9       0x35 Drivers\STM32F4xx_HAL_Driver\Src\stm32f4xx_hal_rcc_ex.o
 .ARM.attributes
                0x000001fe       0x35 Drivers\STM32F4xx_HAL_Driver\Src\stm32f4xx_hal_tim.o
 .ARM.attributes
                0x00000233       0x35 Drivers\STM32F4xx_HAL_Driver\Src\stm32f4xx_hal_tim_ex.o
 .ARM.attributes
                0x00000268       0x35 Drivers\STM32F4xx_HAL_Driver\Src\stm32f4xx_hal_uart.o
 .ARM.attributes
                0x0000029d       0x35 Inc\CAN\CAN.o
 .ARM.attributes
                0x000002d2       0x35 Inc\InterruptIvent\interrupt.o
 .ARM.attributes
                0x00000307       0x35 Inc\MotorSystem\MotorSytemClass.o
 .ARM.attributes
                0x0000033c       0x35 Inc\localization\localization.o
 .ARM.attributes
                0x00000371       0x35 Src\can.o
 .ARM.attributes
                0x000003a6       0x35 Src\dma.o
 .ARM.attributes
                0x000003db       0x35 Src\gpio.o
 .ARM.attributes
                0x00000410       0x35 Src\i2c.o
 .ARM.attributes
                0x00000445       0x35 Src\main.o
 .ARM.attributes
                0x0000047a       0x35 Src\scanf.o
 .ARM.attributes
                0x000004af       0x35 Src\stm32f4xx_hal_msp.o
 .ARM.attributes
                0x000004e4       0x35 Src\stm32f4xx_it.o
 .ARM.attributes
                0x00000519       0x35 Src\syscalls.o
 .ARM.attributes
                0x0000054e       0x35 Src\system_stm32f4xx.o
 .ARM.attributes
                0x00000583       0x35 Src\tim.o
 .ARM.attributes
                0x000005b8       0x35 Src\usart.o
 .ARM.attributes
                0x000005ed       0x21 startup\startup_stm32f446xx.o
 .ARM.attributes
                0x0000060e       0x34 c:/program files (x86)/atollic/truestudio for stm32 9.0.1/armtools/bin/../lib/gcc/arm-atollic-eabi/6.3.1/../../../../arm-atollic-eabi/lib/armv7e-m/fpu\libc.a(lib_a-errno.o)
 .ARM.attributes
                0x00000642       0x34 c:/program files (x86)/atollic/truestudio for stm32 9.0.1/armtools/bin/../lib/gcc/arm-atollic-eabi/6.3.1/../../../../arm-atollic-eabi/lib/armv7e-m/fpu\libc.a(lib_a-impure.o)
 .ARM.attributes
                0x00000676       0x34 c:/program files (x86)/atollic/truestudio for stm32 9.0.1/armtools/bin/../lib/gcc/arm-atollic-eabi/6.3.1/../../../../arm-atollic-eabi/lib/armv7e-m/fpu\libc.a(lib_a-init.o)
 .ARM.attributes
                0x000006aa       0x34 c:/program files (x86)/atollic/truestudio for stm32 9.0.1/armtools/bin/../lib/gcc/arm-atollic-eabi/6.3.1/../../../../arm-atollic-eabi/lib/armv7e-m/fpu\libc.a(lib_a-memset.o)
 .ARM.attributes
                0x000006de       0x34 c:/program files (x86)/atollic/truestudio for stm32 9.0.1/armtools/bin/../lib/gcc/arm-atollic-eabi/6.3.1/../../../../arm-atollic-eabi/lib/armv7e-m/fpu\libc.a(lib_a-printf.o)
 .ARM.attributes
                0x00000712       0x34 c:/program files (x86)/atollic/truestudio for stm32 9.0.1/armtools/bin/../lib/gcc/arm-atollic-eabi/6.3.1/../../../../arm-atollic-eabi/lib/armv7e-m/fpu\libc.a(lib_a-vfprintf.o)
 .ARM.attributes
                0x00000746       0x34 c:/program files (x86)/atollic/truestudio for stm32 9.0.1/armtools/bin/../lib/gcc/arm-atollic-eabi/6.3.1/../../../../arm-atollic-eabi/lib/armv7e-m/fpu\libc.a(lib_a-wsetup.o)
 .ARM.attributes
                0x0000077a       0x34 c:/program files (x86)/atollic/truestudio for stm32 9.0.1/armtools/bin/../lib/gcc/arm-atollic-eabi/6.3.1/../../../../arm-atollic-eabi/lib/armv7e-m/fpu\libc.a(lib_a-dtoa.o)
 .ARM.attributes
                0x000007ae       0x34 c:/program files (x86)/atollic/truestudio for stm32 9.0.1/armtools/bin/../lib/gcc/arm-atollic-eabi/6.3.1/../../../../arm-atollic-eabi/lib/armv7e-m/fpu\libc.a(lib_a-fflush.o)
 .ARM.attributes
                0x000007e2       0x34 c:/program files (x86)/atollic/truestudio for stm32 9.0.1/armtools/bin/../lib/gcc/arm-atollic-eabi/6.3.1/../../../../arm-atollic-eabi/lib/armv7e-m/fpu\libc.a(lib_a-findfp.o)
 .ARM.attributes
                0x00000816       0x34 c:/program files (x86)/atollic/truestudio for stm32 9.0.1/armtools/bin/../lib/gcc/arm-atollic-eabi/6.3.1/../../../../arm-atollic-eabi/lib/armv7e-m/fpu\libc.a(lib_a-freer.o)
 .ARM.attributes
                0x0000084a       0x34 c:/program files (x86)/atollic/truestudio for stm32 9.0.1/armtools/bin/../lib/gcc/arm-atollic-eabi/6.3.1/../../../../arm-atollic-eabi/lib/armv7e-m/fpu\libc.a(lib_a-fwalk.o)
 .ARM.attributes
                0x0000087e       0x34 c:/program files (x86)/atollic/truestudio for stm32 9.0.1/armtools/bin/../lib/gcc/arm-atollic-eabi/6.3.1/../../../../arm-atollic-eabi/lib/armv7e-m/fpu\libc.a(lib_a-localeconv.o)
 .ARM.attributes
                0x000008b2       0x34 c:/program files (x86)/atollic/truestudio for stm32 9.0.1/armtools/bin/../lib/gcc/arm-atollic-eabi/6.3.1/../../../../arm-atollic-eabi/lib/armv7e-m/fpu\libc.a(lib_a-lock.o)
 .ARM.attributes
                0x000008e6       0x34 c:/program files (x86)/atollic/truestudio for stm32 9.0.1/armtools/bin/../lib/gcc/arm-atollic-eabi/6.3.1/../../../../arm-atollic-eabi/lib/armv7e-m/fpu\libc.a(lib_a-makebuf.o)
 .ARM.attributes
                0x0000091a       0x34 c:/program files (x86)/atollic/truestudio for stm32 9.0.1/armtools/bin/../lib/gcc/arm-atollic-eabi/6.3.1/../../../../arm-atollic-eabi/lib/armv7e-m/fpu\libc.a(lib_a-malloc.o)
 .ARM.attributes
                0x0000094e       0x34 c:/program files (x86)/atollic/truestudio for stm32 9.0.1/armtools/bin/../lib/gcc/arm-atollic-eabi/6.3.1/../../../../arm-atollic-eabi/lib/armv7e-m/fpu\libc.a(lib_a-mallocr.o)
 .ARM.attributes
                0x00000982       0x20 c:/program files (x86)/atollic/truestudio for stm32 9.0.1/armtools/bin/../lib/gcc/arm-atollic-eabi/6.3.1/../../../../arm-atollic-eabi/lib/armv7e-m/fpu\libc.a(lib_a-memchr.o)
 .ARM.attributes
                0x000009a2       0x34 c:/program files (x86)/atollic/truestudio for stm32 9.0.1/armtools/bin/../lib/gcc/arm-atollic-eabi/6.3.1/../../../../arm-atollic-eabi/lib/armv7e-m/fpu\libc.a(lib_a-memcpy-stub.o)
 .ARM.attributes
                0x000009d6       0x34 c:/program files (x86)/atollic/truestudio for stm32 9.0.1/armtools/bin/../lib/gcc/arm-atollic-eabi/6.3.1/../../../../arm-atollic-eabi/lib/armv7e-m/fpu\libc.a(lib_a-mlock.o)
 .ARM.attributes
                0x00000a0a       0x34 c:/program files (x86)/atollic/truestudio for stm32 9.0.1/armtools/bin/../lib/gcc/arm-atollic-eabi/6.3.1/../../../../arm-atollic-eabi/lib/armv7e-m/fpu\libc.a(lib_a-mprec.o)
 .ARM.attributes
                0x00000a3e       0x34 c:/program files (x86)/atollic/truestudio for stm32 9.0.1/armtools/bin/../lib/gcc/arm-atollic-eabi/6.3.1/../../../../arm-atollic-eabi/lib/armv7e-m/fpu\libc.a(lib_a-sbrkr.o)
 .ARM.attributes
                0x00000a72       0x34 c:/program files (x86)/atollic/truestudio for stm32 9.0.1/armtools/bin/../lib/gcc/arm-atollic-eabi/6.3.1/../../../../arm-atollic-eabi/lib/armv7e-m/fpu\libc.a(lib_a-stdio.o)
 .ARM.attributes
                0x00000aa6       0x1b c:/program files (x86)/atollic/truestudio for stm32 9.0.1/armtools/bin/../lib/gcc/arm-atollic-eabi/6.3.1/../../../../arm-atollic-eabi/lib/armv7e-m/fpu\libc.a(lib_a-strlen.o)
 .ARM.attributes
                0x00000ac1       0x34 c:/program files (x86)/atollic/truestudio for stm32 9.0.1/armtools/bin/../lib/gcc/arm-atollic-eabi/6.3.1/../../../../arm-atollic-eabi/lib/armv7e-m/fpu\libc.a(lib_a-vfiprintf.o)
 .ARM.attributes
                0x00000af5       0x34 c:/program files (x86)/atollic/truestudio for stm32 9.0.1/armtools/bin/../lib/gcc/arm-atollic-eabi/6.3.1/../../../../arm-atollic-eabi/lib/armv7e-m/fpu\libc.a(lib_a-writer.o)
 .ARM.attributes
                0x00000b29       0x34 c:/program files (x86)/atollic/truestudio for stm32 9.0.1/armtools/bin/../lib/gcc/arm-atollic-eabi/6.3.1/../../../../arm-atollic-eabi/lib/armv7e-m/fpu\libc.a(lib_a-callocr.o)
 .ARM.attributes
                0x00000b5d       0x34 c:/program files (x86)/atollic/truestudio for stm32 9.0.1/armtools/bin/../lib/gcc/arm-atollic-eabi/6.3.1/../../../../arm-atollic-eabi/lib/armv7e-m/fpu\libc.a(lib_a-closer.o)
 .ARM.attributes
                0x00000b91       0x34 c:/program files (x86)/atollic/truestudio for stm32 9.0.1/armtools/bin/../lib/gcc/arm-atollic-eabi/6.3.1/../../../../arm-atollic-eabi/lib/armv7e-m/fpu\libc.a(lib_a-fclose.o)
 .ARM.attributes
                0x00000bc5       0x34 c:/program files (x86)/atollic/truestudio for stm32 9.0.1/armtools/bin/../lib/gcc/arm-atollic-eabi/6.3.1/../../../../arm-atollic-eabi/lib/armv7e-m/fpu\libc.a(lib_a-fputwc.o)
 .ARM.attributes
                0x00000bf9       0x34 c:/program files (x86)/atollic/truestudio for stm32 9.0.1/armtools/bin/../lib/gcc/arm-atollic-eabi/6.3.1/../../../../arm-atollic-eabi/lib/armv7e-m/fpu\libc.a(lib_a-fstatr.o)
 .ARM.attributes
                0x00000c2d       0x34 c:/program files (x86)/atollic/truestudio for stm32 9.0.1/armtools/bin/../lib/gcc/arm-atollic-eabi/6.3.1/../../../../arm-atollic-eabi/lib/armv7e-m/fpu\libc.a(lib_a-fvwrite.o)
 .ARM.attributes
                0x00000c61       0x34 c:/program files (x86)/atollic/truestudio for stm32 9.0.1/armtools/bin/../lib/gcc/arm-atollic-eabi/6.3.1/../../../../arm-atollic-eabi/lib/armv7e-m/fpu\libc.a(lib_a-isattyr.o)
 .ARM.attributes
                0x00000c95       0x34 c:/program files (x86)/atollic/truestudio for stm32 9.0.1/armtools/bin/../lib/gcc/arm-atollic-eabi/6.3.1/../../../../arm-atollic-eabi/lib/armv7e-m/fpu\libc.a(lib_a-locale.o)
 .ARM.attributes
                0x00000cc9       0x34 c:/program files (x86)/atollic/truestudio for stm32 9.0.1/armtools/bin/../lib/gcc/arm-atollic-eabi/6.3.1/../../../../arm-atollic-eabi/lib/armv7e-m/fpu\libc.a(lib_a-lseekr.o)
 .ARM.attributes
                0x00000cfd       0x34 c:/program files (x86)/atollic/truestudio for stm32 9.0.1/armtools/bin/../lib/gcc/arm-atollic-eabi/6.3.1/../../../../arm-atollic-eabi/lib/armv7e-m/fpu\libc.a(lib_a-mbtowc_r.o)
 .ARM.attributes
                0x00000d31       0x34 c:/program files (x86)/atollic/truestudio for stm32 9.0.1/armtools/bin/../lib/gcc/arm-atollic-eabi/6.3.1/../../../../arm-atollic-eabi/lib/armv7e-m/fpu\libc.a(lib_a-memmove.o)
 .ARM.attributes
                0x00000d65       0x34 c:/program files (x86)/atollic/truestudio for stm32 9.0.1/armtools/bin/../lib/gcc/arm-atollic-eabi/6.3.1/../../../../arm-atollic-eabi/lib/armv7e-m/fpu\libc.a(lib_a-readr.o)
 .ARM.attributes
                0x00000d99       0x34 c:/program files (x86)/atollic/truestudio for stm32 9.0.1/armtools/bin/../lib/gcc/arm-atollic-eabi/6.3.1/../../../../arm-atollic-eabi/lib/armv7e-m/fpu\libc.a(lib_a-reallocr.o)
 .ARM.attributes
                0x00000dcd       0x34 c:/program files (x86)/atollic/truestudio for stm32 9.0.1/armtools/bin/../lib/gcc/arm-atollic-eabi/6.3.1/../../../../arm-atollic-eabi/lib/armv7e-m/fpu\libc.a(lib_a-reent.o)
 .ARM.attributes
                0x00000e01       0x34 c:/program files (x86)/atollic/truestudio for stm32 9.0.1/armtools/bin/../lib/gcc/arm-atollic-eabi/6.3.1/../../../../arm-atollic-eabi/lib/armv7e-m/fpu\libc.a(lib_a-wbuf.o)
 .ARM.attributes
                0x00000e35       0x34 c:/program files (x86)/atollic/truestudio for stm32 9.0.1/armtools/bin/../lib/gcc/arm-atollic-eabi/6.3.1/../../../../arm-atollic-eabi/lib/armv7e-m/fpu\libc.a(lib_a-wcrtomb.o)
 .ARM.attributes
                0x00000e69       0x34 c:/program files (x86)/atollic/truestudio for stm32 9.0.1/armtools/bin/../lib/gcc/arm-atollic-eabi/6.3.1/../../../../arm-atollic-eabi/lib/armv7e-m/fpu\libc.a(lib_a-wctomb_r.o)
 .ARM.attributes
                0x00000e9d       0x34 c:/program files (x86)/atollic/truestudio for stm32 9.0.1/armtools/bin/../lib/gcc/arm-atollic-eabi/6.3.1/../../../../arm-atollic-eabi/lib/armv7e-m/fpu\libc.a(lib_a-ctype_.o)
 .ARM.attributes
                0x00000ed1       0x22 c:/program files (x86)/atollic/truestudio for stm32 9.0.1/armtools/bin/../lib/gcc/arm-atollic-eabi/6.3.1/armv7e-m/fpu\libgcc.a(_arm_addsubdf3.o)
 .ARM.attributes
                0x00000ef3       0x22 c:/program files (x86)/atollic/truestudio for stm32 9.0.1/armtools/bin/../lib/gcc/arm-atollic-eabi/6.3.1/armv7e-m/fpu\libgcc.a(_arm_muldivdf3.o)
 .ARM.attributes
                0x00000f15       0x22 c:/program files (x86)/atollic/truestudio for stm32 9.0.1/armtools/bin/../lib/gcc/arm-atollic-eabi/6.3.1/armv7e-m/fpu\libgcc.a(_arm_cmpdf2.o)
 .ARM.attributes
                0x00000f37       0x22 c:/program files (x86)/atollic/truestudio for stm32 9.0.1/armtools/bin/../lib/gcc/arm-atollic-eabi/6.3.1/armv7e-m/fpu\libgcc.a(_arm_unorddf2.o)
 .ARM.attributes
                0x00000f59       0x22 c:/program files (x86)/atollic/truestudio for stm32 9.0.1/armtools/bin/../lib/gcc/arm-atollic-eabi/6.3.1/armv7e-m/fpu\libgcc.a(_arm_fixdfsi.o)
 .ARM.attributes
                0x00000f7b       0x22 c:/program files (x86)/atollic/truestudio for stm32 9.0.1/armtools/bin/../lib/gcc/arm-atollic-eabi/6.3.1/armv7e-m/fpu\libgcc.a(_aeabi_uldivmod.o)
 .ARM.attributes
                0x00000f9d       0x34 c:/program files (x86)/atollic/truestudio for stm32 9.0.1/armtools/bin/../lib/gcc/arm-atollic-eabi/6.3.1/armv7e-m/fpu\libgcc.a(_udivmoddi4.o)
 .ARM.attributes
                0x00000fd1       0x22 c:/program files (x86)/atollic/truestudio for stm32 9.0.1/armtools/bin/../lib/gcc/arm-atollic-eabi/6.3.1/armv7e-m/fpu\libgcc.a(_dvmd_tls.o)
 .ARM.attributes
                0x00000ff3       0x22 c:/program files (x86)/atollic/truestudio for stm32 9.0.1/armtools/bin/../lib/gcc/arm-atollic-eabi/6.3.1/armv7e-m/fpu/crtn.o
OUTPUT(KRP_CentralMicon.elf elf32-littlearm)

.debug_info     0x00000000    0x21c59
 .debug_info    0x00000000      0xa41 Drivers\STM32F4xx_HAL_Driver\Src\stm32f4xx_hal.o
 .debug_info    0x00000a41     0x10ed Drivers\STM32F4xx_HAL_Driver\Src\stm32f4xx_hal_can.o
 .debug_info    0x00001b2e      0xf5b Drivers\STM32F4xx_HAL_Driver\Src\stm32f4xx_hal_cortex.o
 .debug_info    0x00002a89      0xace Drivers\STM32F4xx_HAL_Driver\Src\stm32f4xx_hal_dma.o
 .debug_info    0x00003557      0x7c3 Drivers\STM32F4xx_HAL_Driver\Src\stm32f4xx_hal_gpio.o
 .debug_info    0x00003d1a     0x3a0b Drivers\STM32F4xx_HAL_Driver\Src\stm32f4xx_hal_i2c.o
 .debug_info    0x00007725      0xab5 Drivers\STM32F4xx_HAL_Driver\Src\stm32f4xx_hal_rcc.o
 .debug_info    0x000081da      0xbe4 Drivers\STM32F4xx_HAL_Driver\Src\stm32f4xx_hal_rcc_ex.o
 .debug_info    0x00008dbe     0x3d6c Drivers\STM32F4xx_HAL_Driver\Src\stm32f4xx_hal_tim.o
 .debug_info    0x0000cb2a     0x1518 Drivers\STM32F4xx_HAL_Driver\Src\stm32f4xx_hal_tim_ex.o
 .debug_info    0x0000e042     0x17bb Drivers\STM32F4xx_HAL_Driver\Src\stm32f4xx_hal_uart.o
 .debug_info    0x0000f7fd     0x139c Inc\CAN\CAN.o
 .debug_info    0x00010b99     0x1e13 Inc\InterruptIvent\interrupt.o
 .debug_info    0x000129ac     0x19f6 Inc\MotorSystem\MotorSytemClass.o
 .debug_info    0x000143a2     0x10c8 Inc\localization\localization.o
 .debug_info    0x0001546a      0xc41 Src\can.o
 .debug_info    0x000160ab      0x5e8 Src\dma.o
 .debug_info    0x00016693      0x588 Src\gpio.o
 .debug_info    0x00016c1b      0xaa4 Src\i2c.o
 .debug_info    0x000176bf     0x5757 Src\main.o
 .debug_info    0x0001ce16      0xefc Src\scanf.o
 .debug_info    0x0001dd12      0x366 Src\stm32f4xx_hal_msp.o
 .debug_info    0x0001e078      0xb2f Src\stm32f4xx_it.o
 .debug_info    0x0001eba7      0xffa Src\syscalls.o
 .debug_info    0x0001fba1      0x53e Src\system_stm32f4xx.o
 .debug_info    0x000200df     0x101d Src\tim.o
 .debug_info    0x000210fc      0xaef Src\usart.o
 .debug_info    0x00021beb       0x6e startup\startup_stm32f446xx.o

.debug_abbrev   0x00000000     0x4542
 .debug_abbrev  0x00000000      0x23d Drivers\STM32F4xx_HAL_Driver\Src\stm32f4xx_hal.o
 .debug_abbrev  0x0000023d      0x2dc Drivers\STM32F4xx_HAL_Driver\Src\stm32f4xx_hal_can.o
 .debug_abbrev  0x00000519      0x314 Drivers\STM32F4xx_HAL_Driver\Src\stm32f4xx_hal_cortex.o
 .debug_abbrev  0x0000082d      0x303 Drivers\STM32F4xx_HAL_Driver\Src\stm32f4xx_hal_dma.o
 .debug_abbrev  0x00000b30      0x1ef Drivers\STM32F4xx_HAL_Driver\Src\stm32f4xx_hal_gpio.o
 .debug_abbrev  0x00000d1f      0x359 Drivers\STM32F4xx_HAL_Driver\Src\stm32f4xx_hal_i2c.o
 .debug_abbrev  0x00001078      0x2be Drivers\STM32F4xx_HAL_Driver\Src\stm32f4xx_hal_rcc.o
 .debug_abbrev  0x00001336      0x20d Drivers\STM32F4xx_HAL_Driver\Src\stm32f4xx_hal_rcc_ex.o
 .debug_abbrev  0x00001543      0x343 Drivers\STM32F4xx_HAL_Driver\Src\stm32f4xx_hal_tim.o
 .debug_abbrev  0x00001886      0x2e3 Drivers\STM32F4xx_HAL_Driver\Src\stm32f4xx_hal_tim_ex.o
 .debug_abbrev  0x00001b69      0x311 Drivers\STM32F4xx_HAL_Driver\Src\stm32f4xx_hal_uart.o
 .debug_abbrev  0x00001e7a      0x300 Inc\CAN\CAN.o
 .debug_abbrev  0x0000217a      0x32e Inc\InterruptIvent\interrupt.o
 .debug_abbrev  0x000024a8      0x3a9 Inc\MotorSystem\MotorSytemClass.o
 .debug_abbrev  0x00002851      0x2f9 Inc\localization\localization.o
 .debug_abbrev  0x00002b4a      0x1f0 Src\can.o
 .debug_abbrev  0x00002d3a      0x139 Src\dma.o
 .debug_abbrev  0x00002e73      0x166 Src\gpio.o
 .debug_abbrev  0x00002fd9      0x1de Src\i2c.o
 .debug_abbrev  0x000031b7      0x5b9 Src\main.o
 .debug_abbrev  0x00003770      0x235 Src\scanf.o
 .debug_abbrev  0x000039a5      0x116 Src\stm32f4xx_hal_msp.o
 .debug_abbrev  0x00003abb      0x22c Src\stm32f4xx_it.o
 .debug_abbrev  0x00003ce7      0x2d9 Src\syscalls.o
 .debug_abbrev  0x00003fc0      0x10e Src\system_stm32f4xx.o
 .debug_abbrev  0x000040ce      0x27e Src\tim.o
 .debug_abbrev  0x0000434c      0x1e4 Src\usart.o
 .debug_abbrev  0x00004530       0x12 startup\startup_stm32f446xx.o

.debug_loc      0x00000000    0x11ae8
 .debug_loc     0x00000000      0x11c Drivers\STM32F4xx_HAL_Driver\Src\stm32f4xx_hal.o
 .debug_loc     0x0000011c      0xc53 Drivers\STM32F4xx_HAL_Driver\Src\stm32f4xx_hal_can.o
 .debug_loc     0x00000d6f      0x682 Drivers\STM32F4xx_HAL_Driver\Src\stm32f4xx_hal_cortex.o
 .debug_loc     0x000013f1      0x818 Drivers\STM32F4xx_HAL_Driver\Src\stm32f4xx_hal_dma.o
 .debug_loc     0x00001c09      0x46c Drivers\STM32F4xx_HAL_Driver\Src\stm32f4xx_hal_gpio.o
 .debug_loc     0x00002075     0x463a Drivers\STM32F4xx_HAL_Driver\Src\stm32f4xx_hal_i2c.o
 .debug_loc     0x000066af      0x3b1 Drivers\STM32F4xx_HAL_Driver\Src\stm32f4xx_hal_rcc.o
 .debug_loc     0x00006a60      0xc53 Drivers\STM32F4xx_HAL_Driver\Src\stm32f4xx_hal_rcc_ex.o
 .debug_loc     0x000076b3     0x5791 Drivers\STM32F4xx_HAL_Driver\Src\stm32f4xx_hal_tim.o
 .debug_loc     0x0000ce44     0x1171 Drivers\STM32F4xx_HAL_Driver\Src\stm32f4xx_hal_tim_ex.o
 .debug_loc     0x0000dfb5     0x1426 Drivers\STM32F4xx_HAL_Driver\Src\stm32f4xx_hal_uart.o
 .debug_loc     0x0000f3db       0xb6 Inc\CAN\CAN.o
 .debug_loc     0x0000f491       0x21 Inc\InterruptIvent\interrupt.o
 .debug_loc     0x0000f4b2      0xa10 Inc\MotorSystem\MotorSytemClass.o
 .debug_loc     0x0000fec2       0x4d Inc\localization\localization.o
 .debug_loc     0x0000ff0f       0x42 Src\can.o
 .debug_loc     0x0000ff51       0x42 Src\i2c.o