PS3class.cpp:15:7:void PS3controller::SetconData()	24	static
PS3class.cpp:26:7:void PS3controller::SendRequest()	16	static
PS3class.cpp:50:7:short int PS3controller::Maskbyte(int, int)	24	static
PS3class.cpp:56:7:short int PS3controller::SELECT()	16	static
PS3class.cpp:61:7:short int PS3controller::L3()	16	static
PS3class.cpp:65:7:short int PS3controller::R3()	16	static
PS3class.cpp:68:7:short int PS3controller::START()	16	static
PS3class.cpp:71:7:short int PS3controller::UP()	16	static
PS3class.cpp:75:7:short int PS3controller::RIGHT()	16	static
PS3class.cpp:78:7:short int PS3controller::DOWN()	16	static
PS3class.cpp:81:7:short int PS3controller::LEFT()	16	static
PS3class.cpp:84:7:short int PS3controller::L2()	16	static
PS3class.cpp:87:7:short int PS3controller::R2()	16	static
PS3class.cpp:90:7:short int PS3controller::L1()	16	static
PS3class.cpp:93:7:short int PS3controller::R1()	16	static
PS3class.cpp:96:7:short int PS3controller::SANKAKU()	16	static
PS3class.cpp:99:7:short int PS3controller::MARU()	16	static
PS3class.cpp:102:7:short int PS3controller::BATSU()	16	static
PS3class.cpp:105:7:short int PS3controller::SHIKAKU()	16	static
PS3class.cpp:108:7:short int PS3controller::ANALOG_RIGHT_X()	16	static
PS3class.cpp:111:7:short int PS3controller::ANALOG_RIGHT_Y()	16	static
PS3class.cpp:114:7:short int PS3controller::ANALOG_LEFT_X()	16	static
PS3class.cpp:117:7:short int PS3controller::ANALOG_LEFT_Y()	16	static
PS3class.cpp:121:6:void PS3controller::begin()	16	static
