PS3class.cpp:15:7:void PS3controller::SetconData()	24	static
PS3class.cpp:26:7:void PS3controller::SendRequest()	16	static
PS3class.cpp:50:7:short int PS3controller::Maskbyte(int, int)	24	static
PS3class.cpp:55:7:short int PS3controller::SELECT()	16	static
PS3class.cpp:60:7:short int PS3controller::L3()	16	static
PS3class.cpp:64:7:short int PS3controller::R3()	16	static
PS3class.cpp:67:7:short int PS3controller::START()	16	static
PS3class.cpp:70:7:short int PS3controller::UP()	16	static
PS3class.cpp:74:7:short int PS3controller::RIGHT()	16	static
PS3class.cpp:77:7:short int PS3controller::DOWN()	16	static
PS3class.cpp:80:7:short int PS3controller::LEFT()	16	static
PS3class.cpp:85:7:short int PS3controller::L1()	16	static
PS3class.cpp:88:7:short int PS3controller::R1()	16	static
PS3class.cpp:91:7:short int PS3controller::SANKAKU()	16	static
PS3class.cpp:94:7:short int PS3controller::MARU()	16	static
PS3class.cpp:97:7:short int PS3controller::BATSU()	16	static
PS3class.cpp:100:7:short int PS3controller::SHIKAKU()	16	static
PS3class.cpp:103:7:short int PS3controller::ANALOG_RIGHT_X()	16	static
PS3class.cpp:106:7:short int PS3controller::ANALOG_RIGHT_Y()	16	static
PS3class.cpp:109:7:short int PS3controller::ANALOG_LEFT_X()	16	static
PS3class.cpp:112:7:short int PS3controller::ANALOG_LEFT_Y()	16	static
PS3class.cpp:116:7:short int PS3controller::L2()	16	static
PS3class.cpp:119:7:short int PS3controller::R2()	16	static
