new:168:14:void* operator new(std::size_t, void*)	16	static
stl_deque.h:91:3:constexpr std::size_t std::__deque_buf_size(std::size_t)	16	static
Application.cpp:14:6:void HAL_UART_RxCpltCallback(UART_HandleTypeDef*)	16	static
Application.cpp:20:6:void Application::TakeOrder()	16	static
Application.cpp:26:5:int Application::SetSerial()	24	static
Application.cpp:40:6:void Application::SetSendOrder(uint8_t, uint8_t)	16	static
Application.cpp:48:5:int Application::SendSensor(short unsigned int*, short int, int, int)	24	static
Application.cpp:60:5:int Application::SendLoca(float, short int)	24	static
Application.cpp:72:5:int Application::SendMswitch(unsigned char, short int)	16	static
Application.cpp:79:5:int Application::SendCount(short int, short int, short int)	24	static
Application.cpp:90:5:int Application::MotorSystemBegin(short int)	16	static
Application.cpp:102:5:int Application::TaskShift()	32	static
stl_queue.h:251:7:void std::queue<_Tp, _Sequence>::push(const value_type&) [with _Tp = unsigned char; _Sequence = std::deque<unsigned char, std::allocator<unsigned char> >]	16	static
stl_queue.h:251:7:void std::queue<_Tp, _Sequence>::push(const value_type&) [with _Tp = float; _Sequence = std::deque<float, std::allocator<float> >]	16	static
stl_queue.h:189:7:bool std::queue<_Tp, _Sequence>::empty() const [with _Tp = unsigned char; _Sequence = std::deque<unsigned char, std::allocator<unsigned char> >]	16	static
stl_queue.h:202:7:std::queue<_Tp, _Sequence>::reference std::queue<_Tp, _Sequence>::front() [with _Tp = unsigned char; _Sequence = std::deque<unsigned char, std::allocator<unsigned char> >]	16	static
stl_queue.h:202:7:std::queue<_Tp, _Sequence>::reference std::queue<_Tp, _Sequence>::front() [with _Tp = float; _Sequence = std::deque<float, std::allocator<float> >]	16	static
stl_queue.h:284:7:void std::queue<_Tp, _Sequence>::pop() [with _Tp = unsigned char; _Sequence = std::deque<unsigned char, std::allocator<unsigned char> >]	16	static
stl_queue.h:284:7:void std::queue<_Tp, _Sequence>::pop() [with _Tp = float; _Sequence = std::deque<float, std::allocator<float> >]	16	static
stl_deque.h:1166:7:std::deque<_Tp, _Alloc>::iterator std::deque<_Tp, _Alloc>::begin() [with _Tp = unsigned char; _Alloc = std::allocator<unsigned char>]	16	static
stl_deque.h:587:7:std::_Deque_base<_Tp, _Alloc>::_Tp_alloc_type& std::_Deque_base<_Tp, _Alloc>::_M_get_Tp_allocator() [with _Tp = unsigned char; _Alloc = std::allocator<unsigned char>]	16	static
stl_deque.h:151:7:std::_Deque_iterator<_Tp, _Ref, _Ptr>::_Deque_iterator(const iterator&) [with _Tp = unsigned char; _Ref = unsigned char&; _Ptr = unsigned char*]	16	static
stl_deque.h:1166:7:std::deque<_Tp, _Alloc>::iterator std::deque<_Tp, _Alloc>::begin() [with _Tp = float; _Alloc = std::allocator<float>]	16	static
stl_deque.h:587:7:std::_Deque_base<_Tp, _Alloc>::_Tp_alloc_type& std::_Deque_base<_Tp, _Alloc>::_M_get_Tp_allocator() [with _Tp = float; _Alloc = std::allocator<float>]	16	static
stl_deque.h:151:7:std::_Deque_iterator<_Tp, _Ref, _Ptr>::_Deque_iterator(const iterator&) [with _Tp = float; _Ref = float&; _Ptr = float*]	16	static
stl_deque.h:1542:7:void std::deque<_Tp, _Alloc>::push_back(const value_type&) [with _Tp = unsigned char; _Alloc = std::allocator<unsigned char>]	16	static
stl_deque.h:1542:7:void std::deque<_Tp, _Alloc>::push_back(const value_type&) [with _Tp = float; _Alloc = std::allocator<float>]	16	static
stl_deque.h:1357:7:bool std::deque<_Tp, _Alloc>::empty() const [with _Tp = unsigned char; _Alloc = std::allocator<unsigned char>]	16	static
stl_deque.h:1451:7:std::deque<_Tp, _Alloc>::reference std::deque<_Tp, _Alloc>::front() [with _Tp = unsigned char; _Alloc = std::allocator<unsigned char>]	32	static
stl_deque.h:1451:7:std::deque<_Tp, _Alloc>::reference std::deque<_Tp, _Alloc>::front() [with _Tp = float; _Alloc = std::allocator<float>]	32	static
stl_deque.h:1578:7:void std::deque<_Tp, _Alloc>::pop_front() [with _Tp = unsigned char; _Alloc = std::allocator<unsigned char>]	16	static
stl_deque.h:1578:7:void std::deque<_Tp, _Alloc>::pop_front() [with _Tp = float; _Alloc = std::allocator<float>]	16	static
stl_deque.h:620:7:void std::_Deque_base<_Tp, _Alloc>::_M_deallocate_map(std::_Deque_base<_Tp, _Alloc>::_Map_pointer, std::size_t) [with _Tp = unsigned char; _Alloc = std::allocator<unsigned char>]	32	static
stl_deque.h:620:7:void std::_Deque_base<_Tp, _Alloc>::_M_deallocate_map(std::_Deque_base<_Tp, _Alloc>::_Map_pointer, std::size_t) [with _Tp = float; _Alloc = std::allocator<float>]	32	static
move.h:73:5:constexpr _Tp&& std::forward(typename std::remove_reference<_From>::type&) [with _Tp = const unsigned char&]	16	static
alloc_traits.h:474:2:) [with _Up = unsigned char; _Args = {const unsigned char&}; _Tp = unsigned char]	24	static
deque.tcc:478:7:) [with _Args = {const unsigned char&}; _Tp = unsigned char; _Alloc = std::allocator<unsigned char>]	24	static
move.h:73:5:constexpr _Tp&& std::forward(typename std::remove_reference<_From>::type&) [with _Tp = const float&]	16	static
alloc_traits.h:474:2:) [with _Up = float; _Args = {const float&}; _Tp = float]	24	static
deque.tcc:478:7:) [with _Args = {const float&}; _Tp = float; _Alloc = std::allocator<float>]	24	static
stl_deque.h:267:5:bool std::operator==(const std::_Deque_iterator<_Tp, _Ref, _Ptr>&, const std::_Deque_iterator<_Tp, _Ref, _Ptr>&) [with _Tp = unsigned char; _Ref = unsigned char&; _Ptr = unsigned char*]	16	static
stl_deque.h:160:7:std::_Deque_iterator<_Tp, _Ref, _Ptr>::reference std::_Deque_iterator<_Tp, _Ref, _Ptr>::operator*() const [with _Tp = unsigned char; _Ref = unsigned char&; _Ptr = unsigned char*]	16	static
stl_deque.h:160:7:std::_Deque_iterator<_Tp, _Ref, _Ptr>::reference std::_Deque_iterator<_Tp, _Ref, _Ptr>::operator*() const [with _Tp = float; _Ref = float&; _Ptr = float*]	16	static
alloc_traits.h:486:2:static void std::allocator_traits<std::allocator<_Tp1> >::destroy(std::allocator_traits<std::allocator<_Tp1> >::allocator_type&, _Up*) [with _Up = unsigned char; _Tp = unsigned char]	16	static
deque.tcc:562:10:void std::deque<_Tp, _Alloc>::_M_pop_front_aux() [with _Tp = unsigned char; _Alloc = std::allocator<unsigned char>]	16	static
alloc_traits.h:486:2:static void std::allocator_traits<std::allocator<_Tp1> >::destroy(std::allocator_traits<std::allocator<_Tp1> >::allocator_type&, _Up*) [with _Up = float; _Tp = float]	16	static
deque.tcc:562:10:void std::deque<_Tp, _Alloc>::_M_pop_front_aux() [with _Tp = float; _Alloc = std::allocator<float>]	16	static
stl_deque.h:606:7:void std::_Deque_base<_Tp, _Alloc>::_M_deallocate_node(std::_Deque_base<_Tp, _Alloc>::_Ptr) [with _Tp = unsigned char; _Alloc = std::allocator<unsigned char>]	24	static
stl_deque.h:595:7:std::_Deque_base<_Tp, _Alloc>::_Map_alloc_type std::_Deque_base<_Tp, _Alloc>::_M_get_map_allocator() const [with _Tp = unsigned char; _Alloc = std::allocator<unsigned char>]	16	static
allocator.h:139:7:std::allocator< <template-parameter-1-1> >::~allocator() [with _Tp = unsigned char*]	16	static
alloc_traits.h:461:7:static void std::allocator_traits<std::allocator<_Tp1> >::deallocate(std::allocator_traits<std::allocator<_Tp1> >::allocator_type&, std::allocator_traits<std::allocator<_Tp1> >::pointer, std::allocator_traits<std::allocator<_Tp1> >::size_type) [with _Tp = unsigned char*]	24	static
stl_deque.h:606:7:void std::_Deque_base<_Tp, _Alloc>::_M_deallocate_node(std::_Deque_base<_Tp, _Alloc>::_Ptr) [with _Tp = float; _Alloc = std::allocator<float>]	24	static
stl_deque.h:595:7:std::_Deque_base<_Tp, _Alloc>::_Map_alloc_type std::_Deque_base<_Tp, _Alloc>::_M_get_map_allocator() const [with _Tp = float; _Alloc = std::allocator<float>]	16	static
allocator.h:139:7:std::allocator< <template-parameter-1-1> >::~allocator() [with _Tp = float*]	16	static
alloc_traits.h:461:7:static void std::allocator_traits<std::allocator<_Tp1> >::deallocate(std::allocator_traits<std::allocator<_Tp1> >::allocator_type&, std::allocator_traits<std::allocator<_Tp1> >::pointer, std::allocator_traits<std::allocator<_Tp1> >::size_type) [with _Tp = float*]	24	static
new_allocator.h:135:2:) [with _Up = unsigned char; _Args = {const unsigned char&}; _Tp = unsigned char]	32	static
stl_deque.h:2149:7:void std::deque<_Tp, _Alloc>::_M_reserve_map_at_back(std::deque<_Tp, _Alloc>::size_type) [with _Tp = unsigned char; _Alloc = std::allocator<unsigned char>]	16	static
stl_deque.h:599:7:std::_Deque_base<_Tp, _Alloc>::_Ptr std::_Deque_base<_Tp, _Alloc>::_M_allocate_node() [with _Tp = unsigned char; _Alloc = std::allocator<unsigned char>]	24	static
stl_deque.h:254:7:void std::_Deque_iterator<_Tp, _Ref, _Ptr>::_M_set_node(std::_Deque_iterator<_Tp, _Ref, _Ptr>::_Map_pointer) [with _Tp = unsigned char; _Ref = unsigned char&; _Ptr = unsigned char*]	24	static
new_allocator.h:135:2:) [with _Up = float; _Args = {const float&}; _Tp = float]	32	static
stl_deque.h:2149:7:void std::deque<_Tp, _Alloc>::_M_reserve_map_at_back(std::deque<_Tp, _Alloc>::size_type) [with _Tp = float; _Alloc = std::allocator<float>]	16	static
stl_deque.h:599:7:std::_Deque_base<_Tp, _Alloc>::_Ptr std::_Deque_base<_Tp, _Alloc>::_M_allocate_node() [with _Tp = float; _Alloc = std::allocator<float>]	24	static
stl_deque.h:254:7:void std::_Deque_iterator<_Tp, _Ref, _Ptr>::_M_set_node(std::_Deque_iterator<_Tp, _Ref, _Ptr>::_Map_pointer) [with _Tp = float; _Ref = float&; _Ptr = float*]	24	static
new_allocator.h:140:2:void __gnu_cxx::new_allocator<_Tp>::destroy(_Up*) [with _Up = unsigned char; _Tp = unsigned char]	16	static
new_allocator.h:140:2:void __gnu_cxx::new_allocator<_Tp>::destroy(_Up*) [with _Up = float; _Tp = float]	16	static
stl_algobase.h:219:5:const _Tp& std::max(const _Tp&, const _Tp&) [with _Tp = unsigned int]	16	static
stl_deque.h:613:7:std::_Deque_base<_Tp, _Alloc>::_Map_pointer std::_Deque_base<_Tp, _Alloc>::_M_allocate_map(std::size_t) [with _Tp = unsigned char; _Alloc = std::allocator<unsigned char>]	32	static
alloc_traits.h:461:7:static void std::allocator_traits<std::allocator<_Tp1> >::deallocate(std::allocator_traits<std::allocator<_Tp1> >::allocator_type&, std::allocator_traits<std::allocator<_Tp1> >::pointer, std::allocator_traits<std::allocator<_Tp1> >::size_type) [with _Tp = unsigned char]	24	static
stl_deque.h:591:7:const _Tp_alloc_type& std::_Deque_base<_Tp, _Alloc>::_M_get_Tp_allocator() const [with _Tp = unsigned char; _Alloc = std::allocator<unsigned char>]	16	static
allocator.h:137:2:std::allocator< <template-parameter-1-1> >::allocator(const std::allocator<_Tp1>&) [with _Tp1 = unsigned char; _Tp = unsigned char*]	16	static
new_allocator.h:86:7:__gnu_cxx::new_allocator<_Tp>::~new_allocator() [with _Tp = unsigned char*]	16	static
new_allocator.h:116:7:void __gnu_cxx::new_allocator<_Tp>::deallocate(__gnu_cxx::new_allocator<_Tp>::pointer, __gnu_cxx::new_allocator<_Tp>::size_type) [with _Tp = unsigned char*]	24	static
stl_deque.h:613:7:std::_Deque_base<_Tp, _Alloc>::_Map_pointer std::_Deque_base<_Tp, _Alloc>::_M_allocate_map(std::size_t) [with _Tp = float; _Alloc = std::allocator<float>]	32	static
alloc_traits.h:461:7:static void std::allocator_traits<std::allocator<_Tp1> >::deallocate(std::allocator_traits<std::allocator<_Tp1> >::allocator_type&, std::allocator_traits<std::allocator<_Tp1> >::pointer, std::allocator_traits<std::allocator<_Tp1> >::size_type) [with _Tp = float]	24	static
stl_deque.h:591:7:const _Tp_alloc_type& std::_Deque_base<_Tp, _Alloc>::_M_get_Tp_allocator() const [with _Tp = float; _Alloc = std::allocator<float>]	16	static
allocator.h:137:2:std::allocator< <template-parameter-1-1> >::allocator(const std::allocator<_Tp1>&) [with _Tp1 = float; _Tp = float*]	16	static
new_allocator.h:86:7:__gnu_cxx::new_allocator<_Tp>::~new_allocator() [with _Tp = float*]	16	static
new_allocator.h:116:7:void __gnu_cxx::new_allocator<_Tp>::deallocate(__gnu_cxx::new_allocator<_Tp>::pointer, __gnu_cxx::new_allocator<_Tp>::size_type) [with _Tp = float*]	24	static
deque.tcc:917:5:void std::deque<_Tp, _Alloc>::_M_reallocate_map(std::deque<_Tp, _Alloc>::size_type, bool) [with _Tp = unsigned char; _Alloc = std::allocator<unsigned char>]	56	static
alloc_traits.h:435:7:static _Tp* std::allocator_traits<std::allocator<_Tp1> >::allocate(std::allocator_traits<std::allocator<_Tp1> >::allocator_type&, std::allocator_traits<std::allocator<_Tp1> >::size_type) [with _Tp = unsigned char]	16	static
stl_deque.h:128:21:static std::size_t std::_Deque_iterator<_Tp, _Ref, _Ptr>::_S_buffer_size() [with _Tp = unsigned char; _Ref = unsigned char&; _Ptr = unsigned char*]	8	static
deque.tcc:917:5:void std::deque<_Tp, _Alloc>::_M_reallocate_map(std::deque<_Tp, _Alloc>::size_type, bool) [with _Tp = float; _Alloc = std::allocator<float>]	56	static
alloc_traits.h:435:7:static _Tp* std::allocator_traits<std::allocator<_Tp1> >::allocate(std::allocator_traits<std::allocator<_Tp1> >::allocator_type&, std::allocator_traits<std::allocator<_Tp1> >::size_type) [with _Tp = float]	16	static
stl_deque.h:128:21:static std::size_t std::_Deque_iterator<_Tp, _Ref, _Ptr>::_S_buffer_size() [with _Tp = float; _Ref = float&; _Ptr = float*]	8	static
alloc_traits.h:435:7:static _Tp* std::allocator_traits<std::allocator<_Tp1> >::allocate(std::allocator_traits<std::allocator<_Tp1> >::allocator_type&, std::allocator_traits<std::allocator<_Tp1> >::size_type) [with _Tp = unsigned char*]	16	static
new_allocator.h:116:7:void __gnu_cxx::new_allocator<_Tp>::deallocate(__gnu_cxx::new_allocator<_Tp>::pointer, __gnu_cxx::new_allocator<_Tp>::size_type) [with _Tp = unsigned char]	24	static
new_allocator.h:79:7:__gnu_cxx::new_allocator<_Tp>::new_allocator() [with _Tp = unsigned char*]	16	static
alloc_traits.h:435:7:static _Tp* std::allocator_traits<std::allocator<_Tp1> >::allocate(std::allocator_traits<std::allocator<_Tp1> >::allocator_type&, std::allocator_traits<std::allocator<_Tp1> >::size_type) [with _Tp = float*]	16	static
new_allocator.h:116:7:void __gnu_cxx::new_allocator<_Tp>::deallocate(__gnu_cxx::new_allocator<_Tp>::pointer, __gnu_cxx::new_allocator<_Tp>::size_type) [with _Tp = float]	24	static
new_allocator.h:79:7:__gnu_cxx::new_allocator<_Tp>::new_allocator() [with _Tp = float*]	16	static
stl_algobase.h:446:5:_OI std::copy(_II, _II, _OI) [with _II = unsigned char**; _OI = unsigned char**]	32	static
stl_algobase.h:622:5:_BI2 std::copy_backward(_BI1, _BI1, _BI2) [with _BI1 = unsigned char**; _BI2 = unsigned char**]	32	static
new_allocator.h:99:7:_Tp* __gnu_cxx::new_allocator<_Tp>::allocate(__gnu_cxx::new_allocator<_Tp>::size_type, const void*) [with _Tp = unsigned char]	24	static
stl_algobase.h:446:5:_OI std::copy(_II, _II, _OI) [with _II = float**; _OI = float**]	32	static
stl_algobase.h:622:5:_BI2 std::copy_backward(_BI1, _BI1, _BI2) [with _BI1 = float**; _BI2 = float**]	32	static
new_allocator.h:99:7:_Tp* __gnu_cxx::new_allocator<_Tp>::allocate(__gnu_cxx::new_allocator<_Tp>::size_type, const void*) [with _Tp = float]	24	static
new_allocator.h:99:7:_Tp* __gnu_cxx::new_allocator<_Tp>::allocate(__gnu_cxx::new_allocator<_Tp>::size_type, const void*) [with _Tp = unsigned char*]	24	static
new_allocator.h:99:7:_Tp* __gnu_cxx::new_allocator<_Tp>::allocate(__gnu_cxx::new_allocator<_Tp>::size_type, const void*) [with _Tp = float*]	24	static
cpp_type_traits.h:408:5:_Iterator std::__miter_base(_Iterator) [with _Iterator = unsigned char**]	16	static
stl_algobase.h:420:5:_OI std::__copy_move_a2(_II, _II, _OI) [with bool _IsMove = false; _II = unsigned char**; _OI = unsigned char**]	32	static
stl_algobase.h:595:5:_BI2 std::__copy_move_backward_a2(_BI1, _BI1, _BI2) [with bool _IsMove = false; _BI1 = unsigned char**; _BI2 = unsigned char**]	32	static
new_allocator.h:129:7:__gnu_cxx::new_allocator<_Tp>::size_type __gnu_cxx::new_allocator<_Tp>::max_size() const [with _Tp = unsigned char]	16	static
cpp_type_traits.h:408:5:_Iterator std::__miter_base(_Iterator) [with _Iterator = float**]	16	static
stl_algobase.h:420:5:_OI std::__copy_move_a2(_II, _II, _OI) [with bool _IsMove = false; _II = float**; _OI = float**]	32	static
stl_algobase.h:595:5:_BI2 std::__copy_move_backward_a2(_BI1, _BI1, _BI2) [with bool _IsMove = false; _BI1 = float**; _BI2 = float**]	32	static
new_allocator.h:129:7:__gnu_cxx::new_allocator<_Tp>::size_type __gnu_cxx::new_allocator<_Tp>::max_size() const [with _Tp = float]	16	static
new_allocator.h:129:7:__gnu_cxx::new_allocator<_Tp>::size_type __gnu_cxx::new_allocator<_Tp>::max_size() const [with _Tp = unsigned char*]	16	static
new_allocator.h:129:7:__gnu_cxx::new_allocator<_Tp>::size_type __gnu_cxx::new_allocator<_Tp>::max_size() const [with _Tp = float*]	16	static
stl_algobase.h:277:5:_Iterator std::__niter_base(_Iterator) [with _Iterator = unsigned char**]	16	static
stl_algobase.h:375:5:_OI std::__copy_move_a(_II, _II, _OI) [with bool _IsMove = false; _II = unsigned char**; _OI = unsigned char**]	32	static
stl_algobase.h:577:5:_BI2 std::__copy_move_backward_a(_BI1, _BI1, _BI2) [with bool _IsMove = false; _BI1 = unsigned char**; _BI2 = unsigned char**]	32	static
stl_algobase.h:277:5:_Iterator std::__niter_base(_Iterator) [with _Iterator = float**]	16	static
stl_algobase.h:375:5:_OI std::__copy_move_a(_II, _II, _OI) [with bool _IsMove = false; _II = float**; _OI = float**]	32	static
stl_algobase.h:577:5:_BI2 std::__copy_move_backward_a(_BI1, _BI1, _BI2) [with bool _IsMove = false; _BI1 = float**; _BI2 = float**]	32	static
stl_algobase.h:357:9:static _Tp* std::__copy_move<_IsMove, true, std::random_access_iterator_tag>::__copy_m(const _Tp*, const _Tp*, _Tp*) [with _Tp = unsigned char*; bool _IsMove = false]	32	static
stl_algobase.h:559:9:static _Tp* std::__copy_move_backward<_IsMove, true, std::random_access_iterator_tag>::__copy_move_b(const _Tp*, const _Tp*, _Tp*) [with _Tp = unsigned char*; bool _IsMove = false]	32	static
stl_algobase.h:357:9:static _Tp* std::__copy_move<_IsMove, true, std::random_access_iterator_tag>::__copy_m(const _Tp*, const _Tp*, _Tp*) [with _Tp = float*; bool _IsMove = false]	32	static
stl_algobase.h:559:9:static _Tp* std::__copy_move_backward<_IsMove, true, std::random_access_iterator_tag>::__copy_move_b(const _Tp*, const _Tp*, _Tp*) [with _Tp = float*; bool _IsMove = false]	32	static
