CAN.hpp:24:2:CanBus::CanBus(long unsigned int, long unsigned int)	24	static
RotaryEncoder.hpp:22:2:Encoder::Encoder(CanBus*, unsigned char)	24	static
Motor.hpp:19:2:Motor::Motor(CanBus*, short unsigned int)	24	static
Aircylinder.hpp:20:2:Aircylinder::Aircylinder(CanBus*, unsigned char)	24	static
Servo.hpp:19:2:Servo::Servo(CanBus*, short unsigned int)	24	static
localization.hpp:30:3:localization::localization(CanBus*, CanBus*)	24	static
Sensor.hpp:17:2:Sensor::Sensor(CanBus*, int)	24	static
PS3class.hpp:21:2:PS3controller::PS3controller(CanBus*)	16	static
LowlayerHandel.hpp:42:2:LowlayerHandelTypedef::LowlayerHandelTypedef()	16	static
TimerInterruptCallback.hpp:19:2:Timer1::Timer1(TIM_HandleTypeDef*, float)	32	static
TimerInterruptCallback.hpp:39:7:void Timer1::Start()	16	static
LCD.h:28:6:void LCD_RW(char)	16	static
LCD.h:33:6:void LCD_E(char)	16	static
LCD.h:42:6:void LCD_RS(char)	16	static
LCD.h:51:6:void LCD_OUT(int)	24	static
LCD.h:64:6:void lcd_write8(char, char)	16	static
LCD.h:75:6:void lcd_write(char, char)	16	static
LCD.h:89:6:void LcdCls()	8	static
LCD.h:94:6:void LcdDisplayMode(char, char, char)	24	static
LCD.h:103:6:void LcdInit()	8	static
LCD.h:132:6:void LcdPutc(char)	16	static
LCD.h:137:6:void LcdPuts(char*)	16	static
LCD.h:145:6:void LcdXy(char, char)	24	static
main.cpp:52:6:void HAL_Delay_s(int)	16	static
main.cpp:82:5:int main()	840	static
main.cpp:154:6:void SystemClock_Config()	88	static
main.cpp:201:6:void Error_Handler()	4	static
