CAN.hpp:29:2:CanBus::CanBus(long unsigned int, long unsigned int)	24	static
RotaryEncoder.hpp:24:2:Encoder::Encoder(CanBus*, int, unsigned char)	24	static
Motor.hpp:21:2:Motor::Motor(CanBus*, short unsigned int)	24	static
Aircylinder.hpp:21:2:Aircylinder::Aircylinder(CanBus*, unsigned char)	24	static
Servo.hpp:20:2:Servo::Servo(CanBus*, short unsigned int)	24	static
localization.hpp:32:3:localization::localization(CanBus*, CanBus*)	24	static
Sensor.hpp:18:2:Sensor::Sensor(CanBus*, int)	24	static
Sensor.hpp:37:2:MicroSw::MicroSw(CanBus*, int, int)	24	static
PS3class.hpp:23:2:PS3controller::PS3controller(CanBus*)	16	static
Buzzer.h:20:2:Buzzer::Buzzer(TIM_HandleTypeDef*)	16	static
LowlayerHandel.hpp:41:7:void LowlayerHandelTypedef::PowerOn()	16	static
LowlayerHandel.hpp:60:2:LowlayerHandelTypedef::LowlayerHandelTypedef()	16	static
TimerInterruptCallback.hpp:19:2:Timer1::Timer1(TIM_HandleTypeDef*)	16	static
TimerInterruptCallback.hpp:23:7:void Timer1::SetLoopTime(float)	24	static
TimerInterruptCallback.hpp:45:7:void Timer1::Start()	16	static
main.cpp:79:5:int main()	920	static
main.cpp:183:6:void SystemClock_Config()	88	static
main.cpp:230:6:void Error_Handler()	8	static
