LCD.h:75:6:void lcd_write(char, char)	24	static
LCD.h:75:6:void lcd_write(char, char)	24	static
LCD.h:28:6:void LCD_RW(char)	0	static
LCD.h:33:6:void LCD_E(char)	0	static
LCD.h:42:6:void LCD_RS(char)	0	static
LCD.h:51:6:void LCD_OUT(int)	16	static
LCD.h:64:6:void lcd_write8(char, char)	8	static
LCD.h:75:6:void lcd_write(char, char)	16	static
LCD.h:89:6:void LcdCls()	0	static
LCD.h:94:6:void LcdDisplayMode(char, char, char)	8	static
LCD.h:103:6:void LcdInit()	16	static
LCD.h:132:6:void LcdPutc(char)	0	static
LCD.h:137:6:void LcdPuts(char*)	24	static
LCD.h:145:6:void LcdXy(char, char)	8	static
Buzzer.h:11:6:void SetFrequency(long int)	24	static
Buzzer.h:43:6:long int map(float, long int, long int, long int, long int)	0	static
main.cpp:171:6:void SystemClock_Config()	104	static
main.cpp:80:5:int main()	792	static
main.cpp:218:6:void Error_Handler()	24	static
