CAN.hpp:28:2:CanBus::CanBus(long unsigned int, long unsigned int)	24	static
RotaryEncoder.hpp:24:2:Encoder::Encoder(CanBus*, int, unsigned char)	24	static
Motor.hpp:22:2:Motor::Motor(CanBus*, short unsigned int, short unsigned int)	24	static
Aircylinder.hpp:21:2:Aircylinder::Aircylinder(CanBus*, unsigned char)	24	static
localization.hpp:30:3:localization::localization(CanBus*, CanBus*)	24	static
MotorSystemClass.hpp:30:2:MotorSystem::MotorSystem(CanBus*, short unsigned int)	24	static
Sensor.hpp:18:2:Sensor::Sensor(CanBus*, int)	24	static
Sensor.hpp:37:2:MicroSw::MicroSw(CanBus*, int, int)	24	static
SteppingMotor.hpp:21:2:SteppingMotor::SteppingMotor(CanBus*, int)	24	static
LowlayerHandel.hpp:46:2:LowlayerHandelTypedef::LowlayerHandelTypedef()	16	static
TimerInterruptCallback.hpp:19:2:Timer1::Timer1(TIM_HandleTypeDef*)	16	static
stl_deque.h:91:3:constexpr std::size_t std::__deque_buf_size(std::size_t)	16	static
Application.hpp:77:2:Application::Application(LowlayerHandelTypedef*)	16	static
main.cpp:81:5:int main()	1184	static
main.cpp:141:6:void SystemClock_Config()	88	static
main.cpp:195:6:void Error_Handler()	8	static
stl_queue.h:152:2:std::queue<_Tp, _Sequence>::queue() [with _Seq = std::deque<unsigned char, std::allocator<unsigned char> >; _Requires = void; _Tp = unsigned char; _Sequence = std::deque<unsigned char, std::allocator<unsigned char> >]	16	static
stl_queue.h:152:2:std::queue<_Tp, _Sequence>::queue() [with _Seq = std::deque<float, std::allocator<float> >; _Requires = void; _Tp = float; _Sequence = std::deque<float, std::allocator<float> >]	16	static
stl_deque.h:888:7:std::deque<_Tp, _Alloc>::deque() [with _Tp = unsigned char; _Alloc = std::allocator<unsigned char>]	16	static
stl_deque.h:888:7:std::deque<_Tp, _Alloc>::deque() [with _Tp = float; _Alloc = std::allocator<float>]	16	static
stl_deque.h:490:7:std::_Deque_base<_Tp, _Alloc>::_Deque_base() [with _Tp = unsigned char; _Alloc = std::allocator<unsigned char>]	16	static
stl_deque.h:490:7:std::_Deque_base<_Tp, _Alloc>::_Deque_base() [with _Tp = float; _Alloc = std::allocator<float>]	16	static
stl_deque.h:557:2:std::_Deque_base<_Tp, _Alloc>::_Deque_impl::_Deque_impl() [with _Tp = unsigned char; _Alloc = std::allocator<unsigned char>]	16	static
stl_deque.h:681:5:void std::_Deque_base<_Tp, _Alloc>::_M_initialize_map(std::size_t) [with _Tp = unsigned char; _Alloc = std::allocator<unsigned char>]	48	static
stl_deque.h:595:7:std::_Deque_base<_Tp, _Alloc>::_Map_alloc_type std::_Deque_base<_Tp, _Alloc>::_M_get_map_allocator() const [with _Tp = unsigned char; _Alloc = std::allocator<unsigned char>]	16	static
allocator.h:139:7:std::allocator< <template-parameter-1-1> >::~allocator() [with _Tp = unsigned char*]	16	static
stl_deque.h:557:2:std::_Deque_base<_Tp, _Alloc>::_Deque_impl::_Deque_impl() [with _Tp = float; _Alloc = std::allocator<float>]	16	static
stl_deque.h:681:5:void std::_Deque_base<_Tp, _Alloc>::_M_initialize_map(std::size_t) [with _Tp = float; _Alloc = std::allocator<float>]	48	static
stl_deque.h:595:7:std::_Deque_base<_Tp, _Alloc>::_Map_alloc_type std::_Deque_base<_Tp, _Alloc>::_M_get_map_allocator() const [with _Tp = float; _Alloc = std::allocator<float>]	16	static
allocator.h:139:7:std::allocator< <template-parameter-1-1> >::~allocator() [with _Tp = float*]	16	static
allocator.h:131:7:std::allocator< <template-parameter-1-1> >::allocator() [with _Tp = unsigned char]	16	static
stl_deque.h:148:7:std::_Deque_iterator<_Tp, _Ref, _Ptr>::_Deque_iterator() [with _Tp = unsigned char; _Ref = unsigned char&; _Ptr = unsigned char*]	16	static
stl_algobase.h:219:5:const _Tp& std::max(const _Tp&, const _Tp&) [with _Tp = unsigned int]	16	static
stl_deque.h:613:7:std::_Deque_base<_Tp, _Alloc>::_Map_pointer std::_Deque_base<_Tp, _Alloc>::_M_allocate_map(std::size_t) [with _Tp = unsigned char; _Alloc = std::allocator<unsigned char>]	32	static
stl_deque.h:720:5:void std::_Deque_base<_Tp, _Alloc>::_M_create_nodes(std::_Deque_base<_Tp, _Alloc>::_Map_pointer, std::_Deque_base<_Tp, _Alloc>::_Map_pointer) [with _Tp = unsigned char; _Alloc = std::allocator<unsigned char>]	32	static
stl_deque.h:254:7:void std::_Deque_iterator<_Tp, _Ref, _Ptr>::_M_set_node(std::_Deque_iterator<_Tp, _Ref, _Ptr>::_Map_pointer) [with _Tp = unsigned char; _Ref = unsigned char&; _Ptr = unsigned char*]	24	static
stl_deque.h:591:7:const _Tp_alloc_type& std::_Deque_base<_Tp, _Alloc>::_M_get_Tp_allocator() const [with _Tp = unsigned char; _Alloc = std::allocator<unsigned char>]	16	static
allocator.h:137:2:std::allocator< <template-parameter-1-1> >::allocator(const std::allocator<_Tp1>&) [with _Tp1 = unsigned char; _Tp = unsigned char*]	16	static
new_allocator.h:86:7:__gnu_cxx::new_allocator<_Tp>::~new_allocator() [with _Tp = unsigned char*]	16	static
allocator.h:131:7:std::allocator< <template-parameter-1-1> >::allocator() [with _Tp = float]	16	static
stl_deque.h:148:7:std::_Deque_iterator<_Tp, _Ref, _Ptr>::_Deque_iterator() [with _Tp = float; _Ref = float&; _Ptr = float*]	16	static
stl_deque.h:613:7:std::_Deque_base<_Tp, _Alloc>::_Map_pointer std::_Deque_base<_Tp, _Alloc>::_M_allocate_map(std::size_t) [with _Tp = float; _Alloc = std::allocator<float>]	32	static
stl_deque.h:720:5:void std::_Deque_base<_Tp, _Alloc>::_M_create_nodes(std::_Deque_base<_Tp, _Alloc>::_Map_pointer, std::_Deque_base<_Tp, _Alloc>::_Map_pointer) [with _Tp = float; _Alloc = std::allocator<float>]	32	static
stl_deque.h:254:7:void std::_Deque_iterator<_Tp, _Ref, _Ptr>::_M_set_node(std::_Deque_iterator<_Tp, _Ref, _Ptr>::_Map_pointer) [with _Tp = float; _Ref = float&; _Ptr = float*]	24	static
stl_deque.h:591:7:const _Tp_alloc_type& std::_Deque_base<_Tp, _Alloc>::_M_get_Tp_allocator() const [with _Tp = float; _Alloc = std::allocator<float>]	16	static
allocator.h:137:2:std::allocator< <template-parameter-1-1> >::allocator(const std::allocator<_Tp1>&) [with _Tp1 = float; _Tp = float*]	16	static
new_allocator.h:86:7:__gnu_cxx::new_allocator<_Tp>::~new_allocator() [with _Tp = float*]	16	static
new_allocator.h:79:7:__gnu_cxx::new_allocator<_Tp>::new_allocator() [with _Tp = unsigned char]	16	static
alloc_traits.h:435:7:static _Tp* std::allocator_traits<std::allocator<_Tp1> >::allocate(std::allocator_traits<std::allocator<_Tp1> >::allocator_type&, std::allocator_traits<std::allocator<_Tp1> >::size_type) [with _Tp = unsigned char*]	16	static
stl_deque.h:599:7:std::_Deque_base<_Tp, _Alloc>::_Ptr std::_Deque_base<_Tp, _Alloc>::_M_allocate_node() [with _Tp = unsigned char; _Alloc = std::allocator<unsigned char>]	24	static
stl_deque.h:128:21:static std::size_t std::_Deque_iterator<_Tp, _Ref, _Ptr>::_S_buffer_size() [with _Tp = unsigned char; _Ref = unsigned char&; _Ptr = unsigned char*]	8	static
new_allocator.h:79:7:__gnu_cxx::new_allocator<_Tp>::new_allocator() [with _Tp = unsigned char*]	16	static
new_allocator.h:79:7:__gnu_cxx::new_allocator<_Tp>::new_allocator() [with _Tp = float]	16	static
alloc_traits.h:435:7:static _Tp* std::allocator_traits<std::allocator<_Tp1> >::allocate(std::allocator_traits<std::allocator<_Tp1> >::allocator_type&, std::allocator_traits<std::allocator<_Tp1> >::size_type) [with _Tp = float*]	16	static
stl_deque.h:599:7:std::_Deque_base<_Tp, _Alloc>::_Ptr std::_Deque_base<_Tp, _Alloc>::_M_allocate_node() [with _Tp = float; _Alloc = std::allocator<float>]	24	static
stl_deque.h:128:21:static std::size_t std::_Deque_iterator<_Tp, _Ref, _Ptr>::_S_buffer_size() [with _Tp = float; _Ref = float&; _Ptr = float*]	8	static
new_allocator.h:79:7:__gnu_cxx::new_allocator<_Tp>::new_allocator() [with _Tp = float*]	16	static
new_allocator.h:99:7:_Tp* __gnu_cxx::new_allocator<_Tp>::allocate(__gnu_cxx::new_allocator<_Tp>::size_type, const void*) [with _Tp = unsigned char*]	24	static
alloc_traits.h:435:7:static _Tp* std::allocator_traits<std::allocator<_Tp1> >::allocate(std::allocator_traits<std::allocator<_Tp1> >::allocator_type&, std::allocator_traits<std::allocator<_Tp1> >::size_type) [with _Tp = unsigned char]	16	static
new_allocator.h:99:7:_Tp* __gnu_cxx::new_allocator<_Tp>::allocate(__gnu_cxx::new_allocator<_Tp>::size_type, const void*) [with _Tp = float*]	24	static
alloc_traits.h:435:7:static _Tp* std::allocator_traits<std::allocator<_Tp1> >::allocate(std::allocator_traits<std::allocator<_Tp1> >::allocator_type&, std::allocator_traits<std::allocator<_Tp1> >::size_type) [with _Tp = float]	16	static
new_allocator.h:129:7:__gnu_cxx::new_allocator<_Tp>::size_type __gnu_cxx::new_allocator<_Tp>::max_size() const [with _Tp = unsigned char*]	16	static
new_allocator.h:99:7:_Tp* __gnu_cxx::new_allocator<_Tp>::allocate(__gnu_cxx::new_allocator<_Tp>::size_type, const void*) [with _Tp = unsigned char]	24	static
new_allocator.h:129:7:__gnu_cxx::new_allocator<_Tp>::size_type __gnu_cxx::new_allocator<_Tp>::max_size() const [with _Tp = float*]	16	static
new_allocator.h:99:7:_Tp* __gnu_cxx::new_allocator<_Tp>::allocate(__gnu_cxx::new_allocator<_Tp>::size_type, const void*) [with _Tp = float]	24	static
new_allocator.h:129:7:__gnu_cxx::new_allocator<_Tp>::size_type __gnu_cxx::new_allocator<_Tp>::max_size() const [with _Tp = unsigned char]	16	static
new_allocator.h:129:7:__gnu_cxx::new_allocator<_Tp>::size_type __gnu_cxx::new_allocator<_Tp>::max_size() const [with _Tp = float]	16	static
