CAN.hpp:30:2:CanBus::CanBus(long unsigned int, long unsigned int)	24	static
RotaryEncoder.hpp:25:2:Encoder::Encoder(CanBus*, int, unsigned char)	24	static
Motor.hpp:22:2:Motor::Motor(CanBus*, short unsigned int, short unsigned int)	24	static
Aircylinder.hpp:22:2:Aircylinder::Aircylinder(CanBus*, unsigned char)	24	static
localization.hpp:30:3:localization::localization(CanBus*, CanBus*)	24	static
MotorSystemClass.hpp:30:2:MotorSystem::MotorSystem(CanBus*, short unsigned int)	24	static
Sensor.hpp:19:2:Sensor::Sensor(CanBus*, int)	24	static
Sensor.hpp:39:2:MicroSw::MicroSw(CanBus*, int, int)	24	static
SteppingMotor.hpp:21:2:SteppingMotor::SteppingMotor(CanBus*, int)	24	static
LowlayerHandel.hpp:46:2:LowlayerHandelTypedef::LowlayerHandelTypedef()	16	static
TimerInterruptCallback.hpp:17:2:Timer1::Timer1(TIM_HandleTypeDef*)	16	static
TimerInterruptCallback.hpp:20:7:void Timer1::SetLoopTime(float)	24	static
TimerInterruptCallback.hpp:41:7:void Timer1::Start()	16	static
main.cpp:80:5:int main()	1248	static
main.cpp:140:6:void SystemClock_Config()	88	static
main.cpp:192:6:void Error_Handler()	8	static
